Archive member included to satisfy reference by file (symbol)

libdrivers.a(HDMI.c.o)        CMakeFiles/murmsnes.dir/src/main.c.o (graphics_set_buffer)
libdrivers.a(psram_init.c.o)  CMakeFiles/murmsnes.dir/src/main.c.o (psram_init)
libdrivers.a(psram_allocator.c.o)
                              CMakeFiles/murmsnes.dir/src/main.c.o (psram_malloc)
libdrivers.a(audio.c.o)       CMakeFiles/murmsnes.dir/src/main.c.o (audio_init)
/Applications/ArmGNUToolchain/14.3.rel1/arm-none-eabi/bin/../lib/gcc/arm-none-eabi/14.3.1/../../../../arm-none-eabi/lib/thumb/v8-m.main+fp/softfp/libm.a(libm_a-wf_sqrt.o)
                              CMakeFiles/murmsnes.dir/Users/A2506402/pico/pico-sdk/src/rp2_common/pico_float/float_math.c.o (sqrtf)
/Applications/ArmGNUToolchain/14.3.rel1/arm-none-eabi/bin/../lib/gcc/arm-none-eabi/14.3.1/../../../../arm-none-eabi/lib/thumb/v8-m.main+fp/softfp/libm.a(libm_a-ef_sqrt.o)
                              /Applications/ArmGNUToolchain/14.3.rel1/arm-none-eabi/bin/../lib/gcc/arm-none-eabi/14.3.1/../../../../arm-none-eabi/lib/thumb/v8-m.main+fp/softfp/libm.a(libm_a-wf_sqrt.o) (__ieee754_sqrtf)
/Applications/ArmGNUToolchain/14.3.rel1/arm-none-eabi/bin/../lib/gcc/arm-none-eabi/14.3.1/thumb/v8-m.main+fp/softfp/libgcc.a(_arm_addsubdf3.o)
                              CMakeFiles/murmsnes.dir/Users/A2506402/pico/pico-sdk/src/rp2_common/pico_float/float_math.c.o (__aeabi_f2d)
/Applications/ArmGNUToolchain/14.3.rel1/arm-none-eabi/bin/../lib/gcc/arm-none-eabi/14.3.1/thumb/v8-m.main+fp/softfp/libgcc.a(_aeabi_ldivmod.o)
                              CMakeFiles/murmsnes.dir/src/snes9x/soundux.c.o (__aeabi_ldivmod)
/Applications/ArmGNUToolchain/14.3.rel1/arm-none-eabi/bin/../lib/gcc/arm-none-eabi/14.3.1/thumb/v8-m.main+fp/softfp/libgcc.a(_aeabi_uldivmod.o)
                              CMakeFiles/murmsnes.dir/Users/A2506402/pico/pico-sdk/src/rp2_common/hardware_clocks/clocks.c.o (__aeabi_uldivmod)
/Applications/ArmGNUToolchain/14.3.rel1/arm-none-eabi/bin/../lib/gcc/arm-none-eabi/14.3.1/thumb/v8-m.main+fp/softfp/libgcc.a(_udivmoddi4.o)
                              /Applications/ArmGNUToolchain/14.3.rel1/arm-none-eabi/bin/../lib/gcc/arm-none-eabi/14.3.1/thumb/v8-m.main+fp/softfp/libgcc.a(_aeabi_ldivmod.o) (__udivmoddi4)
/Applications/ArmGNUToolchain/14.3.rel1/arm-none-eabi/bin/../lib/gcc/arm-none-eabi/14.3.1/thumb/v8-m.main+fp/softfp/libgcc.a(_dvmd_tls.o)
                              /Applications/ArmGNUToolchain/14.3.rel1/arm-none-eabi/bin/../lib/gcc/arm-none-eabi/14.3.1/thumb/v8-m.main+fp/softfp/libgcc.a(_aeabi_ldivmod.o) (__aeabi_ldiv0)
/Applications/ArmGNUToolchain/14.3.rel1/arm-none-eabi/bin/../lib/gcc/arm-none-eabi/14.3.1/../../../../arm-none-eabi/lib/thumb/v8-m.main+fp/softfp/libg.a(libc_a-calloc.o)
                              CMakeFiles/murmsnes.dir/Users/A2506402/pico/pico-sdk/src/rp2_common/pico_malloc/malloc.c.o (calloc)
/Applications/ArmGNUToolchain/14.3.rel1/arm-none-eabi/bin/../lib/gcc/arm-none-eabi/14.3.1/../../../../arm-none-eabi/lib/thumb/v8-m.main+fp/softfp/libg.a(libc_a-callocr.o)
                              /Applications/ArmGNUToolchain/14.3.rel1/arm-none-eabi/bin/../lib/gcc/arm-none-eabi/14.3.1/../../../../arm-none-eabi/lib/thumb/v8-m.main+fp/softfp/libg.a(libc_a-calloc.o) (_calloc_r)
/Applications/ArmGNUToolchain/14.3.rel1/arm-none-eabi/bin/../lib/gcc/arm-none-eabi/14.3.1/../../../../arm-none-eabi/lib/thumb/v8-m.main+fp/softfp/libg.a(libc_a-qsort.o)
                              CMakeFiles/murmsnes.dir/src/snes9x/clip.c.o (qsort)
/Applications/ArmGNUToolchain/14.3.rel1/arm-none-eabi/bin/../lib/gcc/arm-none-eabi/14.3.1/../../../../arm-none-eabi/lib/thumb/v8-m.main+fp/softfp/libg.a(libc_a-malloc.o)
                              CMakeFiles/murmsnes.dir/Users/A2506402/pico/pico-sdk/src/rp2_common/pico_malloc/malloc.c.o (malloc)
/Applications/ArmGNUToolchain/14.3.rel1/arm-none-eabi/bin/../lib/gcc/arm-none-eabi/14.3.1/../../../../arm-none-eabi/lib/thumb/v8-m.main+fp/softfp/libg.a(libc_a-mallocr.o)
                              /Applications/ArmGNUToolchain/14.3.rel1/arm-none-eabi/bin/../lib/gcc/arm-none-eabi/14.3.1/../../../../arm-none-eabi/lib/thumb/v8-m.main+fp/softfp/libg.a(libc_a-callocr.o) (_malloc_r)
/Applications/ArmGNUToolchain/14.3.rel1/arm-none-eabi/bin/../lib/gcc/arm-none-eabi/14.3.1/../../../../arm-none-eabi/lib/thumb/v8-m.main+fp/softfp/libg.a(libc_a-fseek.o)
                              CMakeFiles/murmsnes.dir/src/snes9x/memmap.c.o (fseek)
/Applications/ArmGNUToolchain/14.3.rel1/arm-none-eabi/bin/../lib/gcc/arm-none-eabi/14.3.1/../../../../arm-none-eabi/lib/thumb/v8-m.main+fp/softfp/libg.a(libc_a-ftell.o)
                              CMakeFiles/murmsnes.dir/src/snes9x/memmap.c.o (ftell)
/Applications/ArmGNUToolchain/14.3.rel1/arm-none-eabi/bin/../lib/gcc/arm-none-eabi/14.3.1/../../../../arm-none-eabi/lib/thumb/v8-m.main+fp/softfp/libg.a(libc_a-mlock.o)
[...]
Memory Configuration

Name             Origin             Length             Attributes
FLASH            0x10000000         0x00400000         xr
RAM              0x20000000         0x00080000         xrw
SCRATCH_X        0x20080000         0x00001000         xrw
SCRATCH_Y        0x20081000         0x00001000         xrw
*default*        0x00000000         0xffffffff

Linker script and memory map

LOAD /Applications/ArmGNUToolchain/14.3.rel1/arm-none-eabi/bin/../lib/gcc/arm-none-eabi/14.3.1/thumb/v8-m.main+fp/softfp/crti.o
LOAD /Applications/ArmGNUToolchain/14.3.rel1/arm-none-eabi/bin/../lib/gcc/arm-none-eabi/14.3.1/thumb/v8-m.main+fp/softfp/crtbegin.o
LOAD /Applications/ArmGNUToolchain/14.3.rel1/arm-none-eabi/bin/../lib/gcc/arm-none-eabi/14.3.1/../../../../arm-none-eabi/lib/thumb/v8-m.main+fp/softfp/crt0.o

.flash_begin    0x10000000        0x0
                0x10000000                        __flash_binary_start = .

.text           0x10000000    0x47ac0
                0x10000000                        __logical_binary_start = .
 *(.vectors)
 .vectors       0x10000000      0x124 CMakeFiles/murmsnes.dir/Users/A2506402/pico/pico-sdk/src/rp2_common/pico_crt0/crt0.S.o
                0x10000000                __VECTOR_TABLE
                0x10000000                __vectors
                0x10000110                __unhandled_user_irq
                0x10000110                isr_irq49
                0x10000110                isr_irq13
                0x10000110                isr_irq43
                0x10000110                isr_irq45
                0x10000110                isr_irq27
                0x10000110                isr_irq32
                0x10000110                isr_irq31
                0x10000110                isr_irq5
                0x10000110                isr_irq11
                0x10000110                isr_irq23
                0x10000110                isr_usagefault
                0x10000110                isr_irq48
                0x10000110                isr_irq35
                0x10000110                isr_irq18
                0x10000110                isr_irq50
                0x10000110                isr_irq9
                0x10000110                isr_irq30
                0x10000110                isr_irq16
                0x10000110                isr_irq44
                0x10000110                isr_irq29
                0x10000110                isr_irq26
                0x10000110                isr_irq33
                0x10000110                isr_irq3
                0x10000110                isr_irq12
                0x10000110                isr_securefault
                0x10000110                isr_irq40
                0x10000110                isr_irq28
                0x10000110                isr_irq19
                0x10000110                isr_irq36
                0x10000110                isr_irq41
                0x10000110                isr_irq0
                0x10000110                isr_irq6
                0x10000110                isr_memmanage
                0x10000110                isr_irq37
                0x10000110                isr_irq42
                0x10000110                isr_irq22
                0x10000110                isr_irq17
                0x10000110                isr_irq38
                0x10000110                isr_irq14
                0x10000110                __vectors_end
                0x10000110                __default_isrs_start
                0x10000110                isr_irq2
                0x10000110                isr_irq10
                0x10000110                isr_irq8
                0x10000110                isr_debugmonitor
                0x10000110                isr_irq24
                0x10000110                isr_irq46
                0x10000110                isr_irq1
                0x10000110                isr_irq47
                0x10000110                isr_irq51
                0x10000110                isr_irq7
                0x10000110                isr_irq21
                0x10000110                isr_irq39
                0x10000110                isr_irq20
                0x10000110                isr_irq15
                0x10000110                isr_irq25
                0x10000110                isr_irq34
                0x10000110                isr_irq4
                0x10000110                isr_busfault
                0x10000116                unhandled_user_irq_num_in_r0
                0x10000118                isr_invalid
                0x1000011a                isr_nmi
                0x1000011c                isr_hardfault
                0x1000011e                isr_svcall
                0x10000120                isr_pendsv
                0x10000122                isr_systick
                0x10000124                __default_isrs_end
 *(.binary_info_header)
 .binary_info_header
                0x10000124       0x14 CMakeFiles/murmsnes.dir/Users/A2506402/pico/pico-sdk/src/rp2_common/pico_crt0/crt0.S.o
                0x10000138                        __binary_info_header_end = .
 *(.embedded_block)
 .embedded_block
                0x10000138       0x14 CMakeFiles/murmsnes.dir/Users/A2506402/pico/pico-sdk/src/rp2_common/pico_crt0/crt0.S.o
                0x1000014c                        __embedded_block_end = .
 *(.reset)
 .reset         0x1000014c       0x98 CMakeFiles/murmsnes.dir/Users/A2506402/pico/pico-sdk/src/rp2_common/pico_crt0/crt0.S.o
                0x1000014c                _entry_point
 *(.init)
 .init          0x100001e4        0x4 /Applications/ArmGNUToolchain/14.3.rel1/arm-none-eabi/bin/../lib/gcc/arm-none-eabi/14.3.1/thumb/v8-m.main+fp/softfp/crti.o
                0x100001e4                _init
 SORT_BY_NAME(REVERSE(*libgcc.a:cmse_nonsecure_call.o))()
 *(EXCLUDE_FILE(*libm.a: *libc.a:*lib_a-mem*.o *libgcc.a:) .text*)
 .text.register_tm_clones
                0x100001e8       0x28 /Applications/ArmGNUToolchain/14.3.rel1/arm-none-eabi/bin/../lib/gcc/arm-none-eabi/14.3.1/thumb/v8-m.main+fp/softfp/crtbegin.o
 .text.frame_dummy
                0x10000210       0x24 /Applications/ArmGNUToolchain/14.3.rel1/arm-none-eabi/bin/../lib/gcc/arm-none-eabi/14.3.1/thumb/v8-m.main+fp/softfp/crtbegin.o
 .text.set_sys_clock_khz
                0x10000234       0x38 CMakeFiles/murmsnes.dir/src/main.c.o
 .text.load_rom_from_sd
                0x1000026c       0xfc CMakeFiles/murmsnes.dir/src/main.c.o
 .text.S9xReadJoypad
                0x10000368        0x4 CMakeFiles/murmsnes.dir/src/main.c.o
                0x10000368                S9xReadJoypad
 .text.S9xReadMousePosition
                0x1000036c        0x4 CMakeFiles/murmsnes.dir/src/main.c.o
                0x1000036c                S9xReadMousePosition
 .text.S9xReadSuperScopePosition
                0x10000370        0x4 CMakeFiles/murmsnes.dir/src/main.c.o
                0x10000370                S9xReadSuperScopePosition
 .text.JustifierOffscreen
                0x10000374        0x4 CMakeFiles/murmsnes.dir/src/main.c.o
                0x10000374                JustifierOffscreen
 .text.JustifierButtons
                0x10000378        0x4 CMakeFiles/murmsnes.dir/src/main.c.o
                0x10000378                JustifierButtons
 .text.startup.main
                0x1000037c      0x314 CMakeFiles/murmsnes.dir/src/main.c.o
                0x1000037c                main
 .text.S9xInitAPU
                0x10000690       0x1c CMakeFiles/murmsnes.dir/src/snes9x/apu.c.o
                0x10000690                S9xInitAPU
 .text.S9xResetAPU
                0x100006ac      0x170 CMakeFiles/murmsnes.dir/src/snes9x/apu.c.o
                0x100006ac                S9xResetAPU
 .text.S9xAPUReadPort
                0x1000081c       0x70 CMakeFiles/murmsnes.dir/src/snes9x/apu.c.o
                0x1000081c                S9xAPUReadPort
 .text.S9xAPUWritePort
                0x1000088c       0x34 CMakeFiles/murmsnes.dir/src/snes9x/apu.c.o
                0x1000088c                S9xAPUWritePort
 .text.S9xFixEnvelope
                0x100008c0       0xd4 CMakeFiles/murmsnes.dir/src/snes9x/apu.c.o
                0x100008c0                S9xFixEnvelope
 .text.S9xSetAPUDSP
                0x10000994      0xa4c CMakeFiles/murmsnes.dir/src/snes9x/apu.c.o
                0x10000994                S9xSetAPUDSP
 .text.S9xSetAPUControl
                0x100013e0      0x130 CMakeFiles/murmsnes.dir/src/snes9x/apu.c.o
                0x100013e0                S9xSetAPUControl
 .text.S9xGetAPUDSP
                0x10001510       0xd8 CMakeFiles/murmsnes.dir/src/snes9x/apu.c.o
                0x10001510                S9xGetAPUDSP
 .text._atan2   0x100015e8       0x50 CMakeFiles/murmsnes.dir/src/snes9x/c4.c.o
                0x100015e8                _atan2
 .text.C4TransfWireFrame
                0x10001638      0x1b0 CMakeFiles/murmsnes.dir/src/snes9x/c4.c.o
                0x10001638                C4TransfWireFrame
 .text.C4TransfWireFrame2
                0x100017e8      0x190 CMakeFiles/murmsnes.dir/src/snes9x/c4.c.o
                0x100017e8                C4TransfWireFrame2
 .text.C4CalcWireFrame
                0x10001978       0x9c CMakeFiles/murmsnes.dir/src/snes9x/c4.c.o
                0x10001978                C4CalcWireFrame
 .text.C4DoScaleRotate
                0x10001a14      0x22c CMakeFiles/murmsnes.dir/src/snes9x/c4emu.c.o
 .text.C4DrawWireFrame
                0x10001c40      0x278 CMakeFiles/murmsnes.dir/src/snes9x/c4emu.c.o
 .text.S9xInitC4
                0x10001eb8       0x10 CMakeFiles/murmsnes.dir/src/snes9x/c4emu.c.o
                0x10001eb8                S9xInitC4
 .text.S9xGetC4
                0x10001ec8       0x20 CMakeFiles/murmsnes.dir/src/snes9x/c4emu.c.o
                0x10001ec8                S9xGetC4
 .text.S9xSetC4
                0x10001ee8     0x1278 CMakeFiles/murmsnes.dir/src/snes9x/c4emu.c.o
                0x10001ee8                S9xSetC4
 .text.IntCompare
                0x10003160        0x8 CMakeFiles/murmsnes.dir/src/snes9x/clip.c.o
 .text.BandCompare
                0x10003168        0x8 CMakeFiles/murmsnes.dir/src/snes9x/clip.c.o
 .text.ComputeClipWindows
                0x10003170     0x1220 CMakeFiles/murmsnes.dir/src/snes9x/clip.c.o
                0x10003170                ComputeClipWindows
 .text.S9xResetCPU
                0x10004390       0xa4 CMakeFiles/murmsnes.dir/src/snes9x/cpu.c.o
                0x10004390                S9xResetCPU
 .text.S9xReset
                0x10004434       0x7c CMakeFiles/murmsnes.dir/src/snes9x/cpu.c.o
                0x10004434                S9xReset
 .text.S9xSetIRQ
                0x100044b0       0x30 CMakeFiles/murmsnes.dir/src/snes9x/cpuexec.c.o
                0x100044b0                S9xSetIRQ
 .text.S9xDoHBlankProcessing
                0x100044e0      0x3b4 CMakeFiles/murmsnes.dir/src/snes9x/cpuexec.c.o
                0x100044e0                S9xDoHBlankProcessing
 .text.S9xMainLoop
                0x10004894      0x17c CMakeFiles/murmsnes.dir/src/snes9x/cpuexec.c.o
                0x10004894                S9xMainLoop
 .text.Op29M1   0x10004a10       0x38 CMakeFiles/murmsnes.dir/src/snes9x/cpuops.c.o
 .text.Op29M0   0x10004a48       0x38 CMakeFiles/murmsnes.dir/src/snes9x/cpuops.c.o
 .text.Op0AM1   0x10004a80       0x2c CMakeFiles/murmsnes.dir/src/snes9x/cpuops.c.o
 .text.Op0AM0   0x10004aac       0x40 CMakeFiles/murmsnes.dir/src/snes9x/cpuops.c.o
 .text.Op89M1   0x10004aec       0x30 CMakeFiles/murmsnes.dir/src/snes9x/cpuops.c.o
 .text.Op89M0   0x10004b1c       0x30 CMakeFiles/murmsnes.dir/src/snes9x/cpuops.c.o
 .text.OpC9M1   0x10004b4c       0x40 CMakeFiles/murmsnes.dir/src/snes9x/cpuops.c.o
 .text.OpC9M0   0x10004b8c       0x50 CMakeFiles/murmsnes.dir/src/snes9x/cpuops.c.o
 .text.OpE0X1   0x10004bdc       0x40 CMakeFiles/murmsnes.dir/src/snes9x/cpuops.c.o
 .text.OpE0X0   0x10004c1c       0x50 CMakeFiles/murmsnes.dir/src/snes9x/cpuops.c.o
 .text.OpC0X1   0x10004c6c       0x40 CMakeFiles/murmsnes.dir/src/snes9x/cpuops.c.o
 .text.OpC0X0   0x10004cac       0x50 CMakeFiles/murmsnes.dir/src/snes9x/cpuops.c.o
 .text.Op3AM1   0x10004cfc       0x34 CMakeFiles/murmsnes.dir/src/snes9x/cpuops.c.o
 .text.Op3AM0   0x10004d30       0x34 CMakeFiles/murmsnes.dir/src/snes9x/cpuops.c.o
 .text.Op49M1   0x10004d64       0x38 CMakeFiles/murmsnes.dir/src/snes9x/cpuops.c.o
 .text.Op49M0   0x10004d9c       0x3c CMakeFiles/murmsnes.dir/src/snes9x/cpuops.c.o
 .text.Op1AM1   0x10004dd8       0x34 CMakeFiles/murmsnes.dir/src/snes9x/cpuops.c.o
 .text.Op1AM0   0x10004e0c       0x34 CMakeFiles/murmsnes.dir/src/snes9x/cpuops.c.o
 .text.OpA9M1   0x10004e40       0x34 CMakeFiles/murmsnes.dir/src/snes9x/cpuops.c.o
 .text.OpA9M0   0x10004e74       0x34 CMakeFiles/murmsnes.dir/src/snes9x/cpuops.c.o
 .text.OpA2X1   0x10004ea8       0x34 CMakeFiles/murmsnes.dir/src/snes9x/cpuops.c.o
 .text.OpA2X0   0x10004edc       0x34 CMakeFiles/murmsnes.dir/src/snes9x/cpuops.c.o
 .text.OpA0X1   0x10004f10       0x34 CMakeFiles/murmsnes.dir/src/snes9x/cpuops.c.o
 .text.OpA0X0   0x10004f44       0x34 CMakeFiles/murmsnes.dir/src/snes9x/cpuops.c.o
 .text.Op4AM1   0x10004f78       0x2c CMakeFiles/murmsnes.dir/src/snes9x/cpuops.c.o
 .text.Op4AM0   0x10004fa4       0x3c CMakeFiles/murmsnes.dir/src/snes9x/cpuops.c.o
 .text.Op09M1   0x10004fe0       0x38 CMakeFiles/murmsnes.dir/src/snes9x/cpuops.c.o
 .text.Op09M0   0x10005018       0x38 CMakeFiles/murmsnes.dir/src/snes9x/cpuops.c.o
 .text.Op2AM1   0x10005050       0x38 CMakeFiles/murmsnes.dir/src/snes9x/cpuops.c.o
 .text.Op2AM0   0x10005088       0x4c CMakeFiles/murmsnes.dir/src/snes9x/cpuops.c.o
 .text.Op6AM1   0x100050d4       0x34 CMakeFiles/murmsnes.dir/src/snes9x/cpuops.c.o
 .text.Op6AM0   0x10005108       0x3c CMakeFiles/murmsnes.dir/src/snes9x/cpuops.c.o
 .text.Op18     0x10005144       0x18 CMakeFiles/murmsnes.dir/src/snes9x/cpuops.c.o
 .text.OpD8     0x1000515c       0x1c CMakeFiles/murmsnes.dir/src/snes9x/cpuops.c.o
 .text.Op58     0x10005178       0x1c CMakeFiles/murmsnes.dir/src/snes9x/cpuops.c.o
 .text.OpB8     0x10005194       0x18 CMakeFiles/murmsnes.dir/src/snes9x/cpuops.c.o
 .text.OpCAX1   0x100051ac       0x34 CMakeFiles/murmsnes.dir/src/snes9x/cpuops.c.o
 .text.OpCAX0   0x100051e0       0x34 CMakeFiles/murmsnes.dir/src/snes9x/cpuops.c.o
 .text.Op88X1   0x10005214       0x34 CMakeFiles/murmsnes.dir/src/snes9x/cpuops.c.o
 .text.Op88X0   0x10005248       0x34 CMakeFiles/murmsnes.dir/src/snes9x/cpuops.c.o
 .text.OpE8X1   0x1000527c       0x34 CMakeFiles/murmsnes.dir/src/snes9x/cpuops.c.o
 .text.OpE8X0   0x100052b0       0x34 CMakeFiles/murmsnes.dir/src/snes9x/cpuops.c.o
 .text.OpC8X1   0x100052e4       0x34 CMakeFiles/murmsnes.dir/src/snes9x/cpuops.c.o
 .text.OpC8X0   0x10005318       0x34 CMakeFiles/murmsnes.dir/src/snes9x/cpuops.c.o
 .text.OpEA     0x1000534c       0x10 CMakeFiles/murmsnes.dir/src/snes9x/cpuops.c.o
 .text.Op38     0x1000535c       0x18 CMakeFiles/murmsnes.dir/src/snes9x/cpuops.c.o
 .text.OpF8     0x10005374       0x1c CMakeFiles/murmsnes.dir/src/snes9x/cpuops.c.o
 .text.Op78     0x10005390       0x1c CMakeFiles/murmsnes.dir/src/snes9x/cpuops.c.o
 .text.OpAAX1   0x100053ac       0x30 CMakeFiles/murmsnes.dir/src/snes9x/cpuops.c.o
 .text.OpAAX0   0x100053dc       0x2c CMakeFiles/murmsnes.dir/src/snes9x/cpuops.c.o
 .text.OpA8X1   0x10005408       0x30 CMakeFiles/murmsnes.dir/src/snes9x/cpuops.c.o
 .text.OpA8X0   0x10005438       0x2c CMakeFiles/murmsnes.dir/src/snes9x/cpuops.c.o
 .text.Op5B     0x10005464       0x2c CMakeFiles/murmsnes.dir/src/snes9x/cpuops.c.o
 .text.Op1B     0x10005490       0x28 CMakeFiles/murmsnes.dir/src/snes9x/cpuops.c.o
 .text.Op7B     0x100054b8       0x2c CMakeFiles/murmsnes.dir/src/snes9x/cpuops.c.o
 .text.Op3B     0x100054e4       0x2c CMakeFiles/murmsnes.dir/src/snes9x/cpuops.c.o
 .text.OpBAX1   0x10005510       0x30 CMakeFiles/murmsnes.dir/src/snes9x/cpuops.c.o
 .text.OpBAX0   0x10005540       0x2c CMakeFiles/murmsnes.dir/src/snes9x/cpuops.c.o
 .text.Op8AM1   0x1000556c       0x30 CMakeFiles/murmsnes.dir/src/snes9x/cpuops.c.o
 .text.Op8AM0   0x1000559c       0x2c CMakeFiles/murmsnes.dir/src/snes9x/cpuops.c.o
 .text.Op9A     0x100055c8       0x28 CMakeFiles/murmsnes.dir/src/snes9x/cpuops.c.o
 .text.Op9BX1   0x100055f0       0x30 CMakeFiles/murmsnes.dir/src/snes9x/cpuops.c.o
 .text.Op9BX0   0x10005620       0x2c CMakeFiles/murmsnes.dir/src/snes9x/cpuops.c.o
 .text.Op98M1   0x1000564c       0x30 CMakeFiles/murmsnes.dir/src/snes9x/cpuops.c.o
 .text.Op98M0   0x1000567c       0x2c CMakeFiles/murmsnes.dir/src/snes9x/cpuops.c.o
 .text.OpBBX1   0x100056a8       0x30 CMakeFiles/murmsnes.dir/src/snes9x/cpuops.c.o
 .text.OpBBX0   0x100056d8       0x2c CMakeFiles/murmsnes.dir/src/snes9x/cpuops.c.o
 .text.OpFB     0x10005704       0x88 CMakeFiles/murmsnes.dir/src/snes9x/cpuops.c.o
 .text.OpC2     0x1000578c       0xc0 CMakeFiles/murmsnes.dir/src/snes9x/cpuops.c.o
 .text.OpE2     0x1000584c       0xb4 CMakeFiles/murmsnes.dir/src/snes9x/cpuops.c.o
 .text.OpEB     0x10005900       0x34 CMakeFiles/murmsnes.dir/src/snes9x/cpuops.c.o
 .text.OpF4     0x10005934       0x48 CMakeFiles/murmsnes.dir/src/snes9x/cpuops.c.o
 .text.OpDAX1   0x1000597c       0x24 CMakeFiles/murmsnes.dir/src/snes9x/cpuops.c.o
 .text.Op9FM1   0x100059a0       0x3c CMakeFiles/murmsnes.dir/src/snes9x/cpuops.c.o
 .text.Op9DM1   0x100059dc       0x38 CMakeFiles/murmsnes.dir/src/snes9x/cpuops.c.o
 .text.Op99M1   0x10005a14       0x38 CMakeFiles/murmsnes.dir/src/snes9x/cpuops.c.o
 .text.Op95M1   0x10005a4c       0x50 CMakeFiles/murmsnes.dir/src/snes9x/cpuops.c.o
 .text.Op8FM1   0x10005a9c       0x38 CMakeFiles/murmsnes.dir/src/snes9x/cpuops.c.o
 .text.Op8DM1   0x10005ad4       0x34 CMakeFiles/murmsnes.dir/src/snes9x/cpuops.c.o
 .text.Op85M1   0x10005b08       0x38 CMakeFiles/murmsnes.dir/src/snes9x/cpuops.c.o
 .text.Op83M1   0x10005b40       0x38 CMakeFiles/murmsnes.dir/src/snes9x/cpuops.c.o
 .text.Op9EM1   0x10005b78       0x38 CMakeFiles/murmsnes.dir/src/snes9x/cpuops.c.o
 .text.Op9CM1   0x10005bb0       0x34 CMakeFiles/murmsnes.dir/src/snes9x/cpuops.c.o
 .text.Op74M1   0x10005be4       0x50 CMakeFiles/murmsnes.dir/src/snes9x/cpuops.c.o
 .text.Op64M1   0x10005c34       0x38 CMakeFiles/murmsnes.dir/src/snes9x/cpuops.c.o
 .text.Op96X1   0x10005c6c       0x50 CMakeFiles/murmsnes.dir/src/snes9x/cpuops.c.o
 .text.Op8EX1   0x10005cbc       0x34 CMakeFiles/murmsnes.dir/src/snes9x/cpuops.c.o
 .text.Op86X1   0x10005cf0       0x38 CMakeFiles/murmsnes.dir/src/snes9x/cpuops.c.o
 .text.Op94X1   0x10005d28       0x50 CMakeFiles/murmsnes.dir/src/snes9x/cpuops.c.o
 .text.Op8CX1   0x10005d78       0x34 CMakeFiles/murmsnes.dir/src/snes9x/cpuops.c.o
 .text.Op84X1   0x10005dac       0x38 CMakeFiles/murmsnes.dir/src/snes9x/cpuops.c.o
 .text.Op8B     0x10005de4       0x24 CMakeFiles/murmsnes.dir/src/snes9x/cpuops.c.o
 .text.Op62     0x10005e08       0x50 CMakeFiles/murmsnes.dir/src/snes9x/cpuops.c.o
 .text.Op5AX1   0x10005e58       0x24 CMakeFiles/murmsnes.dir/src/snes9x/cpuops.c.o
 .text.Op4B     0x10005e7c       0x24 CMakeFiles/murmsnes.dir/src/snes9x/cpuops.c.o
 .text.Op48M1   0x10005ea0       0x24 CMakeFiles/murmsnes.dir/src/snes9x/cpuops.c.o
 .text.Op0B     0x10005ec4       0x34 CMakeFiles/murmsnes.dir/src/snes9x/cpuops.c.o
 .text.Op08     0x10005ef8       0x54 CMakeFiles/murmsnes.dir/src/snes9x/cpuops.c.o
 .text.OpF4E1   0x10005f4c       0x4c CMakeFiles/murmsnes.dir/src/snes9x/cpuops.c.o
 .text.OpDAE1   0x10005f98       0x28 CMakeFiles/murmsnes.dir/src/snes9x/cpuops.c.o
 .text.Op8BE1   0x10005fc0       0x28 CMakeFiles/murmsnes.dir/src/snes9x/cpuops.c.o
 .text.Op62E1   0x10005fe8       0x54 CMakeFiles/murmsnes.dir/src/snes9x/cpuops.c.o
 .text.Op5AE1   0x1000603c       0x28 CMakeFiles/murmsnes.dir/src/snes9x/cpuops.c.o
 .text.Op4BE1   0x10006064       0x28 CMakeFiles/murmsnes.dir/src/snes9x/cpuops.c.o
 .text.Op48E1   0x1000608c       0x28 CMakeFiles/murmsnes.dir/src/snes9x/cpuops.c.o
 .text.Op0BE1   0x100060b4       0x38 CMakeFiles/murmsnes.dir/src/snes9x/cpuops.c.o
 .text.Op08E1   0x100060ec       0x50 CMakeFiles/murmsnes.dir/src/snes9x/cpuops.c.o
 .text.OpDAX0   0x1000613c       0x34 CMakeFiles/murmsnes.dir/src/snes9x/cpuops.c.o
 .text.Op5AX0   0x10006170       0x34 CMakeFiles/murmsnes.dir/src/snes9x/cpuops.c.o
 .text.Op48M0   0x100061a4       0x34 CMakeFiles/murmsnes.dir/src/snes9x/cpuops.c.o
 .text.Op82     0x100061d8       0x3c CMakeFiles/murmsnes.dir/src/snes9x/cpuops.c.o
 .text.Op5C     0x10006214       0x40 CMakeFiles/murmsnes.dir/src/snes9x/cpuops.c.o
 .text.Op4C     0x10006254       0x38 CMakeFiles/murmsnes.dir/src/snes9x/cpuops.c.o
 .text.Op22     0x1000628c       0x7c CMakeFiles/murmsnes.dir/src/snes9x/cpuops.c.o
 .text.Op20     0x10006308       0x68 CMakeFiles/murmsnes.dir/src/snes9x/cpuops.c.o
 .text.Op22E1   0x10006370       0x80 CMakeFiles/murmsnes.dir/src/snes9x/cpuops.c.o
 .text.OpFC     0x100063f0       0x80 CMakeFiles/murmsnes.dir/src/snes9x/cpuops.c.o
 .text.Op7C     0x10006470       0x54 CMakeFiles/murmsnes.dir/src/snes9x/cpuops.c.o
 .text.OpFCE1   0x100064c4       0x84 CMakeFiles/murmsnes.dir/src/snes9x/cpuops.c.o
 .text.Op93M1   0x10006548       0x5c CMakeFiles/murmsnes.dir/src/snes9x/cpuops.c.o
 .text.OpD4     0x100065a4       0x64 CMakeFiles/murmsnes.dir/src/snes9x/cpuops.c.o
 .text.Op92M1   0x10006608       0x54 CMakeFiles/murmsnes.dir/src/snes9x/cpuops.c.o
 .text.OpD4E1   0x1000665c       0x68 CMakeFiles/murmsnes.dir/src/snes9x/cpuops.c.o
 .text.Op91M1   0x100066c4       0x58 CMakeFiles/murmsnes.dir/src/snes9x/cpuops.c.o
 .text.Op6C     0x1000671c       0x4c CMakeFiles/murmsnes.dir/src/snes9x/cpuops.c.o
 .text.Op02     0x10006768      0x130 CMakeFiles/murmsnes.dir/src/snes9x/cpuops.c.o
 .text.Op00     0x10006898      0x130 CMakeFiles/murmsnes.dir/src/snes9x/cpuops.c.o
 .text.OpECX0   0x100069c8       0x68 CMakeFiles/murmsnes.dir/src/snes9x/cpuops.c.o
 .text.OpE4X0   0x10006a30       0x6c CMakeFiles/murmsnes.dir/src/snes9x/cpuops.c.o
 .text.OpCCX0   0x10006a9c       0x68 CMakeFiles/murmsnes.dir/src/snes9x/cpuops.c.o
 .text.OpC4X0   0x10006b04       0x6c CMakeFiles/murmsnes.dir/src/snes9x/cpuops.c.o
 .text.OpBEX0   0x10006b70       0x50 CMakeFiles/murmsnes.dir/src/snes9x/cpuops.c.o
 .text.OpB6X0   0x10006bc0       0x6c CMakeFiles/murmsnes.dir/src/snes9x/cpuops.c.o
 .text.OpAEX0   0x10006c2c       0x4c CMakeFiles/murmsnes.dir/src/snes9x/cpuops.c.o
 .text.OpA6X0   0x10006c78       0x50 CMakeFiles/murmsnes.dir/src/snes9x/cpuops.c.o
 .text.OpBCX0   0x10006cc8       0x50 CMakeFiles/murmsnes.dir/src/snes9x/cpuops.c.o
 .text.OpB4X0   0x10006d18       0x6c CMakeFiles/murmsnes.dir/src/snes9x/cpuops.c.o
 .text.OpACX0   0x10006d84       0x4c CMakeFiles/murmsnes.dir/src/snes9x/cpuops.c.o
 .text.OpA4X0   0x10006dd0       0x50 CMakeFiles/murmsnes.dir/src/snes9x/cpuops.c.o
 .text.OpFFM0   0x10006e20      0x118 CMakeFiles/murmsnes.dir/src/snes9x/cpuops.c.o
 .text.OpFDM0   0x10006f38      0x114 CMakeFiles/murmsnes.dir/src/snes9x/cpuops.c.o
 .text.OpF9M0   0x1000704c      0x114 CMakeFiles/murmsnes.dir/src/snes9x/cpuops.c.o
 .text.OpF5M0   0x10007160      0x12c CMakeFiles/murmsnes.dir/src/snes9x/cpuops.c.o
 .text.OpF3M0   0x1000728c      0x128 CMakeFiles/murmsnes.dir/src/snes9x/cpuops.c.o
 .text.OpF2M0   0x100073b4      0x120 CMakeFiles/murmsnes.dir/src/snes9x/cpuops.c.o
 .text.OpF1M0   0x100074d4      0x124 CMakeFiles/murmsnes.dir/src/snes9x/cpuops.c.o
 .text.OpEFM0   0x100075f8      0x110 CMakeFiles/murmsnes.dir/src/snes9x/cpuops.c.o
 .text.OpEDM0   0x10007708      0x110 CMakeFiles/murmsnes.dir/src/snes9x/cpuops.c.o
 .text.OpE9M0   0x10007818       0xfc CMakeFiles/murmsnes.dir/src/snes9x/cpuops.c.o
 .text.OpE5M0   0x10007914      0x110 CMakeFiles/murmsnes.dir/src/snes9x/cpuops.c.o
 .text.OpE3M0   0x10007a24      0x114 CMakeFiles/murmsnes.dir/src/snes9x/cpuops.c.o
 .text.OpE1M0   0x10007b38      0x124 CMakeFiles/murmsnes.dir/src/snes9x/cpuops.c.o
 .text.OpFEM0   0x10007c5c       0x6c CMakeFiles/murmsnes.dir/src/snes9x/cpuops.c.o
 .text.OpF6M0   0x10007cc8       0x88 CMakeFiles/murmsnes.dir/src/snes9x/cpuops.c.o
 .text.OpEEM0   0x10007d50       0x68 CMakeFiles/murmsnes.dir/src/snes9x/cpuops.c.o
 .text.OpE6M0   0x10007db8       0x6c CMakeFiles/murmsnes.dir/src/snes9x/cpuops.c.o
 .text.OpDFM0   0x10007e24       0x70 CMakeFiles/murmsnes.dir/src/snes9x/cpuops.c.o
 .text.OpDDM0   0x10007e94       0x6c CMakeFiles/murmsnes.dir/src/snes9x/cpuops.c.o
 .text.OpD9M0   0x10007f00       0x6c CMakeFiles/murmsnes.dir/src/snes9x/cpuops.c.o
 .text.OpD5M0   0x10007f6c       0x88 CMakeFiles/murmsnes.dir/src/snes9x/cpuops.c.o
 .text.OpD3M0   0x10007ff4       0x80 CMakeFiles/murmsnes.dir/src/snes9x/cpuops.c.o
 .text.OpD2M0   0x10008074       0x78 CMakeFiles/murmsnes.dir/src/snes9x/cpuops.c.o
 .text.OpD1M0   0x100080ec       0x7c CMakeFiles/murmsnes.dir/src/snes9x/cpuops.c.o
 .text.OpCFM0   0x10008168       0x64 CMakeFiles/murmsnes.dir/src/snes9x/cpuops.c.o
 .text.OpCDM0   0x100081cc       0x68 CMakeFiles/murmsnes.dir/src/snes9x/cpuops.c.o
 .text.OpC5M0   0x10008234       0x6c CMakeFiles/murmsnes.dir/src/snes9x/cpuops.c.o
 .text.OpC3M0   0x100082a0       0x6c CMakeFiles/murmsnes.dir/src/snes9x/cpuops.c.o
 .text.OpC1M0   0x1000830c       0x84 CMakeFiles/murmsnes.dir/src/snes9x/cpuops.c.o
 .text.OpDEM0   0x10008390       0x6c CMakeFiles/murmsnes.dir/src/snes9x/cpuops.c.o
 .text.OpD6M0   0x100083fc       0x88 CMakeFiles/murmsnes.dir/src/snes9x/cpuops.c.o
 .text.OpCEM0   0x10008484       0x68 CMakeFiles/murmsnes.dir/src/snes9x/cpuops.c.o
 .text.OpC6M0   0x100084ec       0x6c CMakeFiles/murmsnes.dir/src/snes9x/cpuops.c.o
 .text.OpBFM0   0x10008558       0x54 CMakeFiles/murmsnes.dir/src/snes9x/cpuops.c.o
 .text.OpBDM0   0x100085ac       0x50 CMakeFiles/murmsnes.dir/src/snes9x/cpuops.c.o
 .text.OpB9M0   0x100085fc       0x50 CMakeFiles/murmsnes.dir/src/snes9x/cpuops.c.o
 .text.OpB5M0   0x1000864c       0x6c CMakeFiles/murmsnes.dir/src/snes9x/cpuops.c.o
 .text.OpB3M0   0x100086b8       0x6c CMakeFiles/murmsnes.dir/src/snes9x/cpuops.c.o
 .text.OpB2M0   0x10008724       0x60 CMakeFiles/murmsnes.dir/src/snes9x/cpuops.c.o
 .text.OpB1M0   0x10008784       0x64 CMakeFiles/murmsnes.dir/src/snes9x/cpuops.c.o
 .text.OpAFM0   0x100087e8       0x50 CMakeFiles/murmsnes.dir/src/snes9x/cpuops.c.o
 .text.OpADM0   0x10008838       0x4c CMakeFiles/murmsnes.dir/src/snes9x/cpuops.c.o
 .text.OpA5M0   0x10008884       0x50 CMakeFiles/murmsnes.dir/src/snes9x/cpuops.c.o
 .text.OpA3M0   0x100088d4       0x54 CMakeFiles/murmsnes.dir/src/snes9x/cpuops.c.o
 .text.OpA1M0   0x10008928       0x6c CMakeFiles/murmsnes.dir/src/snes9x/cpuops.c.o
 .text.Op7FM0   0x10008994      0x124 CMakeFiles/murmsnes.dir/src/snes9x/cpuops.c.o
 .text.Op7DM0   0x10008ab8      0x120 CMakeFiles/murmsnes.dir/src/snes9x/cpuops.c.o
 .text.Op79M0   0x10008bd8      0x120 CMakeFiles/murmsnes.dir/src/snes9x/cpuops.c.o
 .text.Op75M0   0x10008cf8      0x140 CMakeFiles/murmsnes.dir/src/snes9x/cpuops.c.o
 .text.Op73M0   0x10008e38      0x138 CMakeFiles/murmsnes.dir/src/snes9x/cpuops.c.o
 .text.Op72M0   0x10008f70      0x130 CMakeFiles/murmsnes.dir/src/snes9x/cpuops.c.o
 .text.Op71M0   0x100090a0      0x134 CMakeFiles/murmsnes.dir/src/snes9x/cpuops.c.o
 .text.Op6FM0   0x100091d4      0x120 CMakeFiles/murmsnes.dir/src/snes9x/cpuops.c.o
 .text.Op6DM0   0x100092f4      0x11c CMakeFiles/murmsnes.dir/src/snes9x/cpuops.c.o
 .text.Op69M0   0x10009410      0x108 CMakeFiles/murmsnes.dir/src/snes9x/cpuops.c.o
 .text.Op65M0   0x10009518      0x124 CMakeFiles/murmsnes.dir/src/snes9x/cpuops.c.o
 .text.Op63M0   0x1000963c      0x128 CMakeFiles/murmsnes.dir/src/snes9x/cpuops.c.o
 .text.Op61M0   0x10009764      0x144 CMakeFiles/murmsnes.dir/src/snes9x/cpuops.c.o
 .text.Op7EM0   0x100098a8       0x70 CMakeFiles/murmsnes.dir/src/snes9x/cpuops.c.o
 .text.Op76M0   0x10009918       0x8c CMakeFiles/murmsnes.dir/src/snes9x/cpuops.c.o
 .text.Op6EM0   0x100099a4       0x6c CMakeFiles/murmsnes.dir/src/snes9x/cpuops.c.o
 .text.Op66M0   0x10009a10       0x74 CMakeFiles/murmsnes.dir/src/snes9x/cpuops.c.o
 .text.Op5FM0   0x10009a84       0x5c CMakeFiles/murmsnes.dir/src/snes9x/cpuops.c.o
 .text.Op5DM0   0x10009ae0       0x58 CMakeFiles/murmsnes.dir/src/snes9x/cpuops.c.o
 .text.Op59M0   0x10009b38       0x58 CMakeFiles/murmsnes.dir/src/snes9x/cpuops.c.o
 .text.Op55M0   0x10009b90       0x74 CMakeFiles/murmsnes.dir/src/snes9x/cpuops.c.o
 .text.Op53M0   0x10009c04       0x70 CMakeFiles/murmsnes.dir/src/snes9x/cpuops.c.o
 .text.Op52M0   0x10009c74       0x68 CMakeFiles/murmsnes.dir/src/snes9x/cpuops.c.o
 .text.Op51M0   0x10009cdc       0x6c CMakeFiles/murmsnes.dir/src/snes9x/cpuops.c.o
 .text.Op4FM0   0x10009d48       0x58 CMakeFiles/murmsnes.dir/src/snes9x/cpuops.c.o
 .text.Op4DM0   0x10009da0       0x54 CMakeFiles/murmsnes.dir/src/snes9x/cpuops.c.o
 .text.Op45M0   0x10009df4       0x58 CMakeFiles/murmsnes.dir/src/snes9x/cpuops.c.o
 .text.Op43M0   0x10009e4c       0x58 CMakeFiles/murmsnes.dir/src/snes9x/cpuops.c.o
 .text.Op41M0   0x10009ea4       0x70 CMakeFiles/murmsnes.dir/src/snes9x/cpuops.c.o
 .text.Op5EM0   0x10009f14       0x6c CMakeFiles/murmsnes.dir/src/snes9x/cpuops.c.o
 .text.Op56M0   0x10009f80       0x88 CMakeFiles/murmsnes.dir/src/snes9x/cpuops.c.o
 .text.Op4EM0   0x1000a008       0x68 CMakeFiles/murmsnes.dir/src/snes9x/cpuops.c.o
 .text.Op46M0   0x1000a070       0x6c CMakeFiles/murmsnes.dir/src/snes9x/cpuops.c.o
 .text.Op3FM0   0x1000a0dc       0x58 CMakeFiles/murmsnes.dir/src/snes9x/cpuops.c.o
 .text.Op3DM0   0x1000a134       0x54 CMakeFiles/murmsnes.dir/src/snes9x/cpuops.c.o
 .text.Op39M0   0x1000a188       0x54 CMakeFiles/murmsnes.dir/src/snes9x/cpuops.c.o
 .text.Op35M0   0x1000a1dc       0x70 CMakeFiles/murmsnes.dir/src/snes9x/cpuops.c.o
 .text.Op33M0   0x1000a24c       0x70 CMakeFiles/murmsnes.dir/src/snes9x/cpuops.c.o
 .text.Op32M0   0x1000a2bc       0x64 CMakeFiles/murmsnes.dir/src/snes9x/cpuops.c.o
 .text.Op31M0   0x1000a320       0x68 CMakeFiles/murmsnes.dir/src/snes9x/cpuops.c.o
 .text.Op2FM0   0x1000a388       0x54 CMakeFiles/murmsnes.dir/src/snes9x/cpuops.c.o
 .text.Op2DM0   0x1000a3dc       0x50 CMakeFiles/murmsnes.dir/src/snes9x/cpuops.c.o
 .text.Op25M0   0x1000a42c       0x54 CMakeFiles/murmsnes.dir/src/snes9x/cpuops.c.o
 .text.Op23M0   0x1000a480       0x58 CMakeFiles/murmsnes.dir/src/snes9x/cpuops.c.o
 .text.Op21M0   0x1000a4d8       0x70 CMakeFiles/murmsnes.dir/src/snes9x/cpuops.c.o
 .text.Op3EM0   0x1000a548       0x78 CMakeFiles/murmsnes.dir/src/snes9x/cpuops.c.o
 .text.Op36M0   0x1000a5c0       0x94 CMakeFiles/murmsnes.dir/src/snes9x/cpuops.c.o
 .text.Op2EM0   0x1000a654       0x74 CMakeFiles/murmsnes.dir/src/snes9x/cpuops.c.o
 .text.Op26M0   0x1000a6c8       0x78 CMakeFiles/murmsnes.dir/src/snes9x/cpuops.c.o
 .text.Op3CM0   0x1000a740       0x58 CMakeFiles/murmsnes.dir/src/snes9x/cpuops.c.o
 .text.Op34M0   0x1000a798       0x74 CMakeFiles/murmsnes.dir/src/snes9x/cpuops.c.o
 .text.Op2CM0   0x1000a80c       0x54 CMakeFiles/murmsnes.dir/src/snes9x/cpuops.c.o
 .text.Op24M0   0x1000a860       0x58 CMakeFiles/murmsnes.dir/src/snes9x/cpuops.c.o
 .text.Op1FM0   0x1000a8b8       0x5c CMakeFiles/murmsnes.dir/src/snes9x/cpuops.c.o
 .text.Op1DM0   0x1000a914       0x58 CMakeFiles/murmsnes.dir/src/snes9x/cpuops.c.o
 .text.Op19M0   0x1000a96c       0x58 CMakeFiles/murmsnes.dir/src/snes9x/cpuops.c.o
 .text.Op15M0   0x1000a9c4       0x74 CMakeFiles/murmsnes.dir/src/snes9x/cpuops.c.o
 .text.Op13M0   0x1000aa38       0x70 CMakeFiles/murmsnes.dir/src/snes9x/cpuops.c.o
 .text.Op12M0   0x1000aaa8       0x68 CMakeFiles/murmsnes.dir/src/snes9x/cpuops.c.o
 .text.Op11M0   0x1000ab10       0x6c CMakeFiles/murmsnes.dir/src/snes9x/cpuops.c.o
 .text.Op0FM0   0x1000ab7c       0x58 CMakeFiles/murmsnes.dir/src/snes9x/cpuops.c.o
 .text.Op0DM0   0x1000abd4       0x54 CMakeFiles/murmsnes.dir/src/snes9x/cpuops.c.o
 .text.Op05M0   0x1000ac28       0x58 CMakeFiles/murmsnes.dir/src/snes9x/cpuops.c.o
 .text.Op03M0   0x1000ac80       0x58 CMakeFiles/murmsnes.dir/src/snes9x/cpuops.c.o
 .text.Op01M0   0x1000acd8       0x70 CMakeFiles/murmsnes.dir/src/snes9x/cpuops.c.o
 .text.Op1EM0   0x1000ad48       0x6c CMakeFiles/murmsnes.dir/src/snes9x/cpuops.c.o
 .text.Op16M0   0x1000adb4       0x88 CMakeFiles/murmsnes.dir/src/snes9x/cpuops.c.o
 .text.Op0EM0   0x1000ae3c       0x68 CMakeFiles/murmsnes.dir/src/snes9x/cpuops.c.o
 .text.Op06M0   0x1000aea4       0x6c CMakeFiles/murmsnes.dir/src/snes9x/cpuops.c.o
 .text.Op1CM0   0x1000af10       0x6c CMakeFiles/murmsnes.dir/src/snes9x/cpuops.c.o
 .text.Op14M0   0x1000af7c       0x70 CMakeFiles/murmsnes.dir/src/snes9x/cpuops.c.o
 .text.Op0CM0   0x1000afec       0x68 CMakeFiles/murmsnes.dir/src/snes9x/cpuops.c.o
 .text.Op04M0   0x1000b054       0x6c CMakeFiles/murmsnes.dir/src/snes9x/cpuops.c.o
 .text.OpFFM1   0x1000b0c0       0xdc CMakeFiles/murmsnes.dir/src/snes9x/cpuops.c.o
 .text.OpFDM1   0x1000b19c       0xd8 CMakeFiles/murmsnes.dir/src/snes9x/cpuops.c.o
 .text.OpF9M1   0x1000b274       0xd8 CMakeFiles/murmsnes.dir/src/snes9x/cpuops.c.o
 .text.OpF5M1   0x1000b34c       0xf4 CMakeFiles/murmsnes.dir/src/snes9x/cpuops.c.o
 .text.OpF3M1   0x1000b440       0xec CMakeFiles/murmsnes.dir/src/snes9x/cpuops.c.o
 .text.OpF2M1   0x1000b52c       0xe4 CMakeFiles/murmsnes.dir/src/snes9x/cpuops.c.o
 .text.OpF1M1   0x1000b610       0xe8 CMakeFiles/murmsnes.dir/src/snes9x/cpuops.c.o
 .text.OpEFM1   0x1000b6f8       0xd8 CMakeFiles/murmsnes.dir/src/snes9x/cpuops.c.o
 .text.OpEDM1   0x1000b7d0       0xd4 CMakeFiles/murmsnes.dir/src/snes9x/cpuops.c.o
 .text.OpE9M1   0x1000b8a4       0xc0 CMakeFiles/murmsnes.dir/src/snes9x/cpuops.c.o
 .text.OpE5M1   0x1000b964       0xd8 CMakeFiles/murmsnes.dir/src/snes9x/cpuops.c.o
 .text.OpE3M1   0x1000ba3c       0xd8 CMakeFiles/murmsnes.dir/src/snes9x/cpuops.c.o
 .text.OpE1M1   0x1000bb14       0xe0 CMakeFiles/murmsnes.dir/src/snes9x/cpuops.c.o
 .text.OpFEM1   0x1000bbf4       0x60 CMakeFiles/murmsnes.dir/src/snes9x/cpuops.c.o
 .text.OpF6M1   0x1000bc54       0x78 CMakeFiles/murmsnes.dir/src/snes9x/cpuops.c.o
 .text.OpEEM1   0x1000bccc       0x5c CMakeFiles/murmsnes.dir/src/snes9x/cpuops.c.o
 .text.OpE6M1   0x1000bd28       0x60 CMakeFiles/murmsnes.dir/src/snes9x/cpuops.c.o
 .text.OpFAX1   0x1000bd88       0x34 CMakeFiles/murmsnes.dir/src/snes9x/cpuops.c.o
 .text.OpF7M1   0x1000bdbc       0xe0 CMakeFiles/murmsnes.dir/src/snes9x/cpuops.c.o
 .text.Op97M1   0x1000be9c       0x5c CMakeFiles/murmsnes.dir/src/snes9x/cpuops.c.o
 .text.OpF7M0   0x1000bef8      0x120 CMakeFiles/murmsnes.dir/src/snes9x/cpuops.c.o
 .text.OpD7M0   0x1000c018       0x8c CMakeFiles/murmsnes.dir/src/snes9x/cpuops.c.o
 .text.OpB7M0   0x1000c0a4       0x6c CMakeFiles/murmsnes.dir/src/snes9x/cpuops.c.o
 .text.Op77M0   0x1000c110      0x140 CMakeFiles/murmsnes.dir/src/snes9x/cpuops.c.o
 .text.Op57M0   0x1000c250       0x70 CMakeFiles/murmsnes.dir/src/snes9x/cpuops.c.o
 .text.Op37M0   0x1000c2c0       0x70 CMakeFiles/murmsnes.dir/src/snes9x/cpuops.c.o
 .text.Op17M0   0x1000c330       0x70 CMakeFiles/murmsnes.dir/src/snes9x/cpuops.c.o
 .text.OpECX1   0x1000c3a0       0x50 CMakeFiles/murmsnes.dir/src/snes9x/cpuops.c.o
 .text.OpE4X1   0x1000c3f0       0x54 CMakeFiles/murmsnes.dir/src/snes9x/cpuops.c.o
 .text.OpE7M1   0x1000c444       0xe8 CMakeFiles/murmsnes.dir/src/snes9x/cpuops.c.o
 .text.Op87M1   0x1000c52c       0x5c CMakeFiles/murmsnes.dir/src/snes9x/cpuops.c.o
 .text.OpE7M0   0x1000c588      0x11c CMakeFiles/murmsnes.dir/src/snes9x/cpuops.c.o
 .text.OpC7M0   0x1000c6a4       0x88 CMakeFiles/murmsnes.dir/src/snes9x/cpuops.c.o
 .text.OpA7M0   0x1000c72c       0x68 CMakeFiles/murmsnes.dir/src/snes9x/cpuops.c.o
 .text.Op67M0   0x1000c794      0x13c CMakeFiles/murmsnes.dir/src/snes9x/cpuops.c.o
 .text.Op47M0   0x1000c8d0       0x6c CMakeFiles/murmsnes.dir/src/snes9x/cpuops.c.o
 .text.Op27M0   0x1000c93c       0x6c CMakeFiles/murmsnes.dir/src/snes9x/cpuops.c.o
 .text.Op07M0   0x1000c9a8       0x6c CMakeFiles/murmsnes.dir/src/snes9x/cpuops.c.o
 .text.OpDFM1   0x1000ca14       0x58 CMakeFiles/murmsnes.dir/src/snes9x/cpuops.c.o
 .text.OpDDM1   0x1000ca6c       0x54 CMakeFiles/murmsnes.dir/src/snes9x/cpuops.c.o
 .text.OpD9M1   0x1000cac0       0x54 CMakeFiles/murmsnes.dir/src/snes9x/cpuops.c.o
 .text.OpD7M1   0x1000cb14       0x78 CMakeFiles/murmsnes.dir/src/snes9x/cpuops.c.o
 .text.OpD5M1   0x1000cb8c       0x70 CMakeFiles/murmsnes.dir/src/snes9x/cpuops.c.o
 .text.OpD3M1   0x1000cbfc       0x6c CMakeFiles/murmsnes.dir/src/snes9x/cpuops.c.o
 .text.OpD2M1   0x1000cc68       0x64 CMakeFiles/murmsnes.dir/src/snes9x/cpuops.c.o
 .text.OpD1M1   0x1000cccc       0x68 CMakeFiles/murmsnes.dir/src/snes9x/cpuops.c.o
 .text.OpCFM1   0x1000cd34       0x50 CMakeFiles/murmsnes.dir/src/snes9x/cpuops.c.o
 .text.OpCDM1   0x1000cd84       0x50 CMakeFiles/murmsnes.dir/src/snes9x/cpuops.c.o
 .text.OpC7M1   0x1000cdd4       0x74 CMakeFiles/murmsnes.dir/src/snes9x/cpuops.c.o
 .text.OpC5M1   0x1000ce48       0x54 CMakeFiles/murmsnes.dir/src/snes9x/cpuops.c.o
 .text.OpC3M1   0x1000ce9c       0x58 CMakeFiles/murmsnes.dir/src/snes9x/cpuops.c.o
 .text.OpC1M1   0x1000cef4       0x70 CMakeFiles/murmsnes.dir/src/snes9x/cpuops.c.o
 .text.OpDEM1   0x1000cf64       0x60 CMakeFiles/murmsnes.dir/src/snes9x/cpuops.c.o
 .text.OpD6M1   0x1000cfc4       0x78 CMakeFiles/murmsnes.dir/src/snes9x/cpuops.c.o
 .text.OpCEM1   0x1000d03c       0x5c CMakeFiles/murmsnes.dir/src/snes9x/cpuops.c.o
 .text.OpC6M1   0x1000d098       0x60 CMakeFiles/murmsnes.dir/src/snes9x/cpuops.c.o
 .text.OpDC     0x1000d0f8       0x5c CMakeFiles/murmsnes.dir/src/snes9x/cpuops.c.o
 .text.OpCCX1   0x1000d154       0x50 CMakeFiles/murmsnes.dir/src/snes9x/cpuops.c.o
 .text.OpC4X1   0x1000d1a4       0x54 CMakeFiles/murmsnes.dir/src/snes9x/cpuops.c.o
 .text.OpBFM1   0x1000d1f8       0x58 CMakeFiles/murmsnes.dir/src/snes9x/cpuops.c.o
 .text.OpBDM1   0x1000d250       0x54 CMakeFiles/murmsnes.dir/src/snes9x/cpuops.c.o
 .text.OpB9M1   0x1000d2a4       0x54 CMakeFiles/murmsnes.dir/src/snes9x/cpuops.c.o
 .text.OpB7M1   0x1000d2f8       0x70 CMakeFiles/murmsnes.dir/src/snes9x/cpuops.c.o
 .text.OpB5M1   0x1000d368       0x70 CMakeFiles/murmsnes.dir/src/snes9x/cpuops.c.o
 .text.OpB3M1   0x1000d3d8       0x70 CMakeFiles/murmsnes.dir/src/snes9x/cpuops.c.o
 .text.OpB2M1   0x1000d448       0x64 CMakeFiles/murmsnes.dir/src/snes9x/cpuops.c.o
 .text.OpB1M1   0x1000d4ac       0x68 CMakeFiles/murmsnes.dir/src/snes9x/cpuops.c.o
 .text.OpAFM1   0x1000d514       0x54 CMakeFiles/murmsnes.dir/src/snes9x/cpuops.c.o
 .text.OpADM1   0x1000d568       0x50 CMakeFiles/murmsnes.dir/src/snes9x/cpuops.c.o
 .text.OpA7M1   0x1000d5b8       0x6c CMakeFiles/murmsnes.dir/src/snes9x/cpuops.c.o
 .text.OpA5M1   0x1000d624       0x54 CMakeFiles/murmsnes.dir/src/snes9x/cpuops.c.o
 .text.OpA3M1   0x1000d678       0x58 CMakeFiles/murmsnes.dir/src/snes9x/cpuops.c.o
 .text.OpA1M1   0x1000d6d0       0x70 CMakeFiles/murmsnes.dir/src/snes9x/cpuops.c.o
 .text.OpBEX1   0x1000d740       0x54 CMakeFiles/murmsnes.dir/src/snes9x/cpuops.c.o
 .text.OpB6X1   0x1000d794       0x70 CMakeFiles/murmsnes.dir/src/snes9x/cpuops.c.o
 .text.OpAEX1   0x1000d804       0x50 CMakeFiles/murmsnes.dir/src/snes9x/cpuops.c.o
 .text.OpA6X1   0x1000d854       0x54 CMakeFiles/murmsnes.dir/src/snes9x/cpuops.c.o
 .text.OpBCX1   0x1000d8a8       0x54 CMakeFiles/murmsnes.dir/src/snes9x/cpuops.c.o
 .text.OpB4X1   0x1000d8fc       0x70 CMakeFiles/murmsnes.dir/src/snes9x/cpuops.c.o
 .text.OpACX1   0x1000d96c       0x50 CMakeFiles/murmsnes.dir/src/snes9x/cpuops.c.o
 .text.OpA4X1   0x1000d9bc       0x54 CMakeFiles/murmsnes.dir/src/snes9x/cpuops.c.o
 .text.OpAB     0x1000da10       0x38 CMakeFiles/murmsnes.dir/src/snes9x/cpuops.c.o
 .text.Op7FM1   0x1000da48       0xe4 CMakeFiles/murmsnes.dir/src/snes9x/cpuops.c.o
 .text.Op7DM1   0x1000db2c       0xe0 CMakeFiles/murmsnes.dir/src/snes9x/cpuops.c.o
 .text.Op79M1   0x1000dc0c       0xe0 CMakeFiles/murmsnes.dir/src/snes9x/cpuops.c.o
 .text.Op77M1   0x1000dcec       0xf0 CMakeFiles/murmsnes.dir/src/snes9x/cpuops.c.o
 .text.Op75M1   0x1000dddc       0xf8 CMakeFiles/murmsnes.dir/src/snes9x/cpuops.c.o
 .text.Op73M1   0x1000ded4       0xf0 CMakeFiles/murmsnes.dir/src/snes9x/cpuops.c.o
 .text.Op72M1   0x1000dfc4       0xe4 CMakeFiles/murmsnes.dir/src/snes9x/cpuops.c.o
 .text.Op71M1   0x1000e0a8       0xe8 CMakeFiles/murmsnes.dir/src/snes9x/cpuops.c.o
 .text.Op6FM1   0x1000e190       0xf0 CMakeFiles/murmsnes.dir/src/snes9x/cpuops.c.o
 .text.Op6DM1   0x1000e280       0xdc CMakeFiles/murmsnes.dir/src/snes9x/cpuops.c.o
 .text.Op69M1   0x1000e35c       0xc8 CMakeFiles/murmsnes.dir/src/snes9x/cpuops.c.o
 .text.Op67M1   0x1000e424       0xec CMakeFiles/murmsnes.dir/src/snes9x/cpuops.c.o
 .text.Op65M1   0x1000e510       0xdc CMakeFiles/murmsnes.dir/src/snes9x/cpuops.c.o
 .text.Op63M1   0x1000e5ec       0xe0 CMakeFiles/murmsnes.dir/src/snes9x/cpuops.c.o
 .text.Op61M1   0x1000e6cc       0xf0 CMakeFiles/murmsnes.dir/src/snes9x/cpuops.c.o
 .text.Op7EM1   0x1000e7bc       0x68 CMakeFiles/murmsnes.dir/src/snes9x/cpuops.c.o
 .text.Op76M1   0x1000e824       0x84 CMakeFiles/murmsnes.dir/src/snes9x/cpuops.c.o
 .text.Op6EM1   0x1000e8a8       0x64 CMakeFiles/murmsnes.dir/src/snes9x/cpuops.c.o
 .text.Op66M1   0x1000e90c       0x6c CMakeFiles/murmsnes.dir/src/snes9x/cpuops.c.o
 .text.Op7AX1   0x1000e978       0x34 CMakeFiles/murmsnes.dir/src/snes9x/cpuops.c.o
 .text.Op6B     0x1000e9ac       0x5c CMakeFiles/murmsnes.dir/src/snes9x/cpuops.c.o
 .text.Op68M1   0x1000ea08       0x34 CMakeFiles/murmsnes.dir/src/snes9x/cpuops.c.o
 .text.Op60     0x1000ea3c       0x48 CMakeFiles/murmsnes.dir/src/snes9x/cpuops.c.o
 .text.Op5FM1   0x1000ea84       0x60 CMakeFiles/murmsnes.dir/src/snes9x/cpuops.c.o
 .text.Op5DM1   0x1000eae4       0x5c CMakeFiles/murmsnes.dir/src/snes9x/cpuops.c.o
 .text.Op59M1   0x1000eb40       0x5c CMakeFiles/murmsnes.dir/src/snes9x/cpuops.c.o
 .text.Op57M1   0x1000eb9c       0x74 CMakeFiles/murmsnes.dir/src/snes9x/cpuops.c.o
 .text.Op55M1   0x1000ec10       0x78 CMakeFiles/murmsnes.dir/src/snes9x/cpuops.c.o
 .text.Op53M1   0x1000ec88       0x74 CMakeFiles/murmsnes.dir/src/snes9x/cpuops.c.o
 .text.Op52M1   0x1000ecfc       0x6c CMakeFiles/murmsnes.dir/src/snes9x/cpuops.c.o
 .text.Op51M1   0x1000ed68       0x70 CMakeFiles/murmsnes.dir/src/snes9x/cpuops.c.o
 .text.Op4FM1   0x1000edd8       0x5c CMakeFiles/murmsnes.dir/src/snes9x/cpuops.c.o
 .text.Op4DM1   0x1000ee34       0x58 CMakeFiles/murmsnes.dir/src/snes9x/cpuops.c.o
 .text.Op47M1   0x1000ee8c       0x70 CMakeFiles/murmsnes.dir/src/snes9x/cpuops.c.o
 .text.Op45M1   0x1000eefc       0x5c CMakeFiles/murmsnes.dir/src/snes9x/cpuops.c.o
 .text.Op43M1   0x1000ef58       0x5c CMakeFiles/murmsnes.dir/src/snes9x/cpuops.c.o
 .text.Op41M1   0x1000efb4       0x74 CMakeFiles/murmsnes.dir/src/snes9x/cpuops.c.o
 .text.Op5EM1   0x1000f028       0x64 CMakeFiles/murmsnes.dir/src/snes9x/cpuops.c.o
 .text.Op56M1   0x1000f08c       0x80 CMakeFiles/murmsnes.dir/src/snes9x/cpuops.c.o
 .text.Op4EM1   0x1000f10c       0x60 CMakeFiles/murmsnes.dir/src/snes9x/cpuops.c.o
 .text.Op46M1   0x1000f16c       0x64 CMakeFiles/murmsnes.dir/src/snes9x/cpuops.c.o
 .text.Op54X1   0x1000f1d0       0x70 CMakeFiles/murmsnes.dir/src/snes9x/cpuops.c.o
 .text.Op44X1   0x1000f240       0x70 CMakeFiles/murmsnes.dir/src/snes9x/cpuops.c.o
 .text.Op40     0x1000f2b0       0xe8 CMakeFiles/murmsnes.dir/src/snes9x/cpuops.c.o
 .text.Op3FM1   0x1000f398       0x5c CMakeFiles/murmsnes.dir/src/snes9x/cpuops.c.o
 .text.Op3DM1   0x1000f3f4       0x58 CMakeFiles/murmsnes.dir/src/snes9x/cpuops.c.o
 .text.Op39M1   0x1000f44c       0x58 CMakeFiles/murmsnes.dir/src/snes9x/cpuops.c.o
 .text.Op37M1   0x1000f4a4       0x74 CMakeFiles/murmsnes.dir/src/snes9x/cpuops.c.o
 .text.Op35M1   0x1000f518       0x74 CMakeFiles/murmsnes.dir/src/snes9x/cpuops.c.o
 .text.Op33M1   0x1000f58c       0x74 CMakeFiles/murmsnes.dir/src/snes9x/cpuops.c.o
 .text.Op32M1   0x1000f600       0x68 CMakeFiles/murmsnes.dir/src/snes9x/cpuops.c.o
 .text.Op31M1   0x1000f668       0x6c CMakeFiles/murmsnes.dir/src/snes9x/cpuops.c.o
 .text.Op2FM1   0x1000f6d4       0x58 CMakeFiles/murmsnes.dir/src/snes9x/cpuops.c.o
 .text.Op2DM1   0x1000f72c       0x54 CMakeFiles/murmsnes.dir/src/snes9x/cpuops.c.o
 .text.Op27M1   0x1000f780       0x70 CMakeFiles/murmsnes.dir/src/snes9x/cpuops.c.o
 .text.Op25M1   0x1000f7f0       0x58 CMakeFiles/murmsnes.dir/src/snes9x/cpuops.c.o
 .text.Op23M1   0x1000f848       0x5c CMakeFiles/murmsnes.dir/src/snes9x/cpuops.c.o
 .text.Op21M1   0x1000f8a4       0x74 CMakeFiles/murmsnes.dir/src/snes9x/cpuops.c.o
 .text.Op3EM1   0x1000f918       0x6c CMakeFiles/murmsnes.dir/src/snes9x/cpuops.c.o
 .text.Op36M1   0x1000f984       0x88 CMakeFiles/murmsnes.dir/src/snes9x/cpuops.c.o
 .text.Op2EM1   0x1000fa0c       0x68 CMakeFiles/murmsnes.dir/src/snes9x/cpuops.c.o
 .text.Op26M1   0x1000fa74       0x6c CMakeFiles/murmsnes.dir/src/snes9x/cpuops.c.o
 .text.Op3CM1   0x1000fae0       0x50 CMakeFiles/murmsnes.dir/src/snes9x/cpuops.c.o
 .text.Op34M1   0x1000fb30       0x6c CMakeFiles/murmsnes.dir/src/snes9x/cpuops.c.o
 .text.Op2CM1   0x1000fb9c       0x4c CMakeFiles/murmsnes.dir/src/snes9x/cpuops.c.o
 .text.Op24M1   0x1000fbe8       0x50 CMakeFiles/murmsnes.dir/src/snes9x/cpuops.c.o
 .text.Op2B     0x1000fc38       0x48 CMakeFiles/murmsnes.dir/src/snes9x/cpuops.c.o
 .text.Op28     0x1000fc80       0x9c CMakeFiles/murmsnes.dir/src/snes9x/cpuops.c.o
 .text.Op1FM1   0x1000fd1c       0x60 CMakeFiles/murmsnes.dir/src/snes9x/cpuops.c.o
 .text.Op1DM1   0x1000fd7c       0x5c CMakeFiles/murmsnes.dir/src/snes9x/cpuops.c.o
 .text.Op19M1   0x1000fdd8       0x5c CMakeFiles/murmsnes.dir/src/snes9x/cpuops.c.o
 .text.Op17M1   0x1000fe34       0x74 CMakeFiles/murmsnes.dir/src/snes9x/cpuops.c.o
 .text.Op15M1   0x1000fea8       0x78 CMakeFiles/murmsnes.dir/src/snes9x/cpuops.c.o
 .text.Op13M1   0x1000ff20       0x74 CMakeFiles/murmsnes.dir/src/snes9x/cpuops.c.o
 .text.Op12M1   0x1000ff94       0x6c CMakeFiles/murmsnes.dir/src/snes9x/cpuops.c.o
 .text.Op11M1   0x10010000       0x70 CMakeFiles/murmsnes.dir/src/snes9x/cpuops.c.o
 .text.Op0FM1   0x10010070       0x5c CMakeFiles/murmsnes.dir/src/snes9x/cpuops.c.o
 .text.Op0DM1   0x100100cc       0x58 CMakeFiles/murmsnes.dir/src/snes9x/cpuops.c.o
 .text.Op07M1   0x10010124       0x70 CMakeFiles/murmsnes.dir/src/snes9x/cpuops.c.o
 .text.Op05M1   0x10010194       0x5c CMakeFiles/murmsnes.dir/src/snes9x/cpuops.c.o
 .text.Op03M1   0x100101f0       0x5c CMakeFiles/murmsnes.dir/src/snes9x/cpuops.c.o
 .text.Op01M1   0x1001024c       0x74 CMakeFiles/murmsnes.dir/src/snes9x/cpuops.c.o
 .text.Op1EM1   0x100102c0       0x60 CMakeFiles/murmsnes.dir/src/snes9x/cpuops.c.o
 .text.Op16M1   0x10010320       0x7c CMakeFiles/murmsnes.dir/src/snes9x/cpuops.c.o
 .text.Op0EM1   0x1001039c       0x5c CMakeFiles/murmsnes.dir/src/snes9x/cpuops.c.o
 .text.Op06M1   0x100103f8       0x64 CMakeFiles/murmsnes.dir/src/snes9x/cpuops.c.o
 .text.Op1CM1   0x1001045c       0x58 CMakeFiles/murmsnes.dir/src/snes9x/cpuops.c.o
 .text.Op14M1   0x100104b4       0x5c CMakeFiles/murmsnes.dir/src/snes9x/cpuops.c.o
 .text.Op0CM1   0x10010510       0x54 CMakeFiles/murmsnes.dir/src/snes9x/cpuops.c.o
 .text.Op04M1   0x10010564       0x58 CMakeFiles/murmsnes.dir/src/snes9x/cpuops.c.o
 .text.OpFAE1   0x100105bc       0x38 CMakeFiles/murmsnes.dir/src/snes9x/cpuops.c.o
 .text.OpABE1   0x100105f4       0x3c CMakeFiles/murmsnes.dir/src/snes9x/cpuops.c.o
 .text.Op7AE1   0x10010630       0x38 CMakeFiles/murmsnes.dir/src/snes9x/cpuops.c.o
 .text.Op6BE1   0x10010668       0x5c CMakeFiles/murmsnes.dir/src/snes9x/cpuops.c.o
 .text.Op68E1   0x100106c4       0x38 CMakeFiles/murmsnes.dir/src/snes9x/cpuops.c.o
 .text.Op2BE1   0x100106fc       0x4c CMakeFiles/murmsnes.dir/src/snes9x/cpuops.c.o
 .text.OpFAX0   0x10010748       0x48 CMakeFiles/murmsnes.dir/src/snes9x/cpuops.c.o
 .text.Op7AX0   0x10010790       0x48 CMakeFiles/murmsnes.dir/src/snes9x/cpuops.c.o
 .text.Op54X0   0x100107d8       0x70 CMakeFiles/murmsnes.dir/src/snes9x/cpuops.c.o
 .text.Op44X0   0x10010848       0x70 CMakeFiles/murmsnes.dir/src/snes9x/cpuops.c.o
 .text.Op68M0   0x100108b8       0x48 CMakeFiles/murmsnes.dir/src/snes9x/cpuops.c.o
 .text.OpDB     0x10010900      0x13c CMakeFiles/murmsnes.dir/src/snes9x/cpuops.c.o
 .text.Op42     0x10010a3c      0x434 CMakeFiles/murmsnes.dir/src/snes9x/cpuops.c.o
 .text.Op96X0   0x10010e70       0x50 CMakeFiles/murmsnes.dir/src/snes9x/cpuops.c.o
 .text.Op8EX0   0x10010ec0       0x34 CMakeFiles/murmsnes.dir/src/snes9x/cpuops.c.o
 .text.Op86X0   0x10010ef4       0x38 CMakeFiles/murmsnes.dir/src/snes9x/cpuops.c.o
 .text.Op94X0   0x10010f2c       0x50 CMakeFiles/murmsnes.dir/src/snes9x/cpuops.c.o
 .text.Op8CX0   0x10010f7c       0x34 CMakeFiles/murmsnes.dir/src/snes9x/cpuops.c.o
 .text.Op84X0   0x10010fb0       0x38 CMakeFiles/murmsnes.dir/src/snes9x/cpuops.c.o
 .text.Op9FM0   0x10010fe8       0x3c CMakeFiles/murmsnes.dir/src/snes9x/cpuops.c.o
 .text.Op9DM0   0x10011024       0x38 CMakeFiles/murmsnes.dir/src/snes9x/cpuops.c.o
 .text.Op99M0   0x1001105c       0x38 CMakeFiles/murmsnes.dir/src/snes9x/cpuops.c.o
 .text.Op97M0   0x10011094       0x5c CMakeFiles/murmsnes.dir/src/snes9x/cpuops.c.o
 .text.Op95M0   0x100110f0       0x50 CMakeFiles/murmsnes.dir/src/snes9x/cpuops.c.o
 .text.Op93M0   0x10011140       0x5c CMakeFiles/murmsnes.dir/src/snes9x/cpuops.c.o
 .text.Op92M0   0x1001119c       0x54 CMakeFiles/murmsnes.dir/src/snes9x/cpuops.c.o
 .text.Op91M0   0x100111f0       0x58 CMakeFiles/murmsnes.dir/src/snes9x/cpuops.c.o
 .text.Op8FM0   0x10011248       0x38 CMakeFiles/murmsnes.dir/src/snes9x/cpuops.c.o
 .text.Op8DM0   0x10011280       0x34 CMakeFiles/murmsnes.dir/src/snes9x/cpuops.c.o
 .text.Op87M0   0x100112b4       0x5c CMakeFiles/murmsnes.dir/src/snes9x/cpuops.c.o
 .text.Op85M0   0x10011310       0x38 CMakeFiles/murmsnes.dir/src/snes9x/cpuops.c.o
 .text.Op83M0   0x10011348       0x38 CMakeFiles/murmsnes.dir/src/snes9x/cpuops.c.o
 .text.Op9EM0   0x10011380       0x38 CMakeFiles/murmsnes.dir/src/snes9x/cpuops.c.o
 .text.Op9CM0   0x100113b8       0x34 CMakeFiles/murmsnes.dir/src/snes9x/cpuops.c.o
 .text.Op74M0   0x100113ec       0x50 CMakeFiles/murmsnes.dir/src/snes9x/cpuops.c.o
 .text.Op64M0   0x1001143c       0x38 CMakeFiles/murmsnes.dir/src/snes9x/cpuops.c.o
 .text.Op81M0   0x10011474       0x64 CMakeFiles/murmsnes.dir/src/snes9x/cpuops.c.o
 .text.Op30     0x100114d8       0xa8 CMakeFiles/murmsnes.dir/src/snes9x/cpuops.c.o
 .text.Op80     0x10011580       0x90 CMakeFiles/murmsnes.dir/src/snes9x/cpuops.c.o
 .text.OpCB     0x10011610       0x4c CMakeFiles/murmsnes.dir/src/snes9x/cpuops.c.o
 .text.Op81M1   0x1001165c       0x64 CMakeFiles/murmsnes.dir/src/snes9x/cpuops.c.o
 .text.Op10     0x100116c0       0xa8 CMakeFiles/murmsnes.dir/src/snes9x/cpuops.c.o
 .text.OpF0     0x10011768       0xa4 CMakeFiles/murmsnes.dir/src/snes9x/cpuops.c.o
 .text.OpD0     0x1001180c       0xa4 CMakeFiles/murmsnes.dir/src/snes9x/cpuops.c.o
 .text.OpB0     0x100118b0       0xa4 CMakeFiles/murmsnes.dir/src/snes9x/cpuops.c.o
 .text.Op90     0x10011954       0xa4 CMakeFiles/murmsnes.dir/src/snes9x/cpuops.c.o
 .text.Op70     0x100119f8       0xa4 CMakeFiles/murmsnes.dir/src/snes9x/cpuops.c.o
 .text.Op50     0x10011a9c       0xa4 CMakeFiles/murmsnes.dir/src/snes9x/cpuops.c.o
 .text.S9xOpcode_IRQ
                0x10011b40      0x178 CMakeFiles/murmsnes.dir/src/snes9x/cpuops.c.o
                0x10011b40                S9xOpcode_IRQ
 .text.S9xOpcode_NMI
                0x10011cb8      0x178 CMakeFiles/murmsnes.dir/src/snes9x/cpuops.c.o
                0x10011cb8                S9xOpcode_NMI
 .text.S9xDoDMA
                0x10011e30      0xfc4 CMakeFiles/murmsnes.dir/src/snes9x/dma.c.o
                0x10011e30                S9xDoDMA
 .text.S9xStartHDMA
                0x10012df4      0x1a4 CMakeFiles/murmsnes.dir/src/snes9x/dma.c.o
                0x10012df4                S9xStartHDMA
 .text.S9xDoHDMA
                0x10012f98      0x2c4 CMakeFiles/murmsnes.dir/src/snes9x/dma.c.o
                0x10012f98                S9xDoHDMA
 .text.S9xResetDMA
                0x1001325c      0x108 CMakeFiles/murmsnes.dir/src/snes9x/dma.c.o
                0x1001325c                S9xResetDMA
 .text.DSP2_Op0D
                0x10013364       0x78 CMakeFiles/murmsnes.dir/src/snes9x/dsp.c.o
 .text.DSP2GetByte
                0x100133dc       0x40 CMakeFiles/murmsnes.dir/src/snes9x/dsp.c.o
                0x100133dc                DSP2GetByte
 .text.DSP3_Reset
                0x1001341c       0x20 CMakeFiles/murmsnes.dir/src/snes9x/dsp.c.o
                0x1001341c                DSP3_Reset
 .text.DSP3_DumpDataROM
                0x1001343c       0x34 CMakeFiles/murmsnes.dir/src/snes9x/dsp.c.o
 .text.DSP3_MemoryDump
                0x10013470       0x28 CMakeFiles/murmsnes.dir/src/snes9x/dsp.c.o
 .text.DSP3_OP06
                0x10013498       0x30 CMakeFiles/murmsnes.dir/src/snes9x/dsp.c.o
 .text.DSP3_OP03
                0x100134c8       0x2c CMakeFiles/murmsnes.dir/src/snes9x/dsp.c.o
 .text.DSP3_OP07_B
                0x100134f4       0x28 CMakeFiles/murmsnes.dir/src/snes9x/dsp.c.o
 .text.DSP3_OP07_A
                0x1001351c       0xa0 CMakeFiles/murmsnes.dir/src/snes9x/dsp.c.o
 .text.DSP3_OP07
                0x100135bc       0x44 CMakeFiles/murmsnes.dir/src/snes9x/dsp.c.o
 .text.DSP3_Coordinate
                0x10013600       0x6c CMakeFiles/murmsnes.dir/src/snes9x/dsp.c.o
 .text.DSP3_Convert_A
                0x1001366c      0x38c CMakeFiles/murmsnes.dir/src/snes9x/dsp.c.o
 .text.DSP3_Convert
                0x100139f8       0x2c CMakeFiles/murmsnes.dir/src/snes9x/dsp.c.o
 .text.DSP3_Decode_A
                0x10013a24       0x34 CMakeFiles/murmsnes.dir/src/snes9x/dsp.c.o
 .text.DSP3_Decode
                0x10013a58       0x1c CMakeFiles/murmsnes.dir/src/snes9x/dsp.c.o
 .text.DSP3_OP3E
                0x10013a74       0x64 CMakeFiles/murmsnes.dir/src/snes9x/dsp.c.o
 .text.DSP3_OP1E_A1
                0x10013ad8       0x1c CMakeFiles/murmsnes.dir/src/snes9x/dsp.c.o
 .text.DSP3_OP1E_A2
                0x10013af4       0x34 CMakeFiles/murmsnes.dir/src/snes9x/dsp.c.o
 .text.DSP3_OP10
                0x10013b28       0x2c CMakeFiles/murmsnes.dir/src/snes9x/dsp.c.o
 .text.DSP3_OP0C
                0x10013b54       0x1c CMakeFiles/murmsnes.dir/src/snes9x/dsp.c.o
 .text.DSP3_OP1C_B
                0x10013b70       0x1c CMakeFiles/murmsnes.dir/src/snes9x/dsp.c.o
 .text.DSP3_OP1C_A
                0x10013b8c       0x10 CMakeFiles/murmsnes.dir/src/snes9x/dsp.c.o
 .text.DSP3_OP1C
                0x10013b9c       0x10 CMakeFiles/murmsnes.dir/src/snes9x/dsp.c.o
 .text.DSP3_Command
                0x10013bac       0xdc CMakeFiles/murmsnes.dir/src/snes9x/dsp.c.o
 .text.DSP4_OP0B
                0x10013c88      0x148 CMakeFiles/murmsnes.dir/src/snes9x/dsp.c.o
 .text.DSP1_NormalizeDouble
                0x10013dd0       0xac CMakeFiles/murmsnes.dir/src/snes9x/dsp.c.o
 .text.DSP2SetByte
                0x10013e7c      0x340 CMakeFiles/murmsnes.dir/src/snes9x/dsp.c.o
                0x10013e7c                DSP2SetByte
 .text.DSP3SetByte
                0x100141bc       0x50 CMakeFiles/murmsnes.dir/src/snes9x/dsp.c.o
                0x100141bc                DSP3SetByte
 .text.DSP3GetByte
                0x1001420c       0x48 CMakeFiles/murmsnes.dir/src/snes9x/dsp.c.o
                0x1001420c                DSP3GetByte
 .text.DSP4GetByte
                0x10014254       0x44 CMakeFiles/murmsnes.dir/src/snes9x/dsp.c.o
                0x10014254                DSP4GetByte
 .text.DSP1_Inverse.part.0
                0x10014298       0xc0 CMakeFiles/murmsnes.dir/src/snes9x/dsp.c.o
 .text.DSP4SetByte
                0x10014358     0x17d4 CMakeFiles/murmsnes.dir/src/snes9x/dsp.c.o
                0x10014358                DSP4SetByte
 .text.DSP3_OP1C_C
                0x10015b2c       0x1c CMakeFiles/murmsnes.dir/src/snes9x/dsp.c.o
 .text.DSP3_TestMemory
                0x10015b48       0x1c CMakeFiles/murmsnes.dir/src/snes9x/dsp.c.o
 .text.DSP3_OP1E_B
                0x10015b64      0x574 CMakeFiles/murmsnes.dir/src/snes9x/dsp.c.o
 .text.DSP3_OP1E_A
                0x100160d8      0x1f0 CMakeFiles/murmsnes.dir/src/snes9x/dsp.c.o
 .text.DSP3_OP1E
                0x100162c8       0xc8 CMakeFiles/murmsnes.dir/src/snes9x/dsp.c.o
 .text.DSP3_OP1E_A3
                0x10016390       0xf8 CMakeFiles/murmsnes.dir/src/snes9x/dsp.c.o
 .text.DSP3_OP1E_C1
                0x10016488      0x1f0 CMakeFiles/murmsnes.dir/src/snes9x/dsp.c.o
 .text.DSP3_OP1E_C
                0x10016678       0xc8 CMakeFiles/murmsnes.dir/src/snes9x/dsp.c.o
 .text.DSP3_OP1E_C2
                0x10016740       0xe0 CMakeFiles/murmsnes.dir/src/snes9x/dsp.c.o
 .text.DSP1_Op0A
                0x10016820      0x268 CMakeFiles/murmsnes.dir/src/snes9x/dsp.c.o
 .text.DSP1GetByte
                0x10016a88       0x94 CMakeFiles/murmsnes.dir/src/snes9x/dsp.c.o
                0x10016a88                DSP1GetByte
 .text.DSP1_Project
                0x10016b1c      0x3d8 CMakeFiles/murmsnes.dir/src/snes9x/dsp.c.o
 .text.DSP1_Parameter
                0x10016ef4      0x730 CMakeFiles/murmsnes.dir/src/snes9x/dsp.c.o
 .text.DSP3_Decode_Data
                0x10017624      0x2ac CMakeFiles/murmsnes.dir/src/snes9x/dsp.c.o
 .text.DSP3_Decode_Tree
                0x100178d0      0x1a4 CMakeFiles/murmsnes.dir/src/snes9x/dsp.c.o
 .text.DSP3_Decode_Symbols
                0x10017a74      0x2e0 CMakeFiles/murmsnes.dir/src/snes9x/dsp.c.o
 .text.DSP1SetByte
                0x10017d54     0x18d8 CMakeFiles/murmsnes.dir/src/snes9x/dsp.c.o
                0x10017d54                DSP1SetByte
 .text.S9xInitDSP
                0x1001962c       0xa8 CMakeFiles/murmsnes.dir/src/snes9x/dsp.c.o
                0x1001962c                S9xInitDSP
 .text.S9xResetDSP
                0x100196d4       0x8c CMakeFiles/murmsnes.dir/src/snes9x/dsp.c.o
                0x100196d4                S9xResetDSP
 .text.S9xGetDSP
                0x10019760        0xc CMakeFiles/murmsnes.dir/src/snes9x/dsp.c.o
                0x10019760                S9xGetDSP
 .text.S9xSetDSP
                0x1001976c        0xc CMakeFiles/murmsnes.dir/src/snes9x/dsp.c.o
                0x1001976c                S9xSetDSP
 .text.S9xGetByte
                0x10019778       0xd4 CMakeFiles/murmsnes.dir/src/snes9x/getset.c.o
                0x10019778                S9xGetByte
 .text.S9xGetWord
                0x1001984c      0x180 CMakeFiles/murmsnes.dir/src/snes9x/getset.c.o
                0x1001984c                S9xGetWord
 .text.S9xSetByte
                0x100199cc      0x128 CMakeFiles/murmsnes.dir/src/snes9x/getset.c.o
                0x100199cc                S9xSetByte
 .text.S9xSetWord
                0x10019af4      0x1cc CMakeFiles/murmsnes.dir/src/snes9x/getset.c.o
                0x10019af4                S9xSetWord
 .text.GetBasePointer
                0x10019cc0       0x54 CMakeFiles/murmsnes.dir/src/snes9x/getset.c.o
                0x10019cc0                GetBasePointer
 .text.S9xGetMemPointer
                0x10019d14       0x74 CMakeFiles/murmsnes.dir/src/snes9x/getset.c.o
                0x10019d14                S9xGetMemPointer
 .text.S9xSetPCBase
                0x10019d88       0x90 CMakeFiles/murmsnes.dir/src/snes9x/getset.c.o
                0x10019d88                S9xSetPCBase
 .text.DrawBackground
                0x10019e18     0x19c8 CMakeFiles/murmsnes.dir/src/snes9x/gfx.c.o
 .text.DrawOBJS
                0x1001b7e0      0xa94 CMakeFiles/murmsnes.dir/src/snes9x/gfx.c.o
 .text.RenderScreen
                0x1001c274     0x2138 CMakeFiles/murmsnes.dir/src/snes9x/gfx.c.o
 .text.S9xInitGFX
                0x1001e3ac      0x118 CMakeFiles/murmsnes.dir/src/snes9x/gfx.c.o
                0x1001e3ac                S9xInitGFX
 .text.S9xStartScreenRefresh
                0x1001e4c4       0xdc CMakeFiles/murmsnes.dir/src/snes9x/gfx.c.o
                0x1001e4c4                S9xStartScreenRefresh
 .text.S9xSetupOBJ
                0x1001e5a0      0x4c0 CMakeFiles/murmsnes.dir/src/snes9x/gfx.c.o
                0x1001e5a0                S9xSetupOBJ
 .text.RenderLine
                0x1001ea60       0xe0 CMakeFiles/murmsnes.dir/src/snes9x/gfx.c.o
                0x1001ea60                RenderLine
 .text.S9xUpdateScreen
                0x1001eb40      0xed4 CMakeFiles/murmsnes.dir/src/snes9x/gfx.c.o
                0x1001eb40                S9xUpdateScreen
 .text.S9xEndScreenRefresh
                0x1001fa14       0x50 CMakeFiles/murmsnes.dir/src/snes9x/gfx.c.o
                0x1001fa14                S9xEndScreenRefresh
 .text.ScoreLoROM.constprop.0
                0x1001fa64       0xf4 CMakeFiles/murmsnes.dir/src/snes9x/memmap.c.o
 .text.ScoreHiROM.constprop.0
                0x1001fb58      0x100 CMakeFiles/murmsnes.dir/src/snes9x/memmap.c.o
 .text.S9xDeinitMemory
                0x1001fc58       0x70 CMakeFiles/murmsnes.dir/src/snes9x/memmap.c.o
                0x1001fc58                S9xDeinitMemory
 .text.S9xInitMemory
                0x1001fcc8      0x158 CMakeFiles/murmsnes.dir/src/snes9x/memmap.c.o
                0x1001fcc8                S9xInitMemory
 .text.ParseSNESHeader
                0x1001fe20       0xa4 CMakeFiles/murmsnes.dir/src/snes9x/memmap.c.o
                0x1001fe20                ParseSNESHeader
 .text.FixROMSpeed
                0x1001fec4       0x40 CMakeFiles/murmsnes.dir/src/snes9x/memmap.c.o
                0x1001fec4                FixROMSpeed
 .text.ResetSpeedMap
                0x1001ff04       0xf0 CMakeFiles/murmsnes.dir/src/snes9x/memmap.c.o
                0x1001ff04                ResetSpeedMap
 .text.MapRAM   0x1001fff4      0x5fc CMakeFiles/murmsnes.dir/src/snes9x/memmap.c.o
                0x1001fff4                MapRAM
 .text.MapExtraRAM
                0x100205f0      0x298 CMakeFiles/murmsnes.dir/src/snes9x/memmap.c.o
                0x100205f0                MapExtraRAM
 .text.DSPMap   0x10020888      0x6b8 CMakeFiles/murmsnes.dir/src/snes9x/memmap.c.o
                0x10020888                DSPMap
 .text.LoROMMap
                0x10020f40      0x604 CMakeFiles/murmsnes.dir/src/snes9x/memmap.c.o
                0x10020f40                LoROMMap
 .text.HiROMMap
                0x10021544      0x50c CMakeFiles/murmsnes.dir/src/snes9x/memmap.c.o
                0x10021544                HiROMMap
 .text.TalesROMMap
                0x10021a50      0x768 CMakeFiles/murmsnes.dir/src/snes9x/memmap.c.o
                0x10021a50                TalesROMMap
 .text.AlphaROMMap
                0x100221b8      0x424 CMakeFiles/murmsnes.dir/src/snes9x/memmap.c.o
                0x100221b8                AlphaROMMap
 .text.LoROM24MBSMap
                0x100225dc      0x4ac CMakeFiles/murmsnes.dir/src/snes9x/memmap.c.o
                0x100225dc                LoROM24MBSMap
 .text.SRAM512KLoROMMap
                0x10022a88      0x3ac CMakeFiles/murmsnes.dir/src/snes9x/memmap.c.o
                0x10022a88                SRAM512KLoROMMap
 .text.SRAM1024KLoROMMap
                0x10022e34      0x41c CMakeFiles/murmsnes.dir/src/snes9x/memmap.c.o
                0x10022e34                SRAM1024KLoROMMap
 .text.CapcomProtectLoROMMap
                0x10023250      0x3b4 CMakeFiles/murmsnes.dir/src/snes9x/memmap.c.o
                0x10023250                CapcomProtectLoROMMap
 .text.JumboLoROMMap
                0x10023604      0x8e4 CMakeFiles/murmsnes.dir/src/snes9x/memmap.c.o
                0x10023604                JumboLoROMMap
 .text.ApplyROMFixes
                0x10023ee8      0x864 CMakeFiles/murmsnes.dir/src/snes9x/memmap.c.o
                0x10023ee8                ApplyROMFixes
 .text.InitROM  0x1002474c      0x57c CMakeFiles/murmsnes.dir/src/snes9x/memmap.c.o
                0x1002474c                InitROM
 .text.LoadROM  0x10024cc8      0x310 CMakeFiles/murmsnes.dir/src/snes9x/memmap.c.o
                0x10024cc8                LoadROM
 .text.SetOBC1  0x10024fd8       0xf0 CMakeFiles/murmsnes.dir/src/snes9x/obc1.c.o
                0x10024fd8                SetOBC1
 .text.GetMemPointerOBC1
                0x100250c8       0x10 CMakeFiles/murmsnes.dir/src/snes9x/obc1.c.o
                0x100250c8                GetMemPointerOBC1
 .text.ResetOBC1
                0x100250d8       0x40 CMakeFiles/murmsnes.dir/src/snes9x/obc1.c.o
                0x100250d8                ResetOBC1
 .text.S9xUpdateHTimer.part.0
                0x10025118       0xa8 CMakeFiles/murmsnes.dir/src/snes9x/ppu.c.o
 .text.S9xProcessMouse.part.0
                0x100251c0      0x174 CMakeFiles/murmsnes.dir/src/snes9x/ppu.c.o
 .text.S9xFixColourBrightness
                0x10025334       0x78 CMakeFiles/murmsnes.dir/src/snes9x/ppu.c.o
                0x10025334                S9xFixColourBrightness
 .text.S9xSetPPU
                0x100253ac     0x1254 CMakeFiles/murmsnes.dir/src/snes9x/ppu.c.o
                0x100253ac                S9xSetPPU
 .text.S9xGetPPU
                0x10026600      0x4d0 CMakeFiles/murmsnes.dir/src/snes9x/ppu.c.o
                0x10026600                S9xGetPPU
 .text.S9xSetCPU
                0x10026ad0      0xb74 CMakeFiles/murmsnes.dir/src/snes9x/ppu.c.o
                0x10026ad0                S9xSetCPU
 .text.S9xGetCPU
                0x10027644      0x8bc CMakeFiles/murmsnes.dir/src/snes9x/ppu.c.o
                0x10027644                S9xGetCPU
 .text.S9xNextController
                0x10027f00       0x78 CMakeFiles/murmsnes.dir/src/snes9x/ppu.c.o
                0x10027f00                S9xNextController
 .text.CommonPPUReset
                0x10027f78      0x208 CMakeFiles/murmsnes.dir/src/snes9x/ppu.c.o
 .text.S9xResetPPU
                0x10028180       0xc4 CMakeFiles/murmsnes.dir/src/snes9x/ppu.c.o
                0x10028180                S9xResetPPU
 .text.S9xUpdateJustifiers
                0x10028244      0x100 CMakeFiles/murmsnes.dir/src/snes9x/ppu.c.o
                0x10028244                S9xUpdateJustifiers
 .text.S9xUpdateJoypads
                0x10028344      0x244 CMakeFiles/murmsnes.dir/src/snes9x/ppu.c.o
                0x10028344                S9xUpdateJoypads
 .text.S9xSetEnvelopeRate
                0x10028588      0x140 CMakeFiles/murmsnes.dir/src/snes9x/soundux.c.o
                0x10028588                S9xSetEnvelopeRate
 .text.S9xSetSoundVolume
                0x100286c8       0x3c CMakeFiles/murmsnes.dir/src/snes9x/soundux.c.o
                0x100286c8                S9xSetSoundVolume
 .text.S9xSetMasterVolume
                0x10028704       0x24 CMakeFiles/murmsnes.dir/src/snes9x/soundux.c.o
                0x10028704                S9xSetMasterVolume
 .text.S9xSetEchoVolume
                0x10028728       0x10 CMakeFiles/murmsnes.dir/src/snes9x/soundux.c.o
                0x10028728                S9xSetEchoVolume
 .text.S9xSetEchoEnable
                0x10028738       0xe0 CMakeFiles/murmsnes.dir/src/snes9x/soundux.c.o
                0x10028738                S9xSetEchoEnable
 .text.S9xSetEchoFeedback
                0x10028818       0x10 CMakeFiles/murmsnes.dir/src/snes9x/soundux.c.o
                0x10028818                S9xSetEchoFeedback
 .text.S9xSetEchoDelay
                0x10028828       0x48 CMakeFiles/murmsnes.dir/src/snes9x/soundux.c.o
                0x10028828                S9xSetEchoDelay
 .text.S9xSetEchoWriteEnable
                0x10028870       0x58 CMakeFiles/murmsnes.dir/src/snes9x/soundux.c.o
                0x10028870                S9xSetEchoWriteEnable
 .text.S9xSetFrequencyModulationEnable
                0x100288c8       0x10 CMakeFiles/murmsnes.dir/src/snes9x/soundux.c.o
                0x100288c8                S9xSetFrequencyModulationEnable
 .text.S9xSetSoundKeyOff
                0x100288d8       0x48 CMakeFiles/murmsnes.dir/src/snes9x/soundux.c.o
                0x100288d8                S9xSetSoundKeyOff
 .text.S9xSetFilterCoefficient
                0x10028920       0x50 CMakeFiles/murmsnes.dir/src/snes9x/soundux.c.o
                0x10028920                S9xSetFilterCoefficient
 .text.S9xSetSoundADSR
                0x10028970      0x140 CMakeFiles/murmsnes.dir/src/snes9x/soundux.c.o
                0x10028970                S9xSetSoundADSR
 .text.S9xSetEnvelopeHeight
                0x10028ab0       0x90 CMakeFiles/murmsnes.dir/src/snes9x/soundux.c.o
                0x10028ab0                S9xSetEnvelopeHeight
 .text.S9xSetSoundFrequency
                0x10028b40       0x48 CMakeFiles/murmsnes.dir/src/snes9x/soundux.c.o
                0x10028b40                S9xSetSoundFrequency
 .text.S9xSetSoundHertz
                0x10028b88       0x4c CMakeFiles/murmsnes.dir/src/snes9x/soundux.c.o
                0x10028b88                S9xSetSoundHertz
 .text.S9xSetSoundType
                0x10028bd4       0x10 CMakeFiles/murmsnes.dir/src/snes9x/soundux.c.o
                0x10028bd4                S9xSetSoundType
 .text.DecodeBlock
                0x10028be4      0x52c CMakeFiles/murmsnes.dir/src/snes9x/soundux.c.o
                0x10028be4                DecodeBlock
 .text.S9xMixSamples
                0x10029110      0xc2c CMakeFiles/murmsnes.dir/src/snes9x/soundux.c.o
                0x10029110                S9xMixSamples
 .text.S9xResetSound
                0x10029d3c      0x284 CMakeFiles/murmsnes.dir/src/snes9x/soundux.c.o
                0x10029d3c                S9xResetSound
 .text.S9xSetPlaybackRate
                0x10029fc0      0x488 CMakeFiles/murmsnes.dir/src/snes9x/soundux.c.o
                0x10029fc0                S9xSetPlaybackRate
 .text.S9xInitSound
                0x1002a448       0x3c CMakeFiles/murmsnes.dir/src/snes9x/soundux.c.o
                0x1002a448                S9xInitSound
 .text.S9xSetSoundMode
                0x1002a484       0x60 CMakeFiles/murmsnes.dir/src/snes9x/soundux.c.o
                0x1002a484                S9xSetSoundMode
 .text.S9xPlaySample
                0x1002a4e4      0x2a4 CMakeFiles/murmsnes.dir/src/snes9x/soundux.c.o
                0x1002a4e4                S9xPlaySample
 .text.S9xAPUSetByte
                0x1002a788       0x84 CMakeFiles/murmsnes.dir/src/snes9x/spc700.c.o
 .text.S9xAPUGetByteZ
                0x1002a80c       0x58 CMakeFiles/murmsnes.dir/src/snes9x/spc700.c.o
 .text.S9xAPUSetByteZ
                0x1002a864       0x78 CMakeFiles/murmsnes.dir/src/snes9x/spc700.c.o
 .text.APUExecute
                0x1002a8dc     0x3dd8 CMakeFiles/murmsnes.dir/src/snes9x/spc700.c.o
                0x1002a8dc                APUExecute
 .text.S9xUpdateSrtcTime.part.0
                0x1002e6b4      0x288 CMakeFiles/murmsnes.dir/src/snes9x/srtc.c.o
 .text.S9xResetSRTC
                0x1002e93c       0x10 CMakeFiles/murmsnes.dir/src/snes9x/srtc.c.o
                0x1002e93c                S9xResetSRTC
 .text.S9xSetSRTC
                0x1002e94c      0x110 CMakeFiles/murmsnes.dir/src/snes9x/srtc.c.o
                0x1002e94c                S9xSetSRTC
 .text.S9xGetSRTC
                0x1002ea5c       0x48 CMakeFiles/murmsnes.dir/src/snes9x/srtc.c.o
                0x1002ea5c                S9xGetSRTC
 .text.ConvertTile
                0x1002eaa4      0x4d8 CMakeFiles/murmsnes.dir/src/snes9x/tile.c.o
 .text.WRITE_4PIXELS16x2x2
                0x1002ef7c      0x160 CMakeFiles/murmsnes.dir/src/snes9x/tile.c.o
 .text.WRITE_4PIXELS16_FLIPPEDx2x2
                0x1002f0dc      0x160 CMakeFiles/murmsnes.dir/src/snes9x/tile.c.o
 .text.WRITE_4PIXELS16_ADD
                0x1002f23c      0x2a4 CMakeFiles/murmsnes.dir/src/snes9x/tile.c.o
 .text.WRITE_4PIXELS16_FLIPPED_ADD
                0x1002f4e0      0x2a4 CMakeFiles/murmsnes.dir/src/snes9x/tile.c.o
 .text.WRITE_4PIXELS16_ADD1_2
                0x1002f784      0x288 CMakeFiles/murmsnes.dir/src/snes9x/tile.c.o
 .text.WRITE_4PIXELS16_FLIPPED_ADD1_2
                0x1002fa0c      0x288 CMakeFiles/murmsnes.dir/src/snes9x/tile.c.o
 .text.WRITE_4PIXELS16_SUB
                0x1002fc94      0x2e8 CMakeFiles/murmsnes.dir/src/snes9x/tile.c.o
 .text.WRITE_4PIXELS16_FLIPPED_SUB
                0x1002ff7c      0x2e8 CMakeFiles/murmsnes.dir/src/snes9x/tile.c.o
 .text.WRITE_4PIXELS16_SUB1_2
                0x10030264      0x2a8 CMakeFiles/murmsnes.dir/src/snes9x/tile.c.o
 .text.WRITE_4PIXELS16_FLIPPED_SUB1_2
                0x1003050c      0x2a8 CMakeFiles/murmsnes.dir/src/snes9x/tile.c.o
 .text.WRITE_4PIXELS16_ADDF1_2
                0x100307b4      0x148 CMakeFiles/murmsnes.dir/src/snes9x/tile.c.o
 .text.WRITE_4PIXELS16_FLIPPED_ADDF1_2
                0x100308fc      0x148 CMakeFiles/murmsnes.dir/src/snes9x/tile.c.o
 .text.WRITE_4PIXELS16_SUBF1_2
                0x10030a44      0x140 CMakeFiles/murmsnes.dir/src/snes9x/tile.c.o
 .text.WRITE_4PIXELS16_FLIPPED_SUBF1_2
                0x10030b84      0x140 CMakeFiles/murmsnes.dir/src/snes9x/tile.c.o
 .text.DrawTile16
                0x10030cc4      0x60c CMakeFiles/murmsnes.dir/src/snes9x/tile.c.o
                0x10030cc4                DrawTile16
 .text.DrawClippedTile16
                0x100312d0      0x778 CMakeFiles/murmsnes.dir/src/snes9x/tile.c.o
                0x100312d0                DrawClippedTile16
 .text.DrawTile16HalfWidth
                0x10031a48      0x3b0 CMakeFiles/murmsnes.dir/src/snes9x/tile.c.o
                0x10031a48                DrawTile16HalfWidth
 .text.DrawClippedTile16HalfWidth
                0x10031df8      0x52c CMakeFiles/murmsnes.dir/src/snes9x/tile.c.o
                0x10031df8                DrawClippedTile16HalfWidth
 .text.DrawTile16x2
                0x10032324      0x8c0 CMakeFiles/murmsnes.dir/src/snes9x/tile.c.o
                0x10032324                DrawTile16x2
 .text.DrawClippedTile16x2
                0x10032be4      0xa78 CMakeFiles/murmsnes.dir/src/snes9x/tile.c.o
                0x10032be4                DrawClippedTile16x2
 .text.DrawTile16x2x2
                0x1003365c      0x194 CMakeFiles/murmsnes.dir/src/snes9x/tile.c.o
                0x1003365c                DrawTile16x2x2
 .text.DrawClippedTile16x2x2
                0x100337f0      0x2c4 CMakeFiles/murmsnes.dir/src/snes9x/tile.c.o
                0x100337f0                DrawClippedTile16x2x2
 .text.DrawLargePixel16
                0x10033ab4      0x178 CMakeFiles/murmsnes.dir/src/snes9x/tile.c.o
                0x10033ab4                DrawLargePixel16
 .text.DrawLargePixel16HalfWidth
                0x10033c2c      0x170 CMakeFiles/murmsnes.dir/src/snes9x/tile.c.o
                0x10033c2c                DrawLargePixel16HalfWidth
 .text.DrawTile16Add
                0x10033d9c      0x540 CMakeFiles/murmsnes.dir/src/snes9x/tile.c.o
                0x10033d9c                DrawTile16Add
 .text.DrawClippedTile16Add
                0x100342dc      0x2bc CMakeFiles/murmsnes.dir/src/snes9x/tile.c.o
                0x100342dc                DrawClippedTile16Add
 .text.DrawTile16Add1_2
                0x10034598      0x18c CMakeFiles/murmsnes.dir/src/snes9x/tile.c.o
                0x10034598                DrawTile16Add1_2
 .text.DrawClippedTile16Add1_2
                0x10034724      0x2bc CMakeFiles/murmsnes.dir/src/snes9x/tile.c.o
                0x10034724                DrawClippedTile16Add1_2
 .text.DrawTile16Sub
                0x100349e0      0x18c CMakeFiles/murmsnes.dir/src/snes9x/tile.c.o
                0x100349e0                DrawTile16Sub
 .text.DrawClippedTile16Sub
                0x10034b6c      0x2bc CMakeFiles/murmsnes.dir/src/snes9x/tile.c.o
                0x10034b6c                DrawClippedTile16Sub
 .text.DrawTile16Sub1_2
                0x10034e28      0x18c CMakeFiles/murmsnes.dir/src/snes9x/tile.c.o
                0x10034e28                DrawTile16Sub1_2
 .text.DrawClippedTile16Sub1_2
                0x10034fb4      0x2bc CMakeFiles/murmsnes.dir/src/snes9x/tile.c.o
                0x10034fb4                DrawClippedTile16Sub1_2
 .text.DrawTile16FixedAdd1_2
                0x10035270      0x18c CMakeFiles/murmsnes.dir/src/snes9x/tile.c.o
                0x10035270                DrawTile16FixedAdd1_2
 .text.DrawClippedTile16FixedAdd1_2
                0x100353fc      0x2bc CMakeFiles/murmsnes.dir/src/snes9x/tile.c.o
                0x100353fc                DrawClippedTile16FixedAdd1_2
 .text.DrawTile16FixedSub1_2
                0x100356b8      0x18c CMakeFiles/murmsnes.dir/src/snes9x/tile.c.o
                0x100356b8                DrawTile16FixedSub1_2
 .text.DrawClippedTile16FixedSub1_2
                0x10035844      0x2bc CMakeFiles/murmsnes.dir/src/snes9x/tile.c.o
                0x10035844                DrawClippedTile16FixedSub1_2
 .text.DrawLargePixel16Add
                0x10035b00      0x2fc CMakeFiles/murmsnes.dir/src/snes9x/tile.c.o
                0x10035b00                DrawLargePixel16Add
 .text.DrawLargePixel16Add1_2
                0x10035dfc      0x2e4 CMakeFiles/murmsnes.dir/src/snes9x/tile.c.o
                0x10035dfc                DrawLargePixel16Add1_2
 .text.DrawLargePixel16Sub
                0x100360e0      0x314 CMakeFiles/murmsnes.dir/src/snes9x/tile.c.o
                0x100360e0                DrawLargePixel16Sub
 .text.DrawLargePixel16Sub1_2
                0x100363f4      0x30c CMakeFiles/murmsnes.dir/src/snes9x/tile.c.o
                0x100363f4                DrawLargePixel16Sub1_2
 .text.gpio_set_function
                0x10036700       0x3c CMakeFiles/murmsnes.dir/Users/A2506402/pico/pico-sdk/src/rp2_common/hardware_gpio/gpio.c.o
                0x10036700                gpio_set_function
 .text.gpio_set_pulls
                0x1003673c       0x28 CMakeFiles/murmsnes.dir/Users/A2506402/pico/pico-sdk/src/rp2_common/hardware_gpio/gpio.c.o
                0x1003673c                gpio_set_pulls
 .text.gpio_set_slew_rate
                0x10036764       0x1c CMakeFiles/murmsnes.dir/Users/A2506402/pico/pico-sdk/src/rp2_common/hardware_gpio/gpio.c.o
                0x10036764                gpio_set_slew_rate
 .text.gpio_set_drive_strength
                0x10036780       0x20 CMakeFiles/murmsnes.dir/Users/A2506402/pico/pico-sdk/src/rp2_common/hardware_gpio/gpio.c.o
                0x10036780                gpio_set_drive_strength
 .text.gpio_init
                0x100367a0       0x48 CMakeFiles/murmsnes.dir/Users/A2506402/pico/pico-sdk/src/rp2_common/hardware_gpio/gpio.c.o
                0x100367a0                gpio_init
 .text.panic    0x100367e8       0x30 CMakeFiles/murmsnes.dir/Users/A2506402/pico/pico-sdk/src/rp2_common/pico_platform_panic/panic.c.o
                0x100367e8                panic
 .text.hw_claim_lock
                0x10036818       0x24 CMakeFiles/murmsnes.dir/Users/A2506402/pico/pico-sdk/src/common/hardware_claim/claim.c.o
                0x10036818                hw_claim_lock
 .text.hw_claim_unlock
                0x1003683c       0x14 CMakeFiles/murmsnes.dir/Users/A2506402/pico/pico-sdk/src/common/hardware_claim/claim.c.o
                0x1003683c                hw_claim_unlock
 .text.hw_claim_or_assert
                0x10036850       0x58 CMakeFiles/murmsnes.dir/Users/A2506402/pico/pico-sdk/src/common/hardware_claim/claim.c.o
                0x10036850                hw_claim_or_assert
 .text.hw_claim_unused_from_range
                0x100368a8       0x80 CMakeFiles/murmsnes.dir/Users/A2506402/pico/pico-sdk/src/common/hardware_claim/claim.c.o
                0x100368a8                hw_claim_unused_from_range
 .text.next_striped_spin_lock_num
                0x10036928       0x18 CMakeFiles/murmsnes.dir/Users/A2506402/pico/pico-sdk/src/rp2_common/hardware_sync/sync.c.o
                0x10036928                next_striped_spin_lock_num
 .text.spin_lock_claim_unused
                0x10036940       0x20 CMakeFiles/murmsnes.dir/Users/A2506402/pico/pico-sdk/src/rp2_common/hardware_sync/sync.c.o
                0x10036940                spin_lock_claim_unused
 .text.spinlock_set_extexclall
                0x10036960       0x10 CMakeFiles/murmsnes.dir/Users/A2506402/pico/pico-sdk/src/rp2_common/hardware_sync_spin_lock/sync_spin_lock.c.o
 .text.spin_locks_reset
                0x10036970       0x18 CMakeFiles/murmsnes.dir/Users/A2506402/pico/pico-sdk/src/rp2_common/hardware_sync_spin_lock/sync_spin_lock.c.o
                0x10036970                spin_locks_reset
 .text.spin_lock_init
                0x10036988       0x10 CMakeFiles/murmsnes.dir/Users/A2506402/pico/pico-sdk/src/rp2_common/hardware_sync_spin_lock/sync_spin_lock.c.o
                0x10036988                spin_lock_init
 .text.runtime_init_per_core_irq_priorities
                0x10036998       0x40 CMakeFiles/murmsnes.dir/Users/A2506402/pico/pico-sdk/src/rp2_common/hardware_irq/irq.c.o
                0x10036998                runtime_init_per_core_irq_priorities
 .text.irq_set_enabled
                0x100369d8       0x2c CMakeFiles/murmsnes.dir/Users/A2506402/pico/pico-sdk/src/rp2_common/hardware_irq/irq.c.o
                0x100369d8                irq_set_enabled
 .text.irq_is_enabled
                0x10036a04       0x20 CMakeFiles/murmsnes.dir/Users/A2506402/pico/pico-sdk/src/rp2_common/hardware_irq/irq.c.o
                0x10036a04                irq_is_enabled
 .text.irq_set_pending
                0x10036a24       0x18 CMakeFiles/murmsnes.dir/Users/A2506402/pico/pico-sdk/src/rp2_common/hardware_irq/irq.c.o
                0x10036a24                irq_set_pending
 .text.irq_has_shared_handler
                0x10036a3c       0x20 CMakeFiles/murmsnes.dir/Users/A2506402/pico/pico-sdk/src/rp2_common/hardware_irq/irq.c.o
                0x10036a3c                irq_has_shared_handler
 .text.irq_set_exclusive_handler
                0x10036a5c       0x60 CMakeFiles/murmsnes.dir/Users/A2506402/pico/pico-sdk/src/rp2_common/hardware_irq/irq.c.o
                0x10036a5c                irq_set_exclusive_handler
 .text.irq_get_exclusive_handler
                0x10036abc       0x60 CMakeFiles/murmsnes.dir/Users/A2506402/pico/pico-sdk/src/rp2_common/hardware_irq/irq.c.o
                0x10036abc                irq_get_exclusive_handler
 .text.irq_add_shared_handler
                0x10036b1c      0x1e8 CMakeFiles/murmsnes.dir/Users/A2506402/pico/pico-sdk/src/rp2_common/hardware_irq/irq.c.o
                0x10036b1c                irq_add_shared_handler
 .text.irq_remove_handler
                0x10036d04      0x1f4 CMakeFiles/murmsnes.dir/Users/A2506402/pico/pico-sdk/src/rp2_common/hardware_irq/irq.c.o
                0x10036d04                irq_remove_handler
 .text.irq_set_priority
                0x10036ef8       0x28 CMakeFiles/murmsnes.dir/Users/A2506402/pico/pico-sdk/src/rp2_common/hardware_irq/irq.c.o
                0x10036ef8                irq_set_priority
 .text.irq_add_tail_to_free_list
                0x10036f20       0xbc CMakeFiles/murmsnes.dir/Users/A2506402/pico/pico-sdk/src/rp2_common/hardware_irq/irq.c.o
                0x10036f20                irq_add_tail_to_free_list
 .text.user_irq_claim_unused
                0x10036fdc       0x28 CMakeFiles/murmsnes.dir/Users/A2506402/pico/pico-sdk/src/rp2_common/hardware_irq/irq.c.o
                0x10036fdc                user_irq_claim_unused
 .text.sem_init
                0x10037004       0x20 CMakeFiles/murmsnes.dir/Users/A2506402/pico/pico-sdk/src/common/pico_sync/sem.c.o
                0x10037004                sem_init
 .text.lock_init
                0x10037024        0xc CMakeFiles/murmsnes.dir/Users/A2506402/pico/pico-sdk/src/common/pico_sync/lock_core.c.o
                0x10037024                lock_init
 .text.runtime_init_mutex
                0x10037030       0x4c CMakeFiles/murmsnes.dir/Users/A2506402/pico/pico-sdk/src/common/pico_sync/mutex.c.o
                0x10037030                runtime_init_mutex
 .text.mutex_init
                0x1003707c       0x1c CMakeFiles/murmsnes.dir/Users/A2506402/pico/pico-sdk/src/common/pico_sync/mutex.c.o
                0x1003707c                mutex_init
 .text.critical_section_init
                0x10037098       0x1c CMakeFiles/murmsnes.dir/Users/A2506402/pico/pico-sdk/src/common/pico_sync/critical_section.c.o
                0x10037098                critical_section_init
 .text.critical_section_init_with_lock_num
                0x100370b4       0x10 CMakeFiles/murmsnes.dir/Users/A2506402/pico/pico-sdk/src/common/pico_sync/critical_section.c.o
                0x100370b4                critical_section_init_with_lock_num
 .text.sleep_until_callback
                0x100370c4       0x3c CMakeFiles/murmsnes.dir/Users/A2506402/pico/pico-sdk/src/common/pico_time/time.c.o
 .text.alarm_pool_irq_handler
                0x10037100      0x2fc CMakeFiles/murmsnes.dir/Users/A2506402/pico/pico-sdk/src/common/pico_time/time.c.o
 .text.runtime_init_default_alarm_pool
                0x100373fc      0x100 CMakeFiles/murmsnes.dir/Users/A2506402/pico/pico-sdk/src/common/pico_time/time.c.o
                0x100373fc                runtime_init_default_alarm_pool
 .text.alarm_pool_get_default
                0x100374fc        0x8 CMakeFiles/murmsnes.dir/Users/A2506402/pico/pico-sdk/src/common/pico_time/time.c.o
                0x100374fc                alarm_pool_get_default
 .text.alarm_pool_add_alarm_at
                0x10037504       0xdc CMakeFiles/murmsnes.dir/Users/A2506402/pico/pico-sdk/src/common/pico_time/time.c.o
                0x10037504                alarm_pool_add_alarm_at
 .text.alarm_pool_add_alarm_at_force_in_context
                0x100375e0       0xc8 CMakeFiles/murmsnes.dir/Users/A2506402/pico/pico-sdk/src/common/pico_time/time.c.o
                0x100375e0                alarm_pool_add_alarm_at_force_in_context
 .text.alarm_pool_cancel_alarm
                0x100376a8       0x80 CMakeFiles/murmsnes.dir/Users/A2506402/pico/pico-sdk/src/common/pico_time/time.c.o
                0x100376a8                alarm_pool_cancel_alarm
 .text.alarm_pool_core_num
                0x10037728        0x4 CMakeFiles/murmsnes.dir/Users/A2506402/pico/pico-sdk/src/common/pico_time/time.c.o
                0x10037728                alarm_pool_core_num
 .text.sleep_ms
                0x1003772c       0xdc CMakeFiles/murmsnes.dir/Users/A2506402/pico/pico-sdk/src/common/pico_time/time.c.o
                0x1003772c                sleep_ms
 .text.best_effort_wfe_or_timeout
                0x10037808       0xd4 CMakeFiles/murmsnes.dir/Users/A2506402/pico/pico-sdk/src/common/pico_time/time.c.o
                0x10037808                best_effort_wfe_or_timeout
 .text.timer_hardware_alarm_claim
                0x100378dc       0x24 CMakeFiles/murmsnes.dir/Users/A2506402/pico/pico-sdk/src/rp2_common/hardware_timer/timer.c.o
                0x100378dc                timer_hardware_alarm_claim
 .text.timer_time_us_64
                0x10037900       0x10 CMakeFiles/murmsnes.dir/Users/A2506402/pico/pico-sdk/src/rp2_common/hardware_timer/timer.c.o
                0x10037900                timer_time_us_64
 .text.time_us_64
                0x10037910       0x14 CMakeFiles/murmsnes.dir/Users/A2506402/pico/pico-sdk/src/rp2_common/hardware_timer/timer.c.o
                0x10037910                time_us_64
 .text.busy_wait_us
                0x10037924       0x5c CMakeFiles/murmsnes.dir/Users/A2506402/pico/pico-sdk/src/rp2_common/hardware_timer/timer.c.o
                0x10037924                busy_wait_us
 .text.busy_wait_until
                0x10037980       0x24 CMakeFiles/murmsnes.dir/Users/A2506402/pico/pico-sdk/src/rp2_common/hardware_timer/timer.c.o
                0x10037980                busy_wait_until
 .text.clock_configure_undivided
                0x100379a4       0xd0 CMakeFiles/murmsnes.dir/Users/A2506402/pico/pico-sdk/src/rp2_common/hardware_clocks/clocks.c.o
                0x100379a4                clock_configure_undivided
 .text.clock_get_hz
                0x10037a74        0xc CMakeFiles/murmsnes.dir/Users/A2506402/pico/pico-sdk/src/rp2_common/hardware_clocks/clocks.c.o
                0x10037a74                clock_get_hz
 .text.set_sys_clock_pll
                0x10037a80      0x184 CMakeFiles/murmsnes.dir/Users/A2506402/pico/pico-sdk/src/rp2_common/hardware_clocks/clocks.c.o
                0x10037a80                set_sys_clock_pll
 .text.check_sys_clock_khz
                0x10037c04      0x19c CMakeFiles/murmsnes.dir/Users/A2506402/pico/pico-sdk/src/rp2_common/hardware_clocks/clocks.c.o
                0x10037c04                check_sys_clock_khz
 .text.pll_init
                0x10037da0       0x8c CMakeFiles/murmsnes.dir/Users/A2506402/pico/pico-sdk/src/rp2_common/hardware_pll/pll.c.o
                0x10037da0                pll_init
 .text.vreg_set_voltage
                0x10037e2c       0x44 CMakeFiles/murmsnes.dir/Users/A2506402/pico/pico-sdk/src/rp2_common/hardware_vreg/vreg.c.o
                0x10037e2c                vreg_set_voltage
 .text.vreg_disable_voltage_limit
                0x10037e70       0x10 CMakeFiles/murmsnes.dir/Users/A2506402/pico/pico-sdk/src/rp2_common/hardware_vreg/vreg.c.o
                0x10037e70                vreg_disable_voltage_limit
 .text.watchdog_reboot
                0x10037e80       0x98 CMakeFiles/murmsnes.dir/Users/A2506402/pico/pico-sdk/src/rp2_common/hardware_watchdog/watchdog.c.o
                0x10037e80                watchdog_reboot
 .text.tick_start
                0x10037f18       0x18 CMakeFiles/murmsnes.dir/Users/A2506402/pico/pico-sdk/src/rp2_common/hardware_ticks/ticks.c.o
                0x10037f18                tick_start
 .text.rom_reboot.constprop.0.isra.0
                0x10037f30       0x34 CMakeFiles/murmsnes.dir/Users/A2506402/pico/pico-sdk/src/rp2_common/pico_bootrom/bootrom.c.o
 .text.rom_func_lookup
                0x10037f64       0x18 CMakeFiles/murmsnes.dir/Users/A2506402/pico/pico-sdk/src/rp2_common/pico_bootrom/bootrom.c.o
                0x10037f64                rom_func_lookup
 .text.rom_reset_usb_boot_extra
                0x10037f7c       0x1c CMakeFiles/murmsnes.dir/Users/A2506402/pico/pico-sdk/src/rp2_common/pico_bootrom/bootrom.c.o
                0x10037f7c                rom_reset_usb_boot_extra
 .text.runtime_init_bootrom_locking_enable
                0x10037f98       0x14 CMakeFiles/murmsnes.dir/Users/A2506402/pico/pico-sdk/src/rp2_common/pico_bootrom/bootrom_lock.c.o
                0x10037f98                runtime_init_bootrom_locking_enable
 .text.runtime_init_boot_locks_reset
                0x10037fac       0x1c CMakeFiles/murmsnes.dir/Users/A2506402/pico/pico-sdk/src/rp2_common/hardware_boot_lock/boot_lock.c.o
                0x10037fac                runtime_init_boot_locks_reset
 .text.xosc_init
                0x10037fc8       0x30 CMakeFiles/murmsnes.dir/Users/A2506402/pico/pico-sdk/src/rp2_common/hardware_xosc/xosc.c.o
                0x10037fc8                xosc_init
 .text.first_per_core_initializer
                0x10037ff8        0x4 CMakeFiles/murmsnes.dir/Users/A2506402/pico/pico-sdk/src/rp2_common/pico_runtime/runtime.c.o
 .text.hard_assertion_failure
                0x10037ffc        0xc CMakeFiles/murmsnes.dir/Users/A2506402/pico/pico-sdk/src/rp2_common/pico_runtime/runtime.c.o
                0x10037ffc                hard_assertion_failure
 .text.runtime_run_initializers
                0x10038008       0x20 CMakeFiles/murmsnes.dir/Users/A2506402/pico/pico-sdk/src/rp2_common/pico_runtime/runtime.c.o
                0x10038008                runtime_run_initializers
 .text.runtime_run_per_core_initializers
                0x10038028       0x20 CMakeFiles/murmsnes.dir/Users/A2506402/pico/pico-sdk/src/rp2_common/pico_runtime/runtime.c.o
                0x10038028                runtime_run_per_core_initializers
 .text.runtime_init_early_resets
                0x10038048       0x34 CMakeFiles/murmsnes.dir/Users/A2506402/pico/pico-sdk/src/rp2_common/pico_runtime_init/runtime_init.c.o
                0x10038048                runtime_init_early_resets
 .text.runtime_init_usb_power_down
                0x1003807c       0x1c CMakeFiles/murmsnes.dir/Users/A2506402/pico/pico-sdk/src/rp2_common/pico_runtime_init/runtime_init.c.o
                0x1003807c                runtime_init_usb_power_down
 .text.runtime_init_per_core_enable_coprocessors
                0x10038098       0x1c CMakeFiles/murmsnes.dir/Users/A2506402/pico/pico-sdk/src/rp2_common/pico_runtime_init/runtime_init.c.o
                0x10038098                runtime_init_per_core_enable_coprocessors
 .text.runtime_init_post_clock_resets
                0x100380b4       0x20 CMakeFiles/murmsnes.dir/Users/A2506402/pico/pico-sdk/src/rp2_common/pico_runtime_init/runtime_init.c.o
                0x100380b4                runtime_init_post_clock_resets
 .text.runtime_init_bootrom_reset
                0x100380d4       0x14 CMakeFiles/murmsnes.dir/Users/A2506402/pico/pico-sdk/src/rp2_common/pico_runtime_init/runtime_init.c.o
                0x100380d4                runtime_init_bootrom_reset
 .text.runtime_init_per_core_bootrom_reset
                0x100380e8       0x14 CMakeFiles/murmsnes.dir/Users/A2506402/pico/pico-sdk/src/rp2_common/pico_runtime_init/runtime_init.c.o
                0x100380e8                runtime_init_per_core_bootrom_reset
 .text.runtime_init_spin_locks_reset
                0x100380fc        0x4 CMakeFiles/murmsnes.dir/Users/A2506402/pico/pico-sdk/src/rp2_common/pico_runtime_init/runtime_init.c.o
                0x100380fc                runtime_init_spin_locks_reset
 .text.runtime_init_install_ram_vector_table
                0x10038100       0x68 CMakeFiles/murmsnes.dir/Users/A2506402/pico/pico-sdk/src/rp2_common/pico_runtime_init/runtime_init.c.o
                0x10038100                runtime_init_install_ram_vector_table
 .text.runtime_init_clocks
                0x10038168       0xdc CMakeFiles/murmsnes.dir/Users/A2506402/pico/pico-sdk/src/rp2_common/pico_runtime_init/runtime_init_clocks.c.o
                0x10038168                runtime_init_clocks
 .text.__rp2350_dcp_engaged_state_save_restore
                0x10038244       0x3a CMakeFiles/murmsnes.dir/Users/A2506402/pico/pico-sdk/src/rp2_common/pico_double/double_aeabi_dcp.S.o
 *fill*         0x1003827e        0x2 
 .text.__wrap___aeabi_dadd
                0x10038280       0x28 CMakeFiles/murmsnes.dir/Users/A2506402/pico/pico-sdk/src/rp2_common/pico_double/double_aeabi_dcp.S.o
                0x10038288                __wrap___aeabi_dadd
 .text.__wrap___aeabi_dsub
                0x100382a8       0x28 CMakeFiles/murmsnes.dir/Users/A2506402/pico/pico-sdk/src/rp2_common/pico_double/double_aeabi_dcp.S.o
                0x100382b0                __wrap___aeabi_dsub
 .text.__wrap___aeabi_dmul
                0x100382d0       0x4c CMakeFiles/murmsnes.dir/Users/A2506402/pico/pico-sdk/src/rp2_common/pico_double/double_aeabi_dcp.S.o
                0x100382d8                __wrap___aeabi_dmul
 .text.__wrap___aeabi_ddiv
                0x1003831c       0x9c CMakeFiles/murmsnes.dir/Users/A2506402/pico/pico-sdk/src/rp2_common/pico_double/double_aeabi_dcp.S.o