Archive member included to satisfy reference by file (symbol)

libdrivers.a(HDMI.c.o)        CMakeFiles/murmsnes.dir/src/main.c.o (graphics_set_buffer)
libdrivers.a(hdmi_scanline.S.o)
                              libdrivers.a(HDMI.c.o) (hdmi_copy_scanline_asm)
libdrivers.a(psram_init.c.o)  CMakeFiles/murmsnes.dir/src/main.c.o (psram_init)
libdrivers.a(psram_allocator.c.o)
                              CMakeFiles/murmsnes.dir/src/main.c.o (psram_malloc)
libdrivers.a(audio.c.o)       CMakeFiles/murmsnes.dir/src/main.c.o (i2s_get_default_config)
/Applications/ArmGNUToolchain/14.3.rel1/arm-none-eabi/bin/../lib/gcc/arm-none-eabi/14.3.1/../../../../arm-none-eabi/lib/thumb/v8-m.main+fp/softfp/libm.a(libm_a-wf_sqrt.o)
                              CMakeFiles/murmsnes.dir/Users/A2506402/pico/pico-sdk/src/rp2_common/pico_float/float_math.c.o (sqrtf)
/Applications/ArmGNUToolchain/14.3.rel1/arm-none-eabi/bin/../lib/gcc/arm-none-eabi/14.3.1/../../../../arm-none-eabi/lib/thumb/v8-m.main+fp/softfp/libm.a(libm_a-ef_sqrt.o)
                              /Applications/ArmGNUToolchain/14.3.rel1/arm-none-eabi/bin/../lib/gcc/arm-none-eabi/14.3.1/../../../../arm-none-eabi/lib/thumb/v8-m.main+fp/softfp/libm.a(libm_a-wf_sqrt.o) (__ieee754_sqrtf)
/Applications/ArmGNUToolchain/14.3.rel1/arm-none-eabi/bin/../lib/gcc/arm-none-eabi/14.3.1/thumb/v8-m.main+fp/softfp/libgcc.a(_arm_addsubdf3.o)
                              CMakeFiles/murmsnes.dir/Users/A2506402/pico/pico-sdk/src/rp2_common/pico_float/float_math.c.o (__aeabi_f2d)
/Applications/ArmGNUToolchain/14.3.rel1/arm-none-eabi/bin/../lib/gcc/arm-none-eabi/14.3.1/thumb/v8-m.main+fp/softfp/libgcc.a(_aeabi_ldivmod.o)
                              CMakeFiles/murmsnes.dir/src/snes9x/soundux.c.o (__aeabi_ldivmod)
/Applications/ArmGNUToolchain/14.3.rel1/arm-none-eabi/bin/../lib/gcc/arm-none-eabi/14.3.1/thumb/v8-m.main+fp/softfp/libgcc.a(_aeabi_uldivmod.o)
                              CMakeFiles/murmsnes.dir/Users/A2506402/pico/pico-sdk/src/rp2_common/hardware_clocks/clocks.c.o (__aeabi_uldivmod)
/Applications/ArmGNUToolchain/14.3.rel1/arm-none-eabi/bin/../lib/gcc/arm-none-eabi/14.3.1/thumb/v8-m.main+fp/softfp/libgcc.a(_udivmoddi4.o)
                              /Applications/ArmGNUToolchain/14.3.rel1/arm-none-eabi/bin/../lib/gcc/arm-none-eabi/14.3.1/thumb/v8-m.main+fp/softfp/libgcc.a(_aeabi_ldivmod.o) (__udivmoddi4)
/Applications/ArmGNUToolchain/14.3.rel1/arm-none-eabi/bin/../lib/gcc/arm-none-eabi/14.3.1/thumb/v8-m.main+fp/softfp/libgcc.a(_dvmd_tls.o)
                              /Applications/ArmGNUToolchain/14.3.rel1/arm-none-eabi/bin/../lib/gcc/arm-none-eabi/14.3.1/thumb/v8-m.main+fp/softfp/libgcc.a(_aeabi_ldivmod.o) (__aeabi_ldiv0)
/Applications/ArmGNUToolchain/14.3.rel1/arm-none-eabi/bin/../lib/gcc/arm-none-eabi/14.3.1/../../../../arm-none-eabi/lib/thumb/v8-m.main+fp/softfp/libg.a(libc_a-calloc.o)
                              CMakeFiles/murmsnes.dir/Users/A2506402/pico/pico-sdk/src/rp2_common/pico_malloc/malloc.c.o (calloc)
/Applications/ArmGNUToolchain/14.3.rel1/arm-none-eabi/bin/../lib/gcc/arm-none-eabi/14.3.1/../../../../arm-none-eabi/lib/thumb/v8-m.main+fp/softfp/libg.a(libc_a-callocr.o)
                              /Applications/ArmGNUToolchain/14.3.rel1/arm-none-eabi/bin/../lib/gcc/arm-none-eabi/14.3.1/../../../../arm-none-eabi/lib/thumb/v8-m.main+fp/softfp/libg.a(libc_a-calloc.o) (_calloc_r)
/Applications/ArmGNUToolchain/14.3.rel1/arm-none-eabi/bin/../lib/gcc/arm-none-eabi/14.3.1/../../../../arm-none-eabi/lib/thumb/v8-m.main+fp/softfp/libg.a(libc_a-qsort.o)
                              CMakeFiles/murmsnes.dir/src/snes9x/clip.c.o (qsort)
/Applications/ArmGNUToolchain/14.3.rel1/arm-none-eabi/bin/../lib/gcc/arm-none-eabi/14.3.1/../../../../arm-none-eabi/lib/thumb/v8-m.main+fp/softfp/libg.a(libc_a-malloc.o)
                              CMakeFiles/murmsnes.dir/Users/A2506402/pico/pico-sdk/src/rp2_common/pico_malloc/malloc.c.o (malloc)
/Applications/ArmGNUToolchain/14.3.rel1/arm-none-eabi/bin/../lib/gcc/arm-none-eabi/14.3.1/../../../../arm-none-eabi/lib/thumb/v8-m.main+fp/softfp/libg.a(libc_a-mallocr.o)
                              /Applications/ArmGNUToolchain/14.3.rel1/arm-none-eabi/bin/../lib/gcc/arm-none-eabi/14.3.1/../../../../arm-none-eabi/lib/thumb/v8-m.main+fp/softfp/libg.a(libc_a-callocr.o) (_malloc_r)
/Applications/ArmGNUToolchain/14.3.rel1/arm-none-eabi/bin/../lib/gcc/arm-none-eabi/14.3.1/../../../../arm-none-eabi/lib/thumb/v8-m.main+fp/softfp/libg.a(libc_a-fseek.o)
                              CMakeFiles/murmsnes.dir/src/snes9x/memmap.c.o (fseek)
/Applications/ArmGNUToolchain/14.3.rel1/arm-none-eabi/bin/../lib/gcc/arm-none-eabi/14.3.1/../../../../arm-none-eabi/lib/thumb/v8-m.main+fp/softfp/libg.a(libc_a-ftell.o)
                              CMakeFiles/murmsnes.dir/src/snes9x/memmap.c.o (ftell)
/Applications/ArmGNUToolchain/14.3.rel1/arm-none-eabi/bin/../lib/gcc/arm-none-eabi/14.3.1/../../../../arm-none-eabi/lib/thumb/v8-m.main+fp/softfp/libg.a(libc_a-mlock.o)
[...]
Memory Configuration

Name             Origin             Length             Attributes
FLASH            0x10000000         0x00400000         xr
RAM              0x20000000         0x00080000         xrw
SCRATCH_X        0x20080000         0x00001000         xrw
SCRATCH_Y        0x20081000         0x00001000         xrw
*default*        0x00000000         0xffffffff

Linker script and memory map

LOAD /Applications/ArmGNUToolchain/14.3.rel1/arm-none-eabi/bin/../lib/gcc/arm-none-eabi/14.3.1/thumb/v8-m.main+fp/softfp/crti.o
LOAD /Applications/ArmGNUToolchain/14.3.rel1/arm-none-eabi/bin/../lib/gcc/arm-none-eabi/14.3.1/thumb/v8-m.main+fp/softfp/crtbegin.o
LOAD /Applications/ArmGNUToolchain/14.3.rel1/arm-none-eabi/bin/../lib/gcc/arm-none-eabi/14.3.1/../../../../arm-none-eabi/lib/thumb/v8-m.main+fp/softfp/crt0.o

.flash_begin    0x10000000        0x0
                0x10000000                        __flash_binary_start = .

.text           0x10000000    0x4a368
                0x10000000                        __logical_binary_start = .
 *(.vectors)
 .vectors       0x10000000      0x124 CMakeFiles/murmsnes.dir/Users/A2506402/pico/pico-sdk/src/rp2_common/pico_crt0/crt0.S.o
                0x10000000                __VECTOR_TABLE
                0x10000000                __vectors
                0x10000110                __unhandled_user_irq
                0x10000110                isr_irq49
                0x10000110                isr_irq13
                0x10000110                isr_irq43
                0x10000110                isr_irq45
                0x10000110                isr_irq27
                0x10000110                isr_irq32
                0x10000110                isr_irq31
                0x10000110                isr_irq5
                0x10000110                isr_irq11
                0x10000110                isr_irq23
                0x10000110                isr_usagefault
                0x10000110                isr_irq48
                0x10000110                isr_irq35
                0x10000110                isr_irq18
                0x10000110                isr_irq50
                0x10000110                isr_irq9
                0x10000110                isr_irq30
                0x10000110                isr_irq16
                0x10000110                isr_irq44
                0x10000110                isr_irq29
                0x10000110                isr_irq26
                0x10000110                isr_irq33
                0x10000110                isr_irq3
                0x10000110                isr_irq12
                0x10000110                isr_securefault
                0x10000110                isr_irq40
                0x10000110                isr_irq28
                0x10000110                isr_irq19
                0x10000110                isr_irq36
                0x10000110                isr_irq41
                0x10000110                isr_irq0
                0x10000110                isr_irq6
                0x10000110                isr_memmanage
                0x10000110                isr_irq37
                0x10000110                isr_irq42
                0x10000110                isr_irq22
                0x10000110                isr_irq17
                0x10000110                isr_irq38
                0x10000110                isr_irq14
                0x10000110                __vectors_end
                0x10000110                __default_isrs_start
                0x10000110                isr_irq2
                0x10000110                isr_irq10
                0x10000110                isr_irq8
                0x10000110                isr_debugmonitor
                0x10000110                isr_irq24
                0x10000110                isr_irq46
                0x10000110                isr_irq1
                0x10000110                isr_irq47
                0x10000110                isr_irq51
                0x10000110                isr_irq7
                0x10000110                isr_irq21
                0x10000110                isr_irq39
                0x10000110                isr_irq20
                0x10000110                isr_irq15
                0x10000110                isr_irq25
                0x10000110                isr_irq34
                0x10000110                isr_irq4
                0x10000110                isr_busfault
                0x10000116                unhandled_user_irq_num_in_r0
                0x10000118                isr_invalid
                0x1000011a                isr_nmi
                0x1000011c                isr_hardfault
                0x1000011e                isr_svcall
                0x10000120                isr_pendsv
                0x10000122                isr_systick
                0x10000124                __default_isrs_end
 *(.binary_info_header)
 .binary_info_header
                0x10000124       0x14 CMakeFiles/murmsnes.dir/Users/A2506402/pico/pico-sdk/src/rp2_common/pico_crt0/crt0.S.o
                0x10000138                        __binary_info_header_end = .
 *(.embedded_block)
 .embedded_block
                0x10000138       0x14 CMakeFiles/murmsnes.dir/Users/A2506402/pico/pico-sdk/src/rp2_common/pico_crt0/crt0.S.o
                0x1000014c                        __embedded_block_end = .
 *(.reset)
 .reset         0x1000014c       0x98 CMakeFiles/murmsnes.dir/Users/A2506402/pico/pico-sdk/src/rp2_common/pico_crt0/crt0.S.o
                0x1000014c                _entry_point
 *(.init)
 .init          0x100001e4        0x4 /Applications/ArmGNUToolchain/14.3.rel1/arm-none-eabi/bin/../lib/gcc/arm-none-eabi/14.3.1/thumb/v8-m.main+fp/softfp/crti.o
                0x100001e4                _init
 SORT_BY_NAME(REVERSE(*libgcc.a:cmse_nonsecure_call.o))()
 *(EXCLUDE_FILE(*libm.a: *libc.a:*lib_a-mem*.o *libgcc.a:) .text*)
 .text.register_tm_clones
                0x100001e8       0x28 /Applications/ArmGNUToolchain/14.3.rel1/arm-none-eabi/bin/../lib/gcc/arm-none-eabi/14.3.1/thumb/v8-m.main+fp/softfp/crtbegin.o
 .text.frame_dummy
                0x10000210       0x24 /Applications/ArmGNUToolchain/14.3.rel1/arm-none-eabi/bin/../lib/gcc/arm-none-eabi/14.3.1/thumb/v8-m.main+fp/softfp/crtbegin.o
 .text.set_sys_clock_khz
                0x10000234       0x38 CMakeFiles/murmsnes.dir/src/main.c.o
 .text.load_rom_from_sd
                0x1000026c       0xfc CMakeFiles/murmsnes.dir/src/main.c.o
 .text.S9xReadJoypad
                0x10000368        0x4 CMakeFiles/murmsnes.dir/src/main.c.o
                0x10000368                S9xReadJoypad
 .text.S9xReadMousePosition
                0x1000036c        0x4 CMakeFiles/murmsnes.dir/src/main.c.o
                0x1000036c                S9xReadMousePosition
 .text.S9xReadSuperScopePosition
                0x10000370        0x4 CMakeFiles/murmsnes.dir/src/main.c.o
                0x10000370                S9xReadSuperScopePosition
 .text.JustifierOffscreen
                0x10000374        0x4 CMakeFiles/murmsnes.dir/src/main.c.o
                0x10000374                JustifierOffscreen
 .text.JustifierButtons
                0x10000378        0x4 CMakeFiles/murmsnes.dir/src/main.c.o
                0x10000378                JustifierButtons
 .text.startup.main
                0x1000037c      0x604 CMakeFiles/murmsnes.dir/src/main.c.o
                0x1000037c                main
 .text.S9xInitAPU
                0x10000980       0x1c CMakeFiles/murmsnes.dir/src/snes9x/apu.c.o
                0x10000980                S9xInitAPU
 .text.S9xResetAPU
                0x1000099c      0x24c CMakeFiles/murmsnes.dir/src/snes9x/apu.c.o
                0x1000099c                S9xResetAPU
 .text.S9xAPUReadPort
                0x10000be8       0x70 CMakeFiles/murmsnes.dir/src/snes9x/apu.c.o
                0x10000be8                S9xAPUReadPort
 .text.S9xAPUWritePort
                0x10000c58       0x34 CMakeFiles/murmsnes.dir/src/snes9x/apu.c.o
                0x10000c58                S9xAPUWritePort
 .text.S9xFixEnvelope
                0x10000c8c       0xd4 CMakeFiles/murmsnes.dir/src/snes9x/apu.c.o
                0x10000c8c                S9xFixEnvelope
 .text.S9xSetAPUDSP
                0x10000d60      0xa88 CMakeFiles/murmsnes.dir/src/snes9x/apu.c.o
                0x10000d60                S9xSetAPUDSP
 .text.S9xSetAPUControl
                0x100017e8      0x128 CMakeFiles/murmsnes.dir/src/snes9x/apu.c.o
                0x100017e8                S9xSetAPUControl
 .text.S9xGetAPUDSP
                0x10001910       0xdc CMakeFiles/murmsnes.dir/src/snes9x/apu.c.o
                0x10001910                S9xGetAPUDSP
 .text._atan2   0x100019ec       0x58 CMakeFiles/murmsnes.dir/src/snes9x/c4.c.o
                0x100019ec                _atan2
 .text.C4TransfWireFrame
                0x10001a44      0x1b0 CMakeFiles/murmsnes.dir/src/snes9x/c4.c.o
                0x10001a44                C4TransfWireFrame
 .text.C4TransfWireFrame2
                0x10001bf4      0x198 CMakeFiles/murmsnes.dir/src/snes9x/c4.c.o
                0x10001bf4                C4TransfWireFrame2
 .text.C4CalcWireFrame
                0x10001d8c       0xa0 CMakeFiles/murmsnes.dir/src/snes9x/c4.c.o
                0x10001d8c                C4CalcWireFrame
 .text.C4DoScaleRotate
                0x10001e2c      0x2e0 CMakeFiles/murmsnes.dir/src/snes9x/c4emu.c.o
 .text.C4DrawWireFrame
                0x1000210c      0x3dc CMakeFiles/murmsnes.dir/src/snes9x/c4emu.c.o
 .text.S9xInitC4
                0x100024e8       0x10 CMakeFiles/murmsnes.dir/src/snes9x/c4emu.c.o
                0x100024e8                S9xInitC4
 .text.S9xGetC4
                0x100024f8       0x20 CMakeFiles/murmsnes.dir/src/snes9x/c4emu.c.o
                0x100024f8                S9xGetC4
 .text.S9xSetC4
                0x10002518     0x198c CMakeFiles/murmsnes.dir/src/snes9x/c4emu.c.o
                0x10002518                S9xSetC4
 .text.IntCompare
                0x10003ea4        0x8 CMakeFiles/murmsnes.dir/src/snes9x/clip.c.o
 .text.BandCompare
                0x10003eac        0x8 CMakeFiles/murmsnes.dir/src/snes9x/clip.c.o
 .text.ComputeClipWindows
                0x10003eb4     0x126c CMakeFiles/murmsnes.dir/src/snes9x/clip.c.o
                0x10003eb4                ComputeClipWindows
 .text.S9xResetCPU
                0x10005120       0xa4 CMakeFiles/murmsnes.dir/src/snes9x/cpu.c.o
                0x10005120                S9xResetCPU
 .text.S9xReset
                0x100051c4       0x7c CMakeFiles/murmsnes.dir/src/snes9x/cpu.c.o
                0x100051c4                S9xReset
 .text.S9xSetIRQ
                0x10005240       0x30 CMakeFiles/murmsnes.dir/src/snes9x/cpuexec.c.o
                0x10005240                S9xSetIRQ
 .text.S9xDoHBlankProcessing
                0x10005270      0x3c0 CMakeFiles/murmsnes.dir/src/snes9x/cpuexec.c.o
                0x10005270                S9xDoHBlankProcessing
 .text.S9xMainLoop
                0x10005630      0x18c CMakeFiles/murmsnes.dir/src/snes9x/cpuexec.c.o
                0x10005630                S9xMainLoop
 .text.Op29M1   0x100057bc       0x38 CMakeFiles/murmsnes.dir/src/snes9x/cpuops.c.o
 .text.Op29M0   0x100057f4       0x38 CMakeFiles/murmsnes.dir/src/snes9x/cpuops.c.o
 .text.Op0AM1   0x1000582c       0x2c CMakeFiles/murmsnes.dir/src/snes9x/cpuops.c.o
 .text.Op0AM0   0x10005858       0x44 CMakeFiles/murmsnes.dir/src/snes9x/cpuops.c.o
 .text.Op89M1   0x1000589c       0x30 CMakeFiles/murmsnes.dir/src/snes9x/cpuops.c.o
 .text.Op89M0   0x100058cc       0x30 CMakeFiles/murmsnes.dir/src/snes9x/cpuops.c.o
 .text.OpC9M1   0x100058fc       0x38 CMakeFiles/murmsnes.dir/src/snes9x/cpuops.c.o
 .text.OpC9M0   0x10005934       0x50 CMakeFiles/murmsnes.dir/src/snes9x/cpuops.c.o
 .text.OpE0X1   0x10005984       0x38 CMakeFiles/murmsnes.dir/src/snes9x/cpuops.c.o
 .text.OpE0X0   0x100059bc       0x50 CMakeFiles/murmsnes.dir/src/snes9x/cpuops.c.o
 .text.OpC0X1   0x10005a0c       0x38 CMakeFiles/murmsnes.dir/src/snes9x/cpuops.c.o
 .text.OpC0X0   0x10005a44       0x50 CMakeFiles/murmsnes.dir/src/snes9x/cpuops.c.o
 .text.Op3AM1   0x10005a94       0x38 CMakeFiles/murmsnes.dir/src/snes9x/cpuops.c.o
 .text.Op3AM0   0x10005acc       0x34 CMakeFiles/murmsnes.dir/src/snes9x/cpuops.c.o
 .text.Op49M1   0x10005b00       0x38 CMakeFiles/murmsnes.dir/src/snes9x/cpuops.c.o
 .text.Op49M0   0x10005b38       0x3c CMakeFiles/murmsnes.dir/src/snes9x/cpuops.c.o
 .text.Op1AM1   0x10005b74       0x34 CMakeFiles/murmsnes.dir/src/snes9x/cpuops.c.o
 .text.Op1AM0   0x10005ba8       0x34 CMakeFiles/murmsnes.dir/src/snes9x/cpuops.c.o
 .text.OpA9M1   0x10005bdc       0x34 CMakeFiles/murmsnes.dir/src/snes9x/cpuops.c.o
 .text.OpA9M0   0x10005c10       0x34 CMakeFiles/murmsnes.dir/src/snes9x/cpuops.c.o
 .text.OpA2X1   0x10005c44       0x34 CMakeFiles/murmsnes.dir/src/snes9x/cpuops.c.o
 .text.OpA2X0   0x10005c78       0x34 CMakeFiles/murmsnes.dir/src/snes9x/cpuops.c.o
 .text.OpA0X1   0x10005cac       0x34 CMakeFiles/murmsnes.dir/src/snes9x/cpuops.c.o
 .text.OpA0X0   0x10005ce0       0x34 CMakeFiles/murmsnes.dir/src/snes9x/cpuops.c.o
 .text.Op4AM1   0x10005d14       0x2c CMakeFiles/murmsnes.dir/src/snes9x/cpuops.c.o
 .text.Op4AM0   0x10005d40       0x3c CMakeFiles/murmsnes.dir/src/snes9x/cpuops.c.o
 .text.Op09M1   0x10005d7c       0x38 CMakeFiles/murmsnes.dir/src/snes9x/cpuops.c.o
 .text.Op09M0   0x10005db4       0x38 CMakeFiles/murmsnes.dir/src/snes9x/cpuops.c.o
 .text.Op2AM1   0x10005dec       0x38 CMakeFiles/murmsnes.dir/src/snes9x/cpuops.c.o
 .text.Op2AM0   0x10005e24       0x54 CMakeFiles/murmsnes.dir/src/snes9x/cpuops.c.o
 .text.Op6AM1   0x10005e78       0x34 CMakeFiles/murmsnes.dir/src/snes9x/cpuops.c.o
 .text.Op6AM0   0x10005eac       0x3c CMakeFiles/murmsnes.dir/src/snes9x/cpuops.c.o
 .text.Op18     0x10005ee8       0x18 CMakeFiles/murmsnes.dir/src/snes9x/cpuops.c.o
 .text.OpD8     0x10005f00       0x1c CMakeFiles/murmsnes.dir/src/snes9x/cpuops.c.o
 .text.Op58     0x10005f1c       0x1c CMakeFiles/murmsnes.dir/src/snes9x/cpuops.c.o
 .text.OpB8     0x10005f38       0x18 CMakeFiles/murmsnes.dir/src/snes9x/cpuops.c.o
 .text.OpCAX1   0x10005f50       0x38 CMakeFiles/murmsnes.dir/src/snes9x/cpuops.c.o
 .text.OpCAX0   0x10005f88       0x34 CMakeFiles/murmsnes.dir/src/snes9x/cpuops.c.o
 .text.Op88X1   0x10005fbc       0x38 CMakeFiles/murmsnes.dir/src/snes9x/cpuops.c.o
 .text.Op88X0   0x10005ff4       0x34 CMakeFiles/murmsnes.dir/src/snes9x/cpuops.c.o
 .text.OpE8X1   0x10006028       0x34 CMakeFiles/murmsnes.dir/src/snes9x/cpuops.c.o
 .text.OpE8X0   0x1000605c       0x34 CMakeFiles/murmsnes.dir/src/snes9x/cpuops.c.o
 .text.OpC8X1   0x10006090       0x34 CMakeFiles/murmsnes.dir/src/snes9x/cpuops.c.o
 .text.OpC8X0   0x100060c4       0x34 CMakeFiles/murmsnes.dir/src/snes9x/cpuops.c.o
 .text.OpEA     0x100060f8       0x10 CMakeFiles/murmsnes.dir/src/snes9x/cpuops.c.o
 .text.Op38     0x10006108       0x18 CMakeFiles/murmsnes.dir/src/snes9x/cpuops.c.o
 .text.OpF8     0x10006120       0x1c CMakeFiles/murmsnes.dir/src/snes9x/cpuops.c.o
 .text.Op78     0x1000613c       0x1c CMakeFiles/murmsnes.dir/src/snes9x/cpuops.c.o
 .text.OpAAX1   0x10006158       0x30 CMakeFiles/murmsnes.dir/src/snes9x/cpuops.c.o
 .text.OpAAX0   0x10006188       0x2c CMakeFiles/murmsnes.dir/src/snes9x/cpuops.c.o
 .text.OpA8X1   0x100061b4       0x30 CMakeFiles/murmsnes.dir/src/snes9x/cpuops.c.o
 .text.OpA8X0   0x100061e4       0x2c CMakeFiles/murmsnes.dir/src/snes9x/cpuops.c.o
 .text.Op5B     0x10006210       0x2c CMakeFiles/murmsnes.dir/src/snes9x/cpuops.c.o
 .text.Op1B     0x1000623c       0x28 CMakeFiles/murmsnes.dir/src/snes9x/cpuops.c.o
 .text.Op7B     0x10006264       0x2c CMakeFiles/murmsnes.dir/src/snes9x/cpuops.c.o
 .text.Op3B     0x10006290       0x2c CMakeFiles/murmsnes.dir/src/snes9x/cpuops.c.o
 .text.OpBAX1   0x100062bc       0x30 CMakeFiles/murmsnes.dir/src/snes9x/cpuops.c.o
 .text.OpBAX0   0x100062ec       0x2c CMakeFiles/murmsnes.dir/src/snes9x/cpuops.c.o
 .text.Op8AM1   0x10006318       0x30 CMakeFiles/murmsnes.dir/src/snes9x/cpuops.c.o
 .text.Op8AM0   0x10006348       0x2c CMakeFiles/murmsnes.dir/src/snes9x/cpuops.c.o
 .text.Op9A     0x10006374       0x28 CMakeFiles/murmsnes.dir/src/snes9x/cpuops.c.o
 .text.Op9BX1   0x1000639c       0x30 CMakeFiles/murmsnes.dir/src/snes9x/cpuops.c.o
 .text.Op9BX0   0x100063cc       0x2c CMakeFiles/murmsnes.dir/src/snes9x/cpuops.c.o
 .text.Op98M1   0x100063f8       0x30 CMakeFiles/murmsnes.dir/src/snes9x/cpuops.c.o
 .text.Op98M0   0x10006428       0x2c CMakeFiles/murmsnes.dir/src/snes9x/cpuops.c.o
 .text.OpBBX1   0x10006454       0x30 CMakeFiles/murmsnes.dir/src/snes9x/cpuops.c.o
 .text.OpBBX0   0x10006484       0x2c CMakeFiles/murmsnes.dir/src/snes9x/cpuops.c.o
 .text.OpFB     0x100064b0       0x8c CMakeFiles/murmsnes.dir/src/snes9x/cpuops.c.o
 .text.OpC2     0x1000653c       0xc0 CMakeFiles/murmsnes.dir/src/snes9x/cpuops.c.o
 .text.OpE2     0x100065fc       0xa4 CMakeFiles/murmsnes.dir/src/snes9x/cpuops.c.o
 .text.OpEB     0x100066a0       0x34 CMakeFiles/murmsnes.dir/src/snes9x/cpuops.c.o
 .text.OpF4     0x100066d4       0x48 CMakeFiles/murmsnes.dir/src/snes9x/cpuops.c.o
 .text.OpDAX1   0x1000671c       0x24 CMakeFiles/murmsnes.dir/src/snes9x/cpuops.c.o
 .text.Op9FM1   0x10006740       0x3c CMakeFiles/murmsnes.dir/src/snes9x/cpuops.c.o
 .text.Op9DM1   0x1000677c       0x38 CMakeFiles/murmsnes.dir/src/snes9x/cpuops.c.o
 .text.Op99M1   0x100067b4       0x38 CMakeFiles/murmsnes.dir/src/snes9x/cpuops.c.o
 .text.Op95M1   0x100067ec       0x50 CMakeFiles/murmsnes.dir/src/snes9x/cpuops.c.o
 .text.Op8FM1   0x1000683c       0x38 CMakeFiles/murmsnes.dir/src/snes9x/cpuops.c.o
 .text.Op8DM1   0x10006874       0x34 CMakeFiles/murmsnes.dir/src/snes9x/cpuops.c.o
 .text.Op85M1   0x100068a8       0x3c CMakeFiles/murmsnes.dir/src/snes9x/cpuops.c.o
 .text.Op83M1   0x100068e4       0x3c CMakeFiles/murmsnes.dir/src/snes9x/cpuops.c.o
 .text.Op9EM1   0x10006920       0x38 CMakeFiles/murmsnes.dir/src/snes9x/cpuops.c.o
 .text.Op9CM1   0x10006958       0x34 CMakeFiles/murmsnes.dir/src/snes9x/cpuops.c.o
 .text.Op74M1   0x1000698c       0x50 CMakeFiles/murmsnes.dir/src/snes9x/cpuops.c.o
 .text.Op64M1   0x100069dc       0x3c CMakeFiles/murmsnes.dir/src/snes9x/cpuops.c.o
 .text.Op96X1   0x10006a18       0x50 CMakeFiles/murmsnes.dir/src/snes9x/cpuops.c.o
 .text.Op8EX1   0x10006a68       0x34 CMakeFiles/murmsnes.dir/src/snes9x/cpuops.c.o
 .text.Op86X1   0x10006a9c       0x3c CMakeFiles/murmsnes.dir/src/snes9x/cpuops.c.o
 .text.Op94X1   0x10006ad8       0x50 CMakeFiles/murmsnes.dir/src/snes9x/cpuops.c.o
 .text.Op8CX1   0x10006b28       0x34 CMakeFiles/murmsnes.dir/src/snes9x/cpuops.c.o
 .text.Op84X1   0x10006b5c       0x3c CMakeFiles/murmsnes.dir/src/snes9x/cpuops.c.o
 .text.Op8B     0x10006b98       0x24 CMakeFiles/murmsnes.dir/src/snes9x/cpuops.c.o
 .text.Op62     0x10006bbc       0x50 CMakeFiles/murmsnes.dir/src/snes9x/cpuops.c.o
 .text.Op5AX1   0x10006c0c       0x24 CMakeFiles/murmsnes.dir/src/snes9x/cpuops.c.o
 .text.Op4B     0x10006c30       0x24 CMakeFiles/murmsnes.dir/src/snes9x/cpuops.c.o
 .text.Op48M1   0x10006c54       0x24 CMakeFiles/murmsnes.dir/src/snes9x/cpuops.c.o
 .text.Op0B     0x10006c78       0x34 CMakeFiles/murmsnes.dir/src/snes9x/cpuops.c.o
 .text.Op08     0x10006cac       0x54 CMakeFiles/murmsnes.dir/src/snes9x/cpuops.c.o
 .text.OpF4E1   0x10006d00       0x4c CMakeFiles/murmsnes.dir/src/snes9x/cpuops.c.o
 .text.OpDAE1   0x10006d4c       0x28 CMakeFiles/murmsnes.dir/src/snes9x/cpuops.c.o
 .text.Op8BE1   0x10006d74       0x28 CMakeFiles/murmsnes.dir/src/snes9x/cpuops.c.o
 .text.Op62E1   0x10006d9c       0x54 CMakeFiles/murmsnes.dir/src/snes9x/cpuops.c.o
 .text.Op5AE1   0x10006df0       0x28 CMakeFiles/murmsnes.dir/src/snes9x/cpuops.c.o
 .text.Op4BE1   0x10006e18       0x28 CMakeFiles/murmsnes.dir/src/snes9x/cpuops.c.o
 .text.Op48E1   0x10006e40       0x28 CMakeFiles/murmsnes.dir/src/snes9x/cpuops.c.o
 .text.Op0BE1   0x10006e68       0x38 CMakeFiles/murmsnes.dir/src/snes9x/cpuops.c.o
 .text.Op08E1   0x10006ea0       0x54 CMakeFiles/murmsnes.dir/src/snes9x/cpuops.c.o
 .text.OpDAX0   0x10006ef4       0x34 CMakeFiles/murmsnes.dir/src/snes9x/cpuops.c.o
 .text.Op5AX0   0x10006f28       0x34 CMakeFiles/murmsnes.dir/src/snes9x/cpuops.c.o
 .text.Op48M0   0x10006f5c       0x34 CMakeFiles/murmsnes.dir/src/snes9x/cpuops.c.o
 .text.Op82     0x10006f90       0x3c CMakeFiles/murmsnes.dir/src/snes9x/cpuops.c.o
 .text.Op5C     0x10006fcc       0x40 CMakeFiles/murmsnes.dir/src/snes9x/cpuops.c.o
 .text.Op4C     0x1000700c       0x38 CMakeFiles/murmsnes.dir/src/snes9x/cpuops.c.o
 .text.Op22     0x10007044       0x80 CMakeFiles/murmsnes.dir/src/snes9x/cpuops.c.o
 .text.Op20     0x100070c4       0x68 CMakeFiles/murmsnes.dir/src/snes9x/cpuops.c.o
 .text.Op22E1   0x1000712c       0x84 CMakeFiles/murmsnes.dir/src/snes9x/cpuops.c.o
 .text.OpFC     0x100071b0       0x80 CMakeFiles/murmsnes.dir/src/snes9x/cpuops.c.o
 .text.Op7C     0x10007230       0x54 CMakeFiles/murmsnes.dir/src/snes9x/cpuops.c.o
 .text.OpFCE1   0x10007284       0x84 CMakeFiles/murmsnes.dir/src/snes9x/cpuops.c.o
 .text.Op93M1   0x10007308       0x5c CMakeFiles/murmsnes.dir/src/snes9x/cpuops.c.o
 .text.OpD4     0x10007364       0x64 CMakeFiles/murmsnes.dir/src/snes9x/cpuops.c.o
 .text.Op92M1   0x100073c8       0x54 CMakeFiles/murmsnes.dir/src/snes9x/cpuops.c.o
 .text.OpD4E1   0x1000741c       0x68 CMakeFiles/murmsnes.dir/src/snes9x/cpuops.c.o
 .text.Op91M1   0x10007484       0x58 CMakeFiles/murmsnes.dir/src/snes9x/cpuops.c.o
 .text.Op6C     0x100074dc       0x48 CMakeFiles/murmsnes.dir/src/snes9x/cpuops.c.o
 .text.Op02     0x10007524      0x130 CMakeFiles/murmsnes.dir/src/snes9x/cpuops.c.o
 .text.Op00     0x10007654      0x130 CMakeFiles/murmsnes.dir/src/snes9x/cpuops.c.o
 .text.OpECX0   0x10007784       0x64 CMakeFiles/murmsnes.dir/src/snes9x/cpuops.c.o
 .text.OpE4X0   0x100077e8       0x6c CMakeFiles/murmsnes.dir/src/snes9x/cpuops.c.o
 .text.OpCCX0   0x10007854       0x64 CMakeFiles/murmsnes.dir/src/snes9x/cpuops.c.o
 .text.OpC4X0   0x100078b8       0x6c CMakeFiles/murmsnes.dir/src/snes9x/cpuops.c.o
 .text.OpBEX0   0x10007924       0x4c CMakeFiles/murmsnes.dir/src/snes9x/cpuops.c.o
 .text.OpB6X0   0x10007970       0x6c CMakeFiles/murmsnes.dir/src/snes9x/cpuops.c.o
 .text.OpAEX0   0x100079dc       0x48 CMakeFiles/murmsnes.dir/src/snes9x/cpuops.c.o
 .text.OpA6X0   0x10007a24       0x50 CMakeFiles/murmsnes.dir/src/snes9x/cpuops.c.o
 .text.OpBCX0   0x10007a74       0x4c CMakeFiles/murmsnes.dir/src/snes9x/cpuops.c.o
 .text.OpB4X0   0x10007ac0       0x6c CMakeFiles/murmsnes.dir/src/snes9x/cpuops.c.o
 .text.OpACX0   0x10007b2c       0x48 CMakeFiles/murmsnes.dir/src/snes9x/cpuops.c.o
 .text.OpA4X0   0x10007b74       0x50 CMakeFiles/murmsnes.dir/src/snes9x/cpuops.c.o
 .text.OpFFM0   0x10007bc4      0x114 CMakeFiles/murmsnes.dir/src/snes9x/cpuops.c.o
 .text.OpFDM0   0x10007cd8      0x110 CMakeFiles/murmsnes.dir/src/snes9x/cpuops.c.o
 .text.OpF9M0   0x10007de8      0x110 CMakeFiles/murmsnes.dir/src/snes9x/cpuops.c.o
 .text.OpF5M0   0x10007ef8      0x128 CMakeFiles/murmsnes.dir/src/snes9x/cpuops.c.o
 .text.OpF3M0   0x10008020      0x12c CMakeFiles/murmsnes.dir/src/snes9x/cpuops.c.o
 .text.OpF2M0   0x1000814c      0x120 CMakeFiles/murmsnes.dir/src/snes9x/cpuops.c.o
 .text.OpF1M0   0x1000826c      0x128 CMakeFiles/murmsnes.dir/src/snes9x/cpuops.c.o
 .text.OpEFM0   0x10008394      0x110 CMakeFiles/murmsnes.dir/src/snes9x/cpuops.c.o
 .text.OpEDM0   0x100084a4      0x10c CMakeFiles/murmsnes.dir/src/snes9x/cpuops.c.o
 .text.OpE9M0   0x100085b0       0xfc CMakeFiles/murmsnes.dir/src/snes9x/cpuops.c.o
 .text.OpE5M0   0x100086ac      0x110 CMakeFiles/murmsnes.dir/src/snes9x/cpuops.c.o
 .text.OpE3M0   0x100087bc      0x110 CMakeFiles/murmsnes.dir/src/snes9x/cpuops.c.o
 .text.OpE1M0   0x100088cc      0x11c CMakeFiles/murmsnes.dir/src/snes9x/cpuops.c.o
 .text.OpFEM0   0x100089e8       0x6c CMakeFiles/murmsnes.dir/src/snes9x/cpuops.c.o
 .text.OpF6M0   0x10008a54       0x90 CMakeFiles/murmsnes.dir/src/snes9x/cpuops.c.o
 .text.OpEEM0   0x10008ae4       0x68 CMakeFiles/murmsnes.dir/src/snes9x/cpuops.c.o
 .text.OpE6M0   0x10008b4c       0x70 CMakeFiles/murmsnes.dir/src/snes9x/cpuops.c.o
 .text.OpDFM0   0x10008bbc       0x68 CMakeFiles/murmsnes.dir/src/snes9x/cpuops.c.o
 .text.OpDDM0   0x10008c24       0x68 CMakeFiles/murmsnes.dir/src/snes9x/cpuops.c.o
 .text.OpD9M0   0x10008c8c       0x68 CMakeFiles/murmsnes.dir/src/snes9x/cpuops.c.o
 .text.OpD5M0   0x10008cf4       0x88 CMakeFiles/murmsnes.dir/src/snes9x/cpuops.c.o
 .text.OpD3M0   0x10008d7c       0x84 CMakeFiles/murmsnes.dir/src/snes9x/cpuops.c.o
 .text.OpD2M0   0x10008e00       0x7c CMakeFiles/murmsnes.dir/src/snes9x/cpuops.c.o
 .text.OpD1M0   0x10008e7c       0x80 CMakeFiles/murmsnes.dir/src/snes9x/cpuops.c.o
 .text.OpCFM0   0x10008efc       0x64 CMakeFiles/murmsnes.dir/src/snes9x/cpuops.c.o
 .text.OpCDM0   0x10008f60       0x64 CMakeFiles/murmsnes.dir/src/snes9x/cpuops.c.o
 .text.OpC5M0   0x10008fc4       0x6c CMakeFiles/murmsnes.dir/src/snes9x/cpuops.c.o
 .text.OpC3M0   0x10009030       0x6c CMakeFiles/murmsnes.dir/src/snes9x/cpuops.c.o
 .text.OpC1M0   0x1000909c       0x84 CMakeFiles/murmsnes.dir/src/snes9x/cpuops.c.o
 .text.OpDEM0   0x10009120       0x6c CMakeFiles/murmsnes.dir/src/snes9x/cpuops.c.o
 .text.OpD6M0   0x1000918c       0x90 CMakeFiles/murmsnes.dir/src/snes9x/cpuops.c.o
 .text.OpCEM0   0x1000921c       0x68 CMakeFiles/murmsnes.dir/src/snes9x/cpuops.c.o
 .text.OpC6M0   0x10009284       0x70 CMakeFiles/murmsnes.dir/src/snes9x/cpuops.c.o
 .text.OpBFM0   0x100092f4       0x50 CMakeFiles/murmsnes.dir/src/snes9x/cpuops.c.o
 .text.OpBDM0   0x10009344       0x4c CMakeFiles/murmsnes.dir/src/snes9x/cpuops.c.o
 .text.OpB9M0   0x10009390       0x4c CMakeFiles/murmsnes.dir/src/snes9x/cpuops.c.o
 .text.OpB5M0   0x100093dc       0x6c CMakeFiles/murmsnes.dir/src/snes9x/cpuops.c.o
 .text.OpB3M0   0x10009448       0x6c CMakeFiles/murmsnes.dir/src/snes9x/cpuops.c.o
 .text.OpB2M0   0x100094b4       0x60 CMakeFiles/murmsnes.dir/src/snes9x/cpuops.c.o
 .text.OpB1M0   0x10009514       0x64 CMakeFiles/murmsnes.dir/src/snes9x/cpuops.c.o
 .text.OpAFM0   0x10009578       0x50 CMakeFiles/murmsnes.dir/src/snes9x/cpuops.c.o
 .text.OpADM0   0x100095c8       0x48 CMakeFiles/murmsnes.dir/src/snes9x/cpuops.c.o
 .text.OpA5M0   0x10009610       0x50 CMakeFiles/murmsnes.dir/src/snes9x/cpuops.c.o
 .text.OpA3M0   0x10009660       0x54 CMakeFiles/murmsnes.dir/src/snes9x/cpuops.c.o
 .text.OpA1M0   0x100096b4       0x6c CMakeFiles/murmsnes.dir/src/snes9x/cpuops.c.o
 .text.Op7FM0   0x10009720      0x120 CMakeFiles/murmsnes.dir/src/snes9x/cpuops.c.o
 .text.Op7DM0   0x10009840      0x11c CMakeFiles/murmsnes.dir/src/snes9x/cpuops.c.o
 .text.Op79M0   0x1000995c      0x11c CMakeFiles/murmsnes.dir/src/snes9x/cpuops.c.o
 .text.Op75M0   0x10009a78      0x144 CMakeFiles/murmsnes.dir/src/snes9x/cpuops.c.o
 .text.Op73M0   0x10009bbc      0x13c CMakeFiles/murmsnes.dir/src/snes9x/cpuops.c.o
 .text.Op72M0   0x10009cf8      0x134 CMakeFiles/murmsnes.dir/src/snes9x/cpuops.c.o
 .text.Op71M0   0x10009e2c      0x134 CMakeFiles/murmsnes.dir/src/snes9x/cpuops.c.o
 .text.Op6FM0   0x10009f60      0x120 CMakeFiles/murmsnes.dir/src/snes9x/cpuops.c.o
 .text.Op6DM0   0x1000a080      0x118 CMakeFiles/murmsnes.dir/src/snes9x/cpuops.c.o
 .text.Op69M0   0x1000a198      0x108 CMakeFiles/murmsnes.dir/src/snes9x/cpuops.c.o
 .text.Op65M0   0x1000a2a0      0x128 CMakeFiles/murmsnes.dir/src/snes9x/cpuops.c.o
 .text.Op63M0   0x1000a3c8      0x128 CMakeFiles/murmsnes.dir/src/snes9x/cpuops.c.o
 .text.Op61M0   0x1000a4f0      0x148 CMakeFiles/murmsnes.dir/src/snes9x/cpuops.c.o
 .text.Op7EM0   0x1000a638       0x70 CMakeFiles/murmsnes.dir/src/snes9x/cpuops.c.o
 .text.Op76M0   0x1000a6a8       0x8c CMakeFiles/murmsnes.dir/src/snes9x/cpuops.c.o
 .text.Op6EM0   0x1000a734       0x6c CMakeFiles/murmsnes.dir/src/snes9x/cpuops.c.o
 .text.Op66M0   0x1000a7a0       0x78 CMakeFiles/murmsnes.dir/src/snes9x/cpuops.c.o
 .text.Op5FM0   0x1000a818       0x58 CMakeFiles/murmsnes.dir/src/snes9x/cpuops.c.o
 .text.Op5DM0   0x1000a870       0x54 CMakeFiles/murmsnes.dir/src/snes9x/cpuops.c.o
 .text.Op59M0   0x1000a8c4       0x54 CMakeFiles/murmsnes.dir/src/snes9x/cpuops.c.o
 .text.Op55M0   0x1000a918       0x74 CMakeFiles/murmsnes.dir/src/snes9x/cpuops.c.o
 .text.Op53M0   0x1000a98c       0x70 CMakeFiles/murmsnes.dir/src/snes9x/cpuops.c.o
 .text.Op52M0   0x1000a9fc       0x68 CMakeFiles/murmsnes.dir/src/snes9x/cpuops.c.o
 .text.Op51M0   0x1000aa64       0x6c CMakeFiles/murmsnes.dir/src/snes9x/cpuops.c.o
 .text.Op4FM0   0x1000aad0       0x58 CMakeFiles/murmsnes.dir/src/snes9x/cpuops.c.o
 .text.Op4DM0   0x1000ab28       0x50 CMakeFiles/murmsnes.dir/src/snes9x/cpuops.c.o
 .text.Op45M0   0x1000ab78       0x58 CMakeFiles/murmsnes.dir/src/snes9x/cpuops.c.o
 .text.Op43M0   0x1000abd0       0x58 CMakeFiles/murmsnes.dir/src/snes9x/cpuops.c.o
 .text.Op41M0   0x1000ac28       0x70 CMakeFiles/murmsnes.dir/src/snes9x/cpuops.c.o
 .text.Op5EM0   0x1000ac98       0x6c CMakeFiles/murmsnes.dir/src/snes9x/cpuops.c.o
 .text.Op56M0   0x1000ad04       0x88 CMakeFiles/murmsnes.dir/src/snes9x/cpuops.c.o
 .text.Op4EM0   0x1000ad8c       0x68 CMakeFiles/murmsnes.dir/src/snes9x/cpuops.c.o
 .text.Op46M0   0x1000adf4       0x70 CMakeFiles/murmsnes.dir/src/snes9x/cpuops.c.o
 .text.Op3FM0   0x1000ae64       0x54 CMakeFiles/murmsnes.dir/src/snes9x/cpuops.c.o
 .text.Op3DM0   0x1000aeb8       0x50 CMakeFiles/murmsnes.dir/src/snes9x/cpuops.c.o
 .text.Op39M0   0x1000af08       0x50 CMakeFiles/murmsnes.dir/src/snes9x/cpuops.c.o
 .text.Op35M0   0x1000af58       0x70 CMakeFiles/murmsnes.dir/src/snes9x/cpuops.c.o
 .text.Op33M0   0x1000afc8       0x70 CMakeFiles/murmsnes.dir/src/snes9x/cpuops.c.o
 .text.Op32M0   0x1000b038       0x64 CMakeFiles/murmsnes.dir/src/snes9x/cpuops.c.o
 .text.Op31M0   0x1000b09c       0x68 CMakeFiles/murmsnes.dir/src/snes9x/cpuops.c.o
 .text.Op2FM0   0x1000b104       0x54 CMakeFiles/murmsnes.dir/src/snes9x/cpuops.c.o
 .text.Op2DM0   0x1000b158       0x4c CMakeFiles/murmsnes.dir/src/snes9x/cpuops.c.o
 .text.Op25M0   0x1000b1a4       0x54 CMakeFiles/murmsnes.dir/src/snes9x/cpuops.c.o
 .text.Op23M0   0x1000b1f8       0x58 CMakeFiles/murmsnes.dir/src/snes9x/cpuops.c.o
 .text.Op21M0   0x1000b250       0x70 CMakeFiles/murmsnes.dir/src/snes9x/cpuops.c.o
 .text.Op3EM0   0x1000b2c0       0x74 CMakeFiles/murmsnes.dir/src/snes9x/cpuops.c.o
 .text.Op36M0   0x1000b334       0x98 CMakeFiles/murmsnes.dir/src/snes9x/cpuops.c.o
 .text.Op2EM0   0x1000b3cc       0x70 CMakeFiles/murmsnes.dir/src/snes9x/cpuops.c.o
 .text.Op26M0   0x1000b43c       0x7c CMakeFiles/murmsnes.dir/src/snes9x/cpuops.c.o
 .text.Op3CM0   0x1000b4b8       0x54 CMakeFiles/murmsnes.dir/src/snes9x/cpuops.c.o
 .text.Op34M0   0x1000b50c       0x74 CMakeFiles/murmsnes.dir/src/snes9x/cpuops.c.o
 .text.Op2CM0   0x1000b580       0x50 CMakeFiles/murmsnes.dir/src/snes9x/cpuops.c.o
 .text.Op24M0   0x1000b5d0       0x58 CMakeFiles/murmsnes.dir/src/snes9x/cpuops.c.o
 .text.Op1FM0   0x1000b628       0x58 CMakeFiles/murmsnes.dir/src/snes9x/cpuops.c.o
 .text.Op1DM0   0x1000b680       0x54 CMakeFiles/murmsnes.dir/src/snes9x/cpuops.c.o
 .text.Op19M0   0x1000b6d4       0x54 CMakeFiles/murmsnes.dir/src/snes9x/cpuops.c.o
 .text.Op15M0   0x1000b728       0x74 CMakeFiles/murmsnes.dir/src/snes9x/cpuops.c.o
 .text.Op13M0   0x1000b79c       0x70 CMakeFiles/murmsnes.dir/src/snes9x/cpuops.c.o
 .text.Op12M0   0x1000b80c       0x68 CMakeFiles/murmsnes.dir/src/snes9x/cpuops.c.o
 .text.Op11M0   0x1000b874       0x6c CMakeFiles/murmsnes.dir/src/snes9x/cpuops.c.o
 .text.Op0FM0   0x1000b8e0       0x58 CMakeFiles/murmsnes.dir/src/snes9x/cpuops.c.o
 .text.Op0DM0   0x1000b938       0x50 CMakeFiles/murmsnes.dir/src/snes9x/cpuops.c.o
 .text.Op05M0   0x1000b988       0x58 CMakeFiles/murmsnes.dir/src/snes9x/cpuops.c.o
 .text.Op03M0   0x1000b9e0       0x58 CMakeFiles/murmsnes.dir/src/snes9x/cpuops.c.o
 .text.Op01M0   0x1000ba38       0x70 CMakeFiles/murmsnes.dir/src/snes9x/cpuops.c.o
 .text.Op1EM0   0x1000baa8       0x6c CMakeFiles/murmsnes.dir/src/snes9x/cpuops.c.o
 .text.Op16M0   0x1000bb14       0x88 CMakeFiles/murmsnes.dir/src/snes9x/cpuops.c.o
 .text.Op0EM0   0x1000bb9c       0x68 CMakeFiles/murmsnes.dir/src/snes9x/cpuops.c.o
 .text.Op06M0   0x1000bc04       0x70 CMakeFiles/murmsnes.dir/src/snes9x/cpuops.c.o
 .text.Op1CM0   0x1000bc74       0x68 CMakeFiles/murmsnes.dir/src/snes9x/cpuops.c.o
 .text.Op14M0   0x1000bcdc       0x70 CMakeFiles/murmsnes.dir/src/snes9x/cpuops.c.o
 .text.Op0CM0   0x1000bd4c       0x64 CMakeFiles/murmsnes.dir/src/snes9x/cpuops.c.o
 .text.Op04M0   0x1000bdb0       0x6c CMakeFiles/murmsnes.dir/src/snes9x/cpuops.c.o
 .text.OpFFM1   0x1000be1c       0xd0 CMakeFiles/murmsnes.dir/src/snes9x/cpuops.c.o
 .text.OpFDM1   0x1000beec       0xcc CMakeFiles/murmsnes.dir/src/snes9x/cpuops.c.o
 .text.OpF9M1   0x1000bfb8       0xcc CMakeFiles/murmsnes.dir/src/snes9x/cpuops.c.o
 .text.OpF5M1   0x1000c084       0xf0 CMakeFiles/murmsnes.dir/src/snes9x/cpuops.c.o
 .text.OpF3M1   0x1000c174       0xe8 CMakeFiles/murmsnes.dir/src/snes9x/cpuops.c.o
 .text.OpF2M1   0x1000c25c       0xdc CMakeFiles/murmsnes.dir/src/snes9x/cpuops.c.o
 .text.OpF1M1   0x1000c338       0xe0 CMakeFiles/murmsnes.dir/src/snes9x/cpuops.c.o
 .text.OpEFM1   0x1000c418       0xcc CMakeFiles/murmsnes.dir/src/snes9x/cpuops.c.o
 .text.OpEDM1   0x1000c4e4       0xc8 CMakeFiles/murmsnes.dir/src/snes9x/cpuops.c.o
 .text.OpE9M1   0x1000c5ac       0xb8 CMakeFiles/murmsnes.dir/src/snes9x/cpuops.c.o
 .text.OpE5M1   0x1000c664       0xd0 CMakeFiles/murmsnes.dir/src/snes9x/cpuops.c.o
 .text.OpE3M1   0x1000c734       0xd4 CMakeFiles/murmsnes.dir/src/snes9x/cpuops.c.o
 .text.OpE1M1   0x1000c808       0xe4 CMakeFiles/murmsnes.dir/src/snes9x/cpuops.c.o
 .text.OpFEM1   0x1000c8ec       0x5c CMakeFiles/murmsnes.dir/src/snes9x/cpuops.c.o
 .text.OpF6M1   0x1000c948       0x78 CMakeFiles/murmsnes.dir/src/snes9x/cpuops.c.o
 .text.OpEEM1   0x1000c9c0       0x58 CMakeFiles/murmsnes.dir/src/snes9x/cpuops.c.o
 .text.OpE6M1   0x1000ca18       0x60 CMakeFiles/murmsnes.dir/src/snes9x/cpuops.c.o
 .text.OpFAX1   0x1000ca78       0x34 CMakeFiles/murmsnes.dir/src/snes9x/cpuops.c.o
 .text.OpF7M1   0x1000caac       0xe8 CMakeFiles/murmsnes.dir/src/snes9x/cpuops.c.o
 .text.Op97M1   0x1000cb94       0x60 CMakeFiles/murmsnes.dir/src/snes9x/cpuops.c.o
 .text.OpF7M0   0x1000cbf4      0x12c CMakeFiles/murmsnes.dir/src/snes9x/cpuops.c.o
 .text.OpD7M0   0x1000cd20       0x90 CMakeFiles/murmsnes.dir/src/snes9x/cpuops.c.o
 .text.OpB7M0   0x1000cdb0       0x70 CMakeFiles/murmsnes.dir/src/snes9x/cpuops.c.o
 .text.Op77M0   0x1000ce20      0x148 CMakeFiles/murmsnes.dir/src/snes9x/cpuops.c.o
 .text.Op57M0   0x1000cf68       0x74 CMakeFiles/murmsnes.dir/src/snes9x/cpuops.c.o
 .text.Op37M0   0x1000cfdc       0x74 CMakeFiles/murmsnes.dir/src/snes9x/cpuops.c.o
 .text.Op17M0   0x1000d050       0x74 CMakeFiles/murmsnes.dir/src/snes9x/cpuops.c.o
 .text.OpECX1   0x1000d0c4       0x4c CMakeFiles/murmsnes.dir/src/snes9x/cpuops.c.o
 .text.OpE4X1   0x1000d110       0x54 CMakeFiles/murmsnes.dir/src/snes9x/cpuops.c.o
 .text.OpE7M1   0x1000d164       0xe8 CMakeFiles/murmsnes.dir/src/snes9x/cpuops.c.o
 .text.Op87M1   0x1000d24c       0x60 CMakeFiles/murmsnes.dir/src/snes9x/cpuops.c.o
 .text.OpE7M0   0x1000d2ac      0x128 CMakeFiles/murmsnes.dir/src/snes9x/cpuops.c.o
 .text.OpC7M0   0x1000d3d4       0x8c CMakeFiles/murmsnes.dir/src/snes9x/cpuops.c.o
 .text.OpA7M0   0x1000d460       0x6c CMakeFiles/murmsnes.dir/src/snes9x/cpuops.c.o
 .text.Op67M0   0x1000d4cc      0x144 CMakeFiles/murmsnes.dir/src/snes9x/cpuops.c.o
 .text.Op47M0   0x1000d610       0x70 CMakeFiles/murmsnes.dir/src/snes9x/cpuops.c.o
 .text.Op27M0   0x1000d680       0x70 CMakeFiles/murmsnes.dir/src/snes9x/cpuops.c.o
 .text.Op07M0   0x1000d6f0       0x70 CMakeFiles/murmsnes.dir/src/snes9x/cpuops.c.o
 .text.OpDFM1   0x1000d760       0x54 CMakeFiles/murmsnes.dir/src/snes9x/cpuops.c.o
 .text.OpDDM1   0x1000d7b4       0x50 CMakeFiles/murmsnes.dir/src/snes9x/cpuops.c.o
 .text.OpD9M1   0x1000d804       0x50 CMakeFiles/murmsnes.dir/src/snes9x/cpuops.c.o
 .text.OpD7M1   0x1000d854       0x7c CMakeFiles/murmsnes.dir/src/snes9x/cpuops.c.o
 .text.OpD5M1   0x1000d8d0       0x70 CMakeFiles/murmsnes.dir/src/snes9x/cpuops.c.o
 .text.OpD3M1   0x1000d940       0x70 CMakeFiles/murmsnes.dir/src/snes9x/cpuops.c.o
 .text.OpD2M1   0x1000d9b0       0x68 CMakeFiles/murmsnes.dir/src/snes9x/cpuops.c.o
 .text.OpD1M1   0x1000da18       0x6c CMakeFiles/murmsnes.dir/src/snes9x/cpuops.c.o
 .text.OpCFM1   0x1000da84       0x50 CMakeFiles/murmsnes.dir/src/snes9x/cpuops.c.o
 .text.OpCDM1   0x1000dad4       0x4c CMakeFiles/murmsnes.dir/src/snes9x/cpuops.c.o
 .text.OpC7M1   0x1000db20       0x78 CMakeFiles/murmsnes.dir/src/snes9x/cpuops.c.o
 .text.OpC5M1   0x1000db98       0x54 CMakeFiles/murmsnes.dir/src/snes9x/cpuops.c.o
 .text.OpC3M1   0x1000dbec       0x58 CMakeFiles/murmsnes.dir/src/snes9x/cpuops.c.o
 .text.OpC1M1   0x1000dc44       0x70 CMakeFiles/murmsnes.dir/src/snes9x/cpuops.c.o
 .text.OpDEM1   0x1000dcb4       0x5c CMakeFiles/murmsnes.dir/src/snes9x/cpuops.c.o
 .text.OpD6M1   0x1000dd10       0x78 CMakeFiles/murmsnes.dir/src/snes9x/cpuops.c.o
 .text.OpCEM1   0x1000dd88       0x58 CMakeFiles/murmsnes.dir/src/snes9x/cpuops.c.o
 .text.OpC6M1   0x1000dde0       0x60 CMakeFiles/murmsnes.dir/src/snes9x/cpuops.c.o
 .text.OpDC     0x1000de40       0x5c CMakeFiles/murmsnes.dir/src/snes9x/cpuops.c.o
 .text.OpCCX1   0x1000de9c       0x4c CMakeFiles/murmsnes.dir/src/snes9x/cpuops.c.o
 .text.OpC4X1   0x1000dee8       0x54 CMakeFiles/murmsnes.dir/src/snes9x/cpuops.c.o
 .text.OpBFM1   0x1000df3c       0x54 CMakeFiles/murmsnes.dir/src/snes9x/cpuops.c.o
 .text.OpBDM1   0x1000df90       0x50 CMakeFiles/murmsnes.dir/src/snes9x/cpuops.c.o
 .text.OpB9M1   0x1000dfe0       0x50 CMakeFiles/murmsnes.dir/src/snes9x/cpuops.c.o
 .text.OpB7M1   0x1000e030       0x74 CMakeFiles/murmsnes.dir/src/snes9x/cpuops.c.o
 .text.OpB5M1   0x1000e0a4       0x70 CMakeFiles/murmsnes.dir/src/snes9x/cpuops.c.o
 .text.OpB3M1   0x1000e114       0x70 CMakeFiles/murmsnes.dir/src/snes9x/cpuops.c.o
 .text.OpB2M1   0x1000e184       0x64 CMakeFiles/murmsnes.dir/src/snes9x/cpuops.c.o
 .text.OpB1M1   0x1000e1e8       0x68 CMakeFiles/murmsnes.dir/src/snes9x/cpuops.c.o
 .text.OpAFM1   0x1000e250       0x54 CMakeFiles/murmsnes.dir/src/snes9x/cpuops.c.o
 .text.OpADM1   0x1000e2a4       0x4c CMakeFiles/murmsnes.dir/src/snes9x/cpuops.c.o
 .text.OpA7M1   0x1000e2f0       0x70 CMakeFiles/murmsnes.dir/src/snes9x/cpuops.c.o
 .text.OpA5M1   0x1000e360       0x54 CMakeFiles/murmsnes.dir/src/snes9x/cpuops.c.o
 .text.OpA3M1   0x1000e3b4       0x58 CMakeFiles/murmsnes.dir/src/snes9x/cpuops.c.o
 .text.OpA1M1   0x1000e40c       0x70 CMakeFiles/murmsnes.dir/src/snes9x/cpuops.c.o
 .text.OpBEX1   0x1000e47c       0x50 CMakeFiles/murmsnes.dir/src/snes9x/cpuops.c.o
 .text.OpB6X1   0x1000e4cc       0x70 CMakeFiles/murmsnes.dir/src/snes9x/cpuops.c.o
 .text.OpAEX1   0x1000e53c       0x4c CMakeFiles/murmsnes.dir/src/snes9x/cpuops.c.o
 .text.OpA6X1   0x1000e588       0x54 CMakeFiles/murmsnes.dir/src/snes9x/cpuops.c.o
 .text.OpBCX1   0x1000e5dc       0x50 CMakeFiles/murmsnes.dir/src/snes9x/cpuops.c.o
 .text.OpB4X1   0x1000e62c       0x70 CMakeFiles/murmsnes.dir/src/snes9x/cpuops.c.o
 .text.OpACX1   0x1000e69c       0x4c CMakeFiles/murmsnes.dir/src/snes9x/cpuops.c.o
 .text.OpA4X1   0x1000e6e8       0x54 CMakeFiles/murmsnes.dir/src/snes9x/cpuops.c.o
 .text.OpAB     0x1000e73c       0x38 CMakeFiles/murmsnes.dir/src/snes9x/cpuops.c.o
 .text.Op7FM1   0x1000e774       0xe0 CMakeFiles/murmsnes.dir/src/snes9x/cpuops.c.o
 .text.Op7DM1   0x1000e854       0xd4 CMakeFiles/murmsnes.dir/src/snes9x/cpuops.c.o
 .text.Op79M1   0x1000e928       0xd4 CMakeFiles/murmsnes.dir/src/snes9x/cpuops.c.o
 .text.Op77M1   0x1000e9fc       0xf4 CMakeFiles/murmsnes.dir/src/snes9x/cpuops.c.o
 .text.Op75M1   0x1000eaf0       0xf8 CMakeFiles/murmsnes.dir/src/snes9x/cpuops.c.o
 .text.Op73M1   0x1000ebe8       0xf0 CMakeFiles/murmsnes.dir/src/snes9x/cpuops.c.o
 .text.Op72M1   0x1000ecd8       0xe8 CMakeFiles/murmsnes.dir/src/snes9x/cpuops.c.o
 .text.Op71M1   0x1000edc0       0xec CMakeFiles/murmsnes.dir/src/snes9x/cpuops.c.o
 .text.Op6FM1   0x1000eeac       0xec CMakeFiles/murmsnes.dir/src/snes9x/cpuops.c.o
 .text.Op6DM1   0x1000ef98       0xd0 CMakeFiles/murmsnes.dir/src/snes9x/cpuops.c.o
 .text.Op69M1   0x1000f068       0xc8 CMakeFiles/murmsnes.dir/src/snes9x/cpuops.c.o
 .text.Op67M1   0x1000f130       0xf0 CMakeFiles/murmsnes.dir/src/snes9x/cpuops.c.o
 .text.Op65M1   0x1000f220       0xdc CMakeFiles/murmsnes.dir/src/snes9x/cpuops.c.o
 .text.Op63M1   0x1000f2fc       0xdc CMakeFiles/murmsnes.dir/src/snes9x/cpuops.c.o
 .text.Op61M1   0x1000f3d8       0xf0 CMakeFiles/murmsnes.dir/src/snes9x/cpuops.c.o
 .text.Op7EM1   0x1000f4c8       0x68 CMakeFiles/murmsnes.dir/src/snes9x/cpuops.c.o
 .text.Op76M1   0x1000f530       0x84 CMakeFiles/murmsnes.dir/src/snes9x/cpuops.c.o
 .text.Op6EM1   0x1000f5b4       0x64 CMakeFiles/murmsnes.dir/src/snes9x/cpuops.c.o
 .text.Op66M1   0x1000f618       0x70 CMakeFiles/murmsnes.dir/src/snes9x/cpuops.c.o
 .text.Op7AX1   0x1000f688       0x34 CMakeFiles/murmsnes.dir/src/snes9x/cpuops.c.o
 .text.Op6B     0x1000f6bc       0x5c CMakeFiles/murmsnes.dir/src/snes9x/cpuops.c.o
 .text.Op68M1   0x1000f718       0x34 CMakeFiles/murmsnes.dir/src/snes9x/cpuops.c.o
 .text.Op60     0x1000f74c       0x48 CMakeFiles/murmsnes.dir/src/snes9x/cpuops.c.o
 .text.Op5FM1   0x1000f794       0x5c CMakeFiles/murmsnes.dir/src/snes9x/cpuops.c.o
 .text.Op5DM1   0x1000f7f0       0x58 CMakeFiles/murmsnes.dir/src/snes9x/cpuops.c.o
 .text.Op59M1   0x1000f848       0x58 CMakeFiles/murmsnes.dir/src/snes9x/cpuops.c.o
 .text.Op57M1   0x1000f8a0       0x78 CMakeFiles/murmsnes.dir/src/snes9x/cpuops.c.o
 .text.Op55M1   0x1000f918       0x78 CMakeFiles/murmsnes.dir/src/snes9x/cpuops.c.o
 .text.Op53M1   0x1000f990       0x74 CMakeFiles/murmsnes.dir/src/snes9x/cpuops.c.o
 .text.Op52M1   0x1000fa04       0x6c CMakeFiles/murmsnes.dir/src/snes9x/cpuops.c.o
 .text.Op51M1   0x1000fa70       0x70 CMakeFiles/murmsnes.dir/src/snes9x/cpuops.c.o
 .text.Op4FM1   0x1000fae0       0x5c CMakeFiles/murmsnes.dir/src/snes9x/cpuops.c.o
 .text.Op4DM1   0x1000fb3c       0x54 CMakeFiles/murmsnes.dir/src/snes9x/cpuops.c.o
 .text.Op47M1   0x1000fb90       0x74 CMakeFiles/murmsnes.dir/src/snes9x/cpuops.c.o
 .text.Op45M1   0x1000fc04       0x5c CMakeFiles/murmsnes.dir/src/snes9x/cpuops.c.o
 .text.Op43M1   0x1000fc60       0x5c CMakeFiles/murmsnes.dir/src/snes9x/cpuops.c.o
 .text.Op41M1   0x1000fcbc       0x74 CMakeFiles/murmsnes.dir/src/snes9x/cpuops.c.o
 .text.Op5EM1   0x1000fd30       0x64 CMakeFiles/murmsnes.dir/src/snes9x/cpuops.c.o
 .text.Op56M1   0x1000fd94       0x80 CMakeFiles/murmsnes.dir/src/snes9x/cpuops.c.o
 .text.Op4EM1   0x1000fe14       0x60 CMakeFiles/murmsnes.dir/src/snes9x/cpuops.c.o
 .text.Op46M1   0x1000fe74       0x68 CMakeFiles/murmsnes.dir/src/snes9x/cpuops.c.o
 .text.Op54X1   0x1000fedc       0x70 CMakeFiles/murmsnes.dir/src/snes9x/cpuops.c.o
 .text.Op44X1   0x1000ff4c       0x74 CMakeFiles/murmsnes.dir/src/snes9x/cpuops.c.o
 .text.Op40     0x1000ffc0       0xec CMakeFiles/murmsnes.dir/src/snes9x/cpuops.c.o
 .text.Op3FM1   0x100100ac       0x58 CMakeFiles/murmsnes.dir/src/snes9x/cpuops.c.o
 .text.Op3DM1   0x10010104       0x54 CMakeFiles/murmsnes.dir/src/snes9x/cpuops.c.o
 .text.Op39M1   0x10010158       0x54 CMakeFiles/murmsnes.dir/src/snes9x/cpuops.c.o
 .text.Op37M1   0x100101ac       0x78 CMakeFiles/murmsnes.dir/src/snes9x/cpuops.c.o
 .text.Op35M1   0x10010224       0x74 CMakeFiles/murmsnes.dir/src/snes9x/cpuops.c.o
 .text.Op33M1   0x10010298       0x74 CMakeFiles/murmsnes.dir/src/snes9x/cpuops.c.o
 .text.Op32M1   0x1001030c       0x68 CMakeFiles/murmsnes.dir/src/snes9x/cpuops.c.o
 .text.Op31M1   0x10010374       0x6c CMakeFiles/murmsnes.dir/src/snes9x/cpuops.c.o
 .text.Op2FM1   0x100103e0       0x58 CMakeFiles/murmsnes.dir/src/snes9x/cpuops.c.o
 .text.Op2DM1   0x10010438       0x50 CMakeFiles/murmsnes.dir/src/snes9x/cpuops.c.o
 .text.Op27M1   0x10010488       0x74 CMakeFiles/murmsnes.dir/src/snes9x/cpuops.c.o
 .text.Op25M1   0x100104fc       0x58 CMakeFiles/murmsnes.dir/src/snes9x/cpuops.c.o
 .text.Op23M1   0x10010554       0x5c CMakeFiles/murmsnes.dir/src/snes9x/cpuops.c.o
 .text.Op21M1   0x100105b0       0x74 CMakeFiles/murmsnes.dir/src/snes9x/cpuops.c.o
 .text.Op3EM1   0x10010624       0x6c CMakeFiles/murmsnes.dir/src/snes9x/cpuops.c.o
 .text.Op36M1   0x10010690       0x88 CMakeFiles/murmsnes.dir/src/snes9x/cpuops.c.o
 .text.Op2EM1   0x10010718       0x68 CMakeFiles/murmsnes.dir/src/snes9x/cpuops.c.o
 .text.Op26M1   0x10010780       0x70 CMakeFiles/murmsnes.dir/src/snes9x/cpuops.c.o
 .text.Op3CM1   0x100107f0       0x4c CMakeFiles/murmsnes.dir/src/snes9x/cpuops.c.o
 .text.Op34M1   0x1001083c       0x6c CMakeFiles/murmsnes.dir/src/snes9x/cpuops.c.o
 .text.Op2CM1   0x100108a8       0x48 CMakeFiles/murmsnes.dir/src/snes9x/cpuops.c.o
 .text.Op24M1   0x100108f0       0x50 CMakeFiles/murmsnes.dir/src/snes9x/cpuops.c.o
 .text.Op2B     0x10010940       0x48 CMakeFiles/murmsnes.dir/src/snes9x/cpuops.c.o
 .text.Op28     0x10010988       0x9c CMakeFiles/murmsnes.dir/src/snes9x/cpuops.c.o
 .text.Op1FM1   0x10010a24       0x5c CMakeFiles/murmsnes.dir/src/snes9x/cpuops.c.o
 .text.Op1DM1   0x10010a80       0x58 CMakeFiles/murmsnes.dir/src/snes9x/cpuops.c.o
 .text.Op19M1   0x10010ad8       0x58 CMakeFiles/murmsnes.dir/src/snes9x/cpuops.c.o
 .text.Op17M1   0x10010b30       0x78 CMakeFiles/murmsnes.dir/src/snes9x/cpuops.c.o
 .text.Op15M1   0x10010ba8       0x78 CMakeFiles/murmsnes.dir/src/snes9x/cpuops.c.o
 .text.Op13M1   0x10010c20       0x74 CMakeFiles/murmsnes.dir/src/snes9x/cpuops.c.o
 .text.Op12M1   0x10010c94       0x6c CMakeFiles/murmsnes.dir/src/snes9x/cpuops.c.o
 .text.Op11M1   0x10010d00       0x70 CMakeFiles/murmsnes.dir/src/snes9x/cpuops.c.o
 .text.Op0FM1   0x10010d70       0x5c CMakeFiles/murmsnes.dir/src/snes9x/cpuops.c.o
 .text.Op0DM1   0x10010dcc       0x54 CMakeFiles/murmsnes.dir/src/snes9x/cpuops.c.o
 .text.Op07M1   0x10010e20       0x74 CMakeFiles/murmsnes.dir/src/snes9x/cpuops.c.o
 .text.Op05M1   0x10010e94       0x5c CMakeFiles/murmsnes.dir/src/snes9x/cpuops.c.o
 .text.Op03M1   0x10010ef0       0x5c CMakeFiles/murmsnes.dir/src/snes9x/cpuops.c.o
 .text.Op01M1   0x10010f4c       0x74 CMakeFiles/murmsnes.dir/src/snes9x/cpuops.c.o
 .text.Op1EM1   0x10010fc0       0x60 CMakeFiles/murmsnes.dir/src/snes9x/cpuops.c.o
 .text.Op16M1   0x10011020       0x7c CMakeFiles/murmsnes.dir/src/snes9x/cpuops.c.o
 .text.Op0EM1   0x1001109c       0x5c CMakeFiles/murmsnes.dir/src/snes9x/cpuops.c.o
 .text.Op06M1   0x100110f8       0x68 CMakeFiles/murmsnes.dir/src/snes9x/cpuops.c.o
 .text.Op1CM1   0x10011160       0x54 CMakeFiles/murmsnes.dir/src/snes9x/cpuops.c.o
 .text.Op14M1   0x100111b4       0x5c CMakeFiles/murmsnes.dir/src/snes9x/cpuops.c.o
 .text.Op0CM1   0x10011210       0x50 CMakeFiles/murmsnes.dir/src/snes9x/cpuops.c.o
 .text.Op04M1   0x10011260       0x58 CMakeFiles/murmsnes.dir/src/snes9x/cpuops.c.o
 .text.OpFAE1   0x100112b8       0x38 CMakeFiles/murmsnes.dir/src/snes9x/cpuops.c.o
 .text.OpABE1   0x100112f0       0x3c CMakeFiles/murmsnes.dir/src/snes9x/cpuops.c.o
 .text.Op7AE1   0x1001132c       0x38 CMakeFiles/murmsnes.dir/src/snes9x/cpuops.c.o
 .text.Op6BE1   0x10011364       0x5c CMakeFiles/murmsnes.dir/src/snes9x/cpuops.c.o
 .text.Op68E1   0x100113c0       0x38 CMakeFiles/murmsnes.dir/src/snes9x/cpuops.c.o
 .text.Op2BE1   0x100113f8       0x4c CMakeFiles/murmsnes.dir/src/snes9x/cpuops.c.o
 .text.OpFAX0   0x10011444       0x48 CMakeFiles/murmsnes.dir/src/snes9x/cpuops.c.o
 .text.Op7AX0   0x1001148c       0x48 CMakeFiles/murmsnes.dir/src/snes9x/cpuops.c.o
 .text.Op54X0   0x100114d4       0x70 CMakeFiles/murmsnes.dir/src/snes9x/cpuops.c.o
 .text.Op44X0   0x10011544       0x74 CMakeFiles/murmsnes.dir/src/snes9x/cpuops.c.o
 .text.Op68M0   0x100115b8       0x48 CMakeFiles/murmsnes.dir/src/snes9x/cpuops.c.o
 .text.OpDB     0x10011600      0x12c CMakeFiles/murmsnes.dir/src/snes9x/cpuops.c.o
 .text.Op42     0x1001172c      0x3fc CMakeFiles/murmsnes.dir/src/snes9x/cpuops.c.o
 .text.Op96X0   0x10011b28       0x50 CMakeFiles/murmsnes.dir/src/snes9x/cpuops.c.o
 .text.Op8EX0   0x10011b78       0x34 CMakeFiles/murmsnes.dir/src/snes9x/cpuops.c.o
 .text.Op86X0   0x10011bac       0x3c CMakeFiles/murmsnes.dir/src/snes9x/cpuops.c.o
 .text.Op94X0   0x10011be8       0x50 CMakeFiles/murmsnes.dir/src/snes9x/cpuops.c.o
 .text.Op8CX0   0x10011c38       0x34 CMakeFiles/murmsnes.dir/src/snes9x/cpuops.c.o
 .text.Op84X0   0x10011c6c       0x3c CMakeFiles/murmsnes.dir/src/snes9x/cpuops.c.o
 .text.Op9FM0   0x10011ca8       0x3c CMakeFiles/murmsnes.dir/src/snes9x/cpuops.c.o
 .text.Op9DM0   0x10011ce4       0x38 CMakeFiles/murmsnes.dir/src/snes9x/cpuops.c.o
 .text.Op99M0   0x10011d1c       0x38 CMakeFiles/murmsnes.dir/src/snes9x/cpuops.c.o
 .text.Op97M0   0x10011d54       0x60 CMakeFiles/murmsnes.dir/src/snes9x/cpuops.c.o
 .text.Op95M0   0x10011db4       0x50 CMakeFiles/murmsnes.dir/src/snes9x/cpuops.c.o
 .text.Op93M0   0x10011e04       0x5c CMakeFiles/murmsnes.dir/src/snes9x/cpuops.c.o
 .text.Op92M0   0x10011e60       0x54 CMakeFiles/murmsnes.dir/src/snes9x/cpuops.c.o
 .text.Op91M0   0x10011eb4       0x58 CMakeFiles/murmsnes.dir/src/snes9x/cpuops.c.o
 .text.Op8FM0   0x10011f0c       0x38 CMakeFiles/murmsnes.dir/src/snes9x/cpuops.c.o
 .text.Op8DM0   0x10011f44       0x34 CMakeFiles/murmsnes.dir/src/snes9x/cpuops.c.o
 .text.Op87M0   0x10011f78       0x60 CMakeFiles/murmsnes.dir/src/snes9x/cpuops.c.o
 .text.Op85M0   0x10011fd8       0x3c CMakeFiles/murmsnes.dir/src/snes9x/cpuops.c.o
 .text.Op83M0   0x10012014       0x3c CMakeFiles/murmsnes.dir/src/snes9x/cpuops.c.o
 .text.Op9EM0   0x10012050       0x38 CMakeFiles/murmsnes.dir/src/snes9x/cpuops.c.o
 .text.Op9CM0   0x10012088       0x34 CMakeFiles/murmsnes.dir/src/snes9x/cpuops.c.o
 .text.Op74M0   0x100120bc       0x50 CMakeFiles/murmsnes.dir/src/snes9x/cpuops.c.o
 .text.Op64M0   0x1001210c       0x3c CMakeFiles/murmsnes.dir/src/snes9x/cpuops.c.o
 .text.Op81M0   0x10012148       0x64 CMakeFiles/murmsnes.dir/src/snes9x/cpuops.c.o
 .text.Op30     0x100121ac       0xa8 CMakeFiles/murmsnes.dir/src/snes9x/cpuops.c.o
 .text.Op80     0x10012254       0x90 CMakeFiles/murmsnes.dir/src/snes9x/cpuops.c.o
 .text.OpCB     0x100122e4       0x4c CMakeFiles/murmsnes.dir/src/snes9x/cpuops.c.o
 .text.Op81M1   0x10012330       0x64 CMakeFiles/murmsnes.dir/src/snes9x/cpuops.c.o
 .text.Op10     0x10012394       0xa8 CMakeFiles/murmsnes.dir/src/snes9x/cpuops.c.o
 .text.OpF0     0x1001243c       0xa4 CMakeFiles/murmsnes.dir/src/snes9x/cpuops.c.o
 .text.OpD0     0x100124e0       0xa4 CMakeFiles/murmsnes.dir/src/snes9x/cpuops.c.o
 .text.OpB0     0x10012584       0xa4 CMakeFiles/murmsnes.dir/src/snes9x/cpuops.c.o
 .text.Op90     0x10012628       0xa4 CMakeFiles/murmsnes.dir/src/snes9x/cpuops.c.o
 .text.Op70     0x100126cc       0xa4 CMakeFiles/murmsnes.dir/src/snes9x/cpuops.c.o
 .text.Op50     0x10012770       0xa4 CMakeFiles/murmsnes.dir/src/snes9x/cpuops.c.o
 .text.S9xOpcode_IRQ
                0x10012814      0x178 CMakeFiles/murmsnes.dir/src/snes9x/cpuops.c.o
                0x10012814                S9xOpcode_IRQ
 .text.S9xOpcode_NMI
                0x1001298c      0x178 CMakeFiles/murmsnes.dir/src/snes9x/cpuops.c.o
                0x1001298c                S9xOpcode_NMI
 .text.S9xDoDMA
                0x10012b04     0x1c8c CMakeFiles/murmsnes.dir/src/snes9x/dma.c.o
                0x10012b04                S9xDoDMA
 .text.S9xStartHDMA
                0x10014790      0x1b0 CMakeFiles/murmsnes.dir/src/snes9x/dma.c.o
                0x10014790                S9xStartHDMA
 .text.S9xDoHDMA
                0x10014940      0x2e4 CMakeFiles/murmsnes.dir/src/snes9x/dma.c.o
                0x10014940                S9xDoHDMA
 .text.S9xResetDMA
                0x10014c24      0x108 CMakeFiles/murmsnes.dir/src/snes9x/dma.c.o
                0x10014c24                S9xResetDMA
 .text.DSP2_Op0D
                0x10014d2c      0x208 CMakeFiles/murmsnes.dir/src/snes9x/dsp.c.o
 .text.DSP2GetByte
                0x10014f34       0x40 CMakeFiles/murmsnes.dir/src/snes9x/dsp.c.o
                0x10014f34                DSP2GetByte
 .text.DSP3_Reset
                0x10014f74       0x20 CMakeFiles/murmsnes.dir/src/snes9x/dsp.c.o
                0x10014f74                DSP3_Reset
 .text.DSP3_DumpDataROM
                0x10014f94       0x34 CMakeFiles/murmsnes.dir/src/snes9x/dsp.c.o
 .text.DSP3_MemoryDump
                0x10014fc8       0x28 CMakeFiles/murmsnes.dir/src/snes9x/dsp.c.o
 .text.DSP3_OP06
                0x10014ff0       0x30 CMakeFiles/murmsnes.dir/src/snes9x/dsp.c.o
 .text.DSP3_OP03
                0x10015020       0x30 CMakeFiles/murmsnes.dir/src/snes9x/dsp.c.o
 .text.DSP3_OP07_B
                0x10015050       0x2c CMakeFiles/murmsnes.dir/src/snes9x/dsp.c.o
 .text.DSP3_OP07_A
                0x1001507c       0xa4 CMakeFiles/murmsnes.dir/src/snes9x/dsp.c.o
 .text.DSP3_OP07
                0x10015120       0x44 CMakeFiles/murmsnes.dir/src/snes9x/dsp.c.o
 .text.DSP3_Coordinate
                0x10015164       0x74 CMakeFiles/murmsnes.dir/src/snes9x/dsp.c.o
 .text.DSP3_Convert_A
                0x100151d8      0x380 CMakeFiles/murmsnes.dir/src/snes9x/dsp.c.o
 .text.DSP3_Convert
                0x10015558       0x2c CMakeFiles/murmsnes.dir/src/snes9x/dsp.c.o
 .text.DSP3_Decode_A
                0x10015584       0x34 CMakeFiles/murmsnes.dir/src/snes9x/dsp.c.o
 .text.DSP3_Decode
                0x100155b8       0x1c CMakeFiles/murmsnes.dir/src/snes9x/dsp.c.o
 .text.DSP3_OP3E
                0x100155d4       0x68 CMakeFiles/murmsnes.dir/src/snes9x/dsp.c.o
 .text.DSP3_OP1E_A1
                0x1001563c       0x1c CMakeFiles/murmsnes.dir/src/snes9x/dsp.c.o
 .text.DSP3_OP1E_A2
                0x10015658       0x34 CMakeFiles/murmsnes.dir/src/snes9x/dsp.c.o
 .text.DSP3_OP10
                0x1001568c       0x2c CMakeFiles/murmsnes.dir/src/snes9x/dsp.c.o
 .text.DSP3_OP0C
                0x100156b8       0x1c CMakeFiles/murmsnes.dir/src/snes9x/dsp.c.o
 .text.DSP3_OP1C_B
                0x100156d4       0x1c CMakeFiles/murmsnes.dir/src/snes9x/dsp.c.o
 .text.DSP3_OP1C_A
                0x100156f0       0x10 CMakeFiles/murmsnes.dir/src/snes9x/dsp.c.o
 .text.DSP3_OP1C
                0x10015700       0x10 CMakeFiles/murmsnes.dir/src/snes9x/dsp.c.o
 .text.DSP3_Command
                0x10015710       0xe0 CMakeFiles/murmsnes.dir/src/snes9x/dsp.c.o
 .text.DSP4_OP0B
                0x100157f0      0x15c CMakeFiles/murmsnes.dir/src/snes9x/dsp.c.o
 .text.DSP1_NormalizeDouble
                0x1001594c       0xac CMakeFiles/murmsnes.dir/src/snes9x/dsp.c.o
 .text.DSP2SetByte
                0x100159f8      0x424 CMakeFiles/murmsnes.dir/src/snes9x/dsp.c.o
                0x100159f8                DSP2SetByte
 .text.DSP3SetByte
                0x10015e1c       0x54 CMakeFiles/murmsnes.dir/src/snes9x/dsp.c.o
                0x10015e1c                DSP3SetByte
 .text.DSP3GetByte
                0x10015e70       0x48 CMakeFiles/murmsnes.dir/src/snes9x/dsp.c.o
                0x10015e70                DSP3GetByte
 .text.DSP4GetByte
                0x10015eb8       0x44 CMakeFiles/murmsnes.dir/src/snes9x/dsp.c.o
                0x10015eb8                DSP4GetByte
 .text.DSP1_Inverse.part.0
                0x10015efc       0xc0 CMakeFiles/murmsnes.dir/src/snes9x/dsp.c.o
 .text.DSP4SetByte
                0x10015fbc     0x1838 CMakeFiles/murmsnes.dir/src/snes9x/dsp.c.o
                0x10015fbc                DSP4SetByte
 .text.DSP3_OP1C_C
                0x100177f4       0x1c CMakeFiles/murmsnes.dir/src/snes9x/dsp.c.o
 .text.DSP3_TestMemory
                0x10017810       0x1c CMakeFiles/murmsnes.dir/src/snes9x/dsp.c.o
 .text.DSP3_OP1E_B
                0x1001782c      0x56c CMakeFiles/murmsnes.dir/src/snes9x/dsp.c.o
 .text.DSP3_OP1E_A
                0x10017d98      0x318 CMakeFiles/murmsnes.dir/src/snes9x/dsp.c.o
 .text.DSP3_OP1E
                0x100180b0      0x1cc CMakeFiles/murmsnes.dir/src/snes9x/dsp.c.o
 .text.DSP3_OP1E_A3
                0x1001827c       0xf8 CMakeFiles/murmsnes.dir/src/snes9x/dsp.c.o
 .text.DSP3_OP1E_C1
                0x10018374      0x318 CMakeFiles/murmsnes.dir/src/snes9x/dsp.c.o
 .text.DSP3_OP1E_C
                0x1001868c      0x1cc CMakeFiles/murmsnes.dir/src/snes9x/dsp.c.o
 .text.DSP3_OP1E_C2
                0x10018858       0xe4 CMakeFiles/murmsnes.dir/src/snes9x/dsp.c.o
 .text.DSP1_Op0A
                0x1001893c      0x274 CMakeFiles/murmsnes.dir/src/snes9x/dsp.c.o
 .text.DSP1GetByte
                0x10018bb0       0x94 CMakeFiles/murmsnes.dir/src/snes9x/dsp.c.o
                0x10018bb0                DSP1GetByte
 .text.DSP1_Project
                0x10018c44      0x3f4 CMakeFiles/murmsnes.dir/src/snes9x/dsp.c.o
 .text.DSP1_Parameter
                0x10019038      0x748 CMakeFiles/murmsnes.dir/src/snes9x/dsp.c.o
 .text.DSP3_Decode_Data
                0x10019780      0x2bc CMakeFiles/murmsnes.dir/src/snes9x/dsp.c.o
 .text.DSP3_Decode_Tree
                0x10019a3c      0x1c4 CMakeFiles/murmsnes.dir/src/snes9x/dsp.c.o
 .text.DSP3_Decode_Symbols
                0x10019c00      0x300 CMakeFiles/murmsnes.dir/src/snes9x/dsp.c.o
 .text.DSP1SetByte
                0x10019f00     0x1920 CMakeFiles/murmsnes.dir/src/snes9x/dsp.c.o
                0x10019f00                DSP1SetByte
 .text.S9xInitDSP
                0x1001b820       0xa8 CMakeFiles/murmsnes.dir/src/snes9x/dsp.c.o
                0x1001b820                S9xInitDSP
 .text.S9xResetDSP
                0x1001b8c8       0x84 CMakeFiles/murmsnes.dir/src/snes9x/dsp.c.o
                0x1001b8c8                S9xResetDSP
 .text.S9xGetDSP
                0x1001b94c        0xc CMakeFiles/murmsnes.dir/src/snes9x/dsp.c.o
                0x1001b94c                S9xGetDSP
 .text.S9xSetDSP
                0x1001b958        0xc CMakeFiles/murmsnes.dir/src/snes9x/dsp.c.o
                0x1001b958                S9xSetDSP
 .text.S9xGetByte
                0x1001b964       0xcc CMakeFiles/murmsnes.dir/src/snes9x/getset.c.o
                0x1001b964                S9xGetByte
 .text.S9xGetWord
                0x1001ba30      0x180 CMakeFiles/murmsnes.dir/src/snes9x/getset.c.o
                0x1001ba30                S9xGetWord
 .text.S9xSetByte
                0x1001bbb0      0x130 CMakeFiles/murmsnes.dir/src/snes9x/getset.c.o
                0x1001bbb0                S9xSetByte
 .text.S9xSetWord
                0x1001bce0      0x1d0 CMakeFiles/murmsnes.dir/src/snes9x/getset.c.o
                0x1001bce0                S9xSetWord
 .text.GetBasePointer
                0x1001beb0       0x54 CMakeFiles/murmsnes.dir/src/snes9x/getset.c.o
                0x1001beb0                GetBasePointer
 .text.S9xGetMemPointer
                0x1001bf04       0x78 CMakeFiles/murmsnes.dir/src/snes9x/getset.c.o
                0x1001bf04                S9xGetMemPointer
 .text.S9xSetPCBase
                0x1001bf7c       0x90 CMakeFiles/murmsnes.dir/src/snes9x/getset.c.o
                0x1001bf7c                S9xSetPCBase
 .text.DrawBackground
                0x1001c00c     0x1c18 CMakeFiles/murmsnes.dir/src/snes9x/gfx.c.o
 .text.DrawBGMode7Background16
                0x1001dc24      0x398 CMakeFiles/murmsnes.dir/src/snes9x/gfx.c.o
 .text.DrawOBJS
                0x1001dfbc      0xab0 CMakeFiles/murmsnes.dir/src/snes9x/gfx.c.o
 .text.RenderScreen
                0x1001ea6c      0xa94 CMakeFiles/murmsnes.dir/src/snes9x/gfx.c.o
 .text.S9xInitGFX
                0x1001f500      0x148 CMakeFiles/murmsnes.dir/src/snes9x/gfx.c.o
                0x1001f500                S9xInitGFX
 .text.S9xStartScreenRefresh
                0x1001f648       0xe8 CMakeFiles/murmsnes.dir/src/snes9x/gfx.c.o
                0x1001f648                S9xStartScreenRefresh
 .text.S9xSetupOBJ
                0x1001f730      0xc0c CMakeFiles/murmsnes.dir/src/snes9x/gfx.c.o
                0x1001f730                S9xSetupOBJ
 .text.RenderLine
                0x1002033c       0xd4 CMakeFiles/murmsnes.dir/src/snes9x/gfx.c.o
                0x1002033c                RenderLine
 .text.S9xUpdateScreen
                0x10020410     0x1f08 CMakeFiles/murmsnes.dir/src/snes9x/gfx.c.o
                0x10020410                S9xUpdateScreen
 .text.S9xEndScreenRefresh
                0x10022318       0x54 CMakeFiles/murmsnes.dir/src/snes9x/gfx.c.o
                0x10022318                S9xEndScreenRefresh
 .text.ScoreLoROM.constprop.0
                0x1002236c      0x184 CMakeFiles/murmsnes.dir/src/snes9x/memmap.c.o
 .text.ScoreHiROM.constprop.0
                0x100224f0      0x190 CMakeFiles/murmsnes.dir/src/snes9x/memmap.c.o
 .text.S9xDeinitMemory
                0x10022680       0x7c CMakeFiles/murmsnes.dir/src/snes9x/memmap.c.o
                0x10022680                S9xDeinitMemory
 .text.S9xInitMemory
                0x100226fc      0x1c4 CMakeFiles/murmsnes.dir/src/snes9x/memmap.c.o
                0x100226fc                S9xInitMemory
 .text.ParseSNESHeader
                0x100228c0       0xa4 CMakeFiles/murmsnes.dir/src/snes9x/memmap.c.o
                0x100228c0                ParseSNESHeader
 .text.FixROMSpeed
                0x10022964       0x3c CMakeFiles/murmsnes.dir/src/snes9x/memmap.c.o
                0x10022964                FixROMSpeed
 .text.ResetSpeedMap
                0x100229a0      0x144 CMakeFiles/murmsnes.dir/src/snes9x/memmap.c.o
                0x100229a0                ResetSpeedMap
 .text.MapRAM   0x10022ae4      0x71c CMakeFiles/murmsnes.dir/src/snes9x/memmap.c.o
                0x10022ae4                MapRAM
 .text.MapExtraRAM
                0x10023200      0x298 CMakeFiles/murmsnes.dir/src/snes9x/memmap.c.o
                0x10023200                MapExtraRAM
 .text.DSPMap   0x10023498      0xb7c CMakeFiles/murmsnes.dir/src/snes9x/memmap.c.o
                0x10023498                DSPMap
 .text.LoROMMap
                0x10024014      0x824 CMakeFiles/murmsnes.dir/src/snes9x/memmap.c.o
                0x10024014                LoROMMap
 .text.HiROMMap
                0x10024838      0x548 CMakeFiles/murmsnes.dir/src/snes9x/memmap.c.o
                0x10024838                HiROMMap
 .text.TalesROMMap
                0x10024d80      0x858 CMakeFiles/murmsnes.dir/src/snes9x/memmap.c.o
                0x10024d80                TalesROMMap
 .text.AlphaROMMap
                0x100255d8      0x38c CMakeFiles/murmsnes.dir/src/snes9x/memmap.c.o
                0x100255d8                AlphaROMMap
 .text.LoROM24MBSMap
                0x10025964      0xac8 CMakeFiles/murmsnes.dir/src/snes9x/memmap.c.o
                0x10025964                LoROM24MBSMap
 .text.SRAM512KLoROMMap
                0x1002642c      0x7c8 CMakeFiles/murmsnes.dir/src/snes9x/memmap.c.o
                0x1002642c                SRAM512KLoROMMap
 .text.SRAM1024KLoROMMap
                0x10026bf4      0x568 CMakeFiles/murmsnes.dir/src/snes9x/memmap.c.o
                0x10026bf4                SRAM1024KLoROMMap
 .text.CapcomProtectLoROMMap
                0x1002715c      0x598 CMakeFiles/murmsnes.dir/src/snes9x/memmap.c.o
                0x1002715c                CapcomProtectLoROMMap
 .text.JumboLoROMMap
                0x100276f4      0xa78 CMakeFiles/murmsnes.dir/src/snes9x/memmap.c.o
                0x100276f4                JumboLoROMMap
 .text.ApplyROMFixes
                0x1002816c      0x84c CMakeFiles/murmsnes.dir/src/snes9x/memmap.c.o
                0x1002816c                ApplyROMFixes
 .text.InitROM  0x100289b8      0x6b8 CMakeFiles/murmsnes.dir/src/snes9x/memmap.c.o
                0x100289b8                InitROM
 .text.LoadROM  0x10029070      0x310 CMakeFiles/murmsnes.dir/src/snes9x/memmap.c.o
                0x10029070                LoadROM
 .text.SetOBC1  0x10029380       0xfc CMakeFiles/murmsnes.dir/src/snes9x/obc1.c.o
                0x10029380                SetOBC1
 .text.GetMemPointerOBC1
                0x1002947c       0x10 CMakeFiles/murmsnes.dir/src/snes9x/obc1.c.o
                0x1002947c                GetMemPointerOBC1
 .text.ResetOBC1
                0x1002948c       0x40 CMakeFiles/murmsnes.dir/src/snes9x/obc1.c.o
                0x1002948c                ResetOBC1
 .text.S9xUpdateHTimer.part.0
                0x100294cc       0xac CMakeFiles/murmsnes.dir/src/snes9x/ppu.c.o
 .text.S9xProcessMouse.part.0
                0x10029578      0x174 CMakeFiles/murmsnes.dir/src/snes9x/ppu.c.o
 .text.S9xFixColourBrightness
                0x100296ec       0xf8 CMakeFiles/murmsnes.dir/src/snes9x/ppu.c.o
                0x100296ec                S9xFixColourBrightness
 .text.S9xSetPPU
                0x100297e4     0x12b8 CMakeFiles/murmsnes.dir/src/snes9x/ppu.c.o
                0x100297e4                S9xSetPPU
 .text.S9xGetPPU
                0x1002aa9c      0x4d4 CMakeFiles/murmsnes.dir/src/snes9x/ppu.c.o
                0x1002aa9c                S9xGetPPU
 .text.S9xSetCPU
                0x1002af70      0xba0 CMakeFiles/murmsnes.dir/src/snes9x/ppu.c.o
                0x1002af70                S9xSetCPU
 .text.S9xGetCPU
                0x1002bb10      0x8d8 CMakeFiles/murmsnes.dir/src/snes9x/ppu.c.o
                0x1002bb10                S9xGetCPU
 .text.S9xNextController
                0x1002c3e8       0x78 CMakeFiles/murmsnes.dir/src/snes9x/ppu.c.o
                0x1002c3e8                S9xNextController
 .text.CommonPPUReset
                0x1002c460      0x3e8 CMakeFiles/murmsnes.dir/src/snes9x/ppu.c.o
 .text.S9xResetPPU
                0x1002c848      0x2a4 CMakeFiles/murmsnes.dir/src/snes9x/ppu.c.o
                0x1002c848                S9xResetPPU
 .text.S9xUpdateJustifiers
                0x1002caec      0x104 CMakeFiles/murmsnes.dir/src/snes9x/ppu.c.o
                0x1002caec                S9xUpdateJustifiers
 .text.S9xUpdateJoypads
                0x1002cbf0      0x24c CMakeFiles/murmsnes.dir/src/snes9x/ppu.c.o
                0x1002cbf0                S9xUpdateJoypads
 .text.S9xSetEnvelopeRate
                0x1002ce3c      0x144 CMakeFiles/murmsnes.dir/src/snes9x/soundux.c.o
                0x1002ce3c                S9xSetEnvelopeRate
 .text.S9xSetSoundVolume
                0x1002cf80       0x44 CMakeFiles/murmsnes.dir/src/snes9x/soundux.c.o
                0x1002cf80                S9xSetSoundVolume
 .text.S9xSetMasterVolume
                0x1002cfc4       0x24 CMakeFiles/murmsnes.dir/src/snes9x/soundux.c.o
                0x1002cfc4                S9xSetMasterVolume
 .text.S9xSetEchoVolume
                0x1002cfe8       0x10 CMakeFiles/murmsnes.dir/src/snes9x/soundux.c.o
                0x1002cfe8                S9xSetEchoVolume
 .text.S9xSetEchoEnable
                0x1002cff8       0xe0 CMakeFiles/murmsnes.dir/src/snes9x/soundux.c.o
                0x1002cff8                S9xSetEchoEnable
 .text.S9xSetEchoFeedback
                0x1002d0d8       0x10 CMakeFiles/murmsnes.dir/src/snes9x/soundux.c.o
                0x1002d0d8                S9xSetEchoFeedback
 .text.S9xSetEchoDelay
                0x1002d0e8       0x48 CMakeFiles/murmsnes.dir/src/snes9x/soundux.c.o
                0x1002d0e8                S9xSetEchoDelay
 .text.S9xSetEchoWriteEnable
                0x1002d130       0x58 CMakeFiles/murmsnes.dir/src/snes9x/soundux.c.o
                0x1002d130                S9xSetEchoWriteEnable
 .text.S9xSetFrequencyModulationEnable
                0x1002d188       0x10 CMakeFiles/murmsnes.dir/src/snes9x/soundux.c.o
                0x1002d188                S9xSetFrequencyModulationEnable
 .text.S9xSetSoundKeyOff
                0x1002d198       0x48 CMakeFiles/murmsnes.dir/src/snes9x/soundux.c.o
                0x1002d198                S9xSetSoundKeyOff
 .text.S9xSetFilterCoefficient
                0x1002d1e0       0x50 CMakeFiles/murmsnes.dir/src/snes9x/soundux.c.o
                0x1002d1e0                S9xSetFilterCoefficient
 .text.S9xSetSoundADSR
                0x1002d230      0x140 CMakeFiles/murmsnes.dir/src/snes9x/soundux.c.o
                0x1002d230                S9xSetSoundADSR
 .text.S9xSetEnvelopeHeight
                0x1002d370       0x94 CMakeFiles/murmsnes.dir/src/snes9x/soundux.c.o
                0x1002d370                S9xSetEnvelopeHeight
 .text.S9xSetSoundFrequency
                0x1002d404       0x4c CMakeFiles/murmsnes.dir/src/snes9x/soundux.c.o
                0x1002d404                S9xSetSoundFrequency
 .text.S9xSetSoundHertz
                0x1002d450       0x50 CMakeFiles/murmsnes.dir/src/snes9x/soundux.c.o
                0x1002d450                S9xSetSoundHertz
 .text.S9xSetSoundType
                0x1002d4a0       0x10 CMakeFiles/murmsnes.dir/src/snes9x/soundux.c.o
                0x1002d4a0                S9xSetSoundType
 .text.DecodeBlock
                0x1002d4b0      0x548 CMakeFiles/murmsnes.dir/src/snes9x/soundux.c.o
                0x1002d4b0                DecodeBlock
 .text.S9xMixSamples
                0x1002d9f8      0xc80 CMakeFiles/murmsnes.dir/src/snes9x/soundux.c.o
                0x1002d9f8                S9xMixSamples
 .text.S9xResetSound
                0x1002e678      0x284 CMakeFiles/murmsnes.dir/src/snes9x/soundux.c.o
                0x1002e678                S9xResetSound
 .text.S9xSetPlaybackRate
                0x1002e8fc      0x4c8 CMakeFiles/murmsnes.dir/src/snes9x/soundux.c.o
                0x1002e8fc                S9xSetPlaybackRate
 .text.S9xInitSound
                0x1002edc4       0x3c CMakeFiles/murmsnes.dir/src/snes9x/soundux.c.o
                0x1002edc4                S9xInitSound
 .text.S9xSetSoundMode
                0x1002ee00       0x64 CMakeFiles/murmsnes.dir/src/snes9x/soundux.c.o
                0x1002ee00                S9xSetSoundMode
 .text.S9xPlaySample
                0x1002ee64      0x2c8 CMakeFiles/murmsnes.dir/src/snes9x/soundux.c.o
                0x1002ee64                S9xPlaySample
 .text.S9xAPUSetByte
                0x1002f12c       0x88 CMakeFiles/murmsnes.dir/src/snes9x/spc700.c.o
 .text.S9xAPUGetByteZ
                0x1002f1b4       0x58 CMakeFiles/murmsnes.dir/src/snes9x/spc700.c.o
 .text.S9xAPUSetByteZ
                0x1002f20c       0x7c CMakeFiles/murmsnes.dir/src/snes9x/spc700.c.o
 .text.APUExecute
                0x1002f288     0x404c CMakeFiles/murmsnes.dir/src/snes9x/spc700.c.o
                0x1002f288                APUExecute
 .text.S9xUpdateSrtcTime.part.0
                0x100332d4      0x2d8 CMakeFiles/murmsnes.dir/src/snes9x/srtc.c.o
 .text.S9xResetSRTC
                0x100335ac       0x10 CMakeFiles/murmsnes.dir/src/snes9x/srtc.c.o
                0x100335ac                S9xResetSRTC
 .text.S9xSetSRTC
                0x100335bc      0x114 CMakeFiles/murmsnes.dir/src/snes9x/srtc.c.o
                0x100335bc                S9xSetSRTC
 .text.S9xGetSRTC
                0x100336d0       0x48 CMakeFiles/murmsnes.dir/src/snes9x/srtc.c.o
                0x100336d0                S9xGetSRTC
 .text.ConvertTile
                0x10033718      0x5d0 CMakeFiles/murmsnes.dir/src/snes9x/tile.c.o
 .text.WRITE_4PIXELS16x2x2
                0x10033ce8      0x198 CMakeFiles/murmsnes.dir/src/snes9x/tile.c.o
 .text.WRITE_4PIXELS16_FLIPPEDx2x2
                0x10033e80      0x198 CMakeFiles/murmsnes.dir/src/snes9x/tile.c.o
 .text.DrawTile16
                0x10034018      0x564 CMakeFiles/murmsnes.dir/src/snes9x/tile.c.o
                0x10034018                DrawTile16
 .text.DrawClippedTile16
                0x1003457c      0x6bc CMakeFiles/murmsnes.dir/src/snes9x/tile.c.o
                0x1003457c                DrawClippedTile16
 .text.DrawTile16HalfWidth
                0x10034c38      0x8b8 CMakeFiles/murmsnes.dir/src/snes9x/tile.c.o
                0x10034c38                DrawTile16HalfWidth
 .text.DrawClippedTile16HalfWidth
                0x100354f0      0xbe4 CMakeFiles/murmsnes.dir/src/snes9x/tile.c.o
                0x100354f0                DrawClippedTile16HalfWidth
 .text.DrawTile16x2
                0x100360d4      0x8c8 CMakeFiles/murmsnes.dir/src/snes9x/tile.c.o
                0x100360d4                DrawTile16x2
 .text.DrawClippedTile16x2
                0x1003699c      0xa84 CMakeFiles/murmsnes.dir/src/snes9x/tile.c.o
                0x1003699c                DrawClippedTile16x2
 .text.DrawTile16x2x2
                0x10037420      0x530 CMakeFiles/murmsnes.dir/src/snes9x/tile.c.o
                0x10037420                DrawTile16x2x2
 .text.DrawClippedTile16x2x2
                0x10037950      0x2b8 CMakeFiles/murmsnes.dir/src/snes9x/tile.c.o
                0x10037950                DrawClippedTile16x2x2
 .text.DrawLargePixel16
                0x10037c08      0x4c4 CMakeFiles/murmsnes.dir/src/snes9x/tile.c.o
                0x10037c08                DrawLargePixel16
 .text.DrawLargePixel16HalfWidth
                0x100380cc      0x4ec CMakeFiles/murmsnes.dir/src/snes9x/tile.c.o
                0x100380cc                DrawLargePixel16HalfWidth
 .text.DrawTile16Add
                0x100385b8      0x524 CMakeFiles/murmsnes.dir/src/snes9x/tile.c.o
                0x100385b8                DrawTile16Add
 .text.DrawClippedTile16Add
                0x10038adc      0x784 CMakeFiles/murmsnes.dir/src/snes9x/tile.c.o
                0x10038adc                DrawClippedTile16Add
 .text.DrawTile16Add1_2
                0x10039260      0x604 CMakeFiles/murmsnes.dir/src/snes9x/tile.c.o
                0x10039260                DrawTile16Add1_2
 .text.DrawClippedTile16Add1_2
                0x10039864        0x4 CMakeFiles/murmsnes.dir/src/snes9x/tile.c.o
                0x10039864                DrawClippedTile16Add1_2
 .text.DrawTile16Sub
                0x10039868        0x4 CMakeFiles/murmsnes.dir/src/snes9x/tile.c.o
                0x10039868                DrawTile16Sub
 .text.DrawClippedTile16Sub
                0x1003986c        0x4 CMakeFiles/murmsnes.dir/src/snes9x/tile.c.o
                0x1003986c                DrawClippedTile16Sub
 .text.DrawTile16Sub1_2
                0x10039870        0x4 CMakeFiles/murmsnes.dir/src/snes9x/tile.c.o
                0x10039870                DrawTile16Sub1_2
 .text.DrawClippedTile16Sub1_2
                0x10039874        0x4 CMakeFiles/murmsnes.dir/src/snes9x/tile.c.o
                0x10039874                DrawClippedTile16Sub1_2
 .text.DrawTile16FixedAdd1_2
                0x10039878        0x4 CMakeFiles/murmsnes.dir/src/snes9x/tile.c.o
                0x10039878                DrawTile16FixedAdd1_2
 .text.DrawClippedTile16FixedAdd1_2
                0x1003987c        0x4 CMakeFiles/murmsnes.dir/src/snes9x/tile.c.o
                0x1003987c                DrawClippedTile16FixedAdd1_2
 .text.DrawTile16FixedSub1_2
                0x10039880        0x4 CMakeFiles/murmsnes.dir/src/snes9x/tile.c.o
                0x10039880                DrawTile16FixedSub1_2
 .text.DrawClippedTile16FixedSub1_2
                0x10039884        0x4 CMakeFiles/murmsnes.dir/src/snes9x/tile.c.o
                0x10039884                DrawClippedTile16FixedSub1_2
 .text.DrawLargePixel16Add
                0x10039888      0x4bc CMakeFiles/murmsnes.dir/src/snes9x/tile.c.o
                0x10039888                DrawLargePixel16Add
 .text.DrawLargePixel16Add1_2
                0x10039d44        0x4 CMakeFiles/murmsnes.dir/src/snes9x/tile.c.o
                0x10039d44                DrawLargePixel16Add1_2
 .text.DrawLargePixel16Sub
                0x10039d48        0x4 CMakeFiles/murmsnes.dir/src/snes9x/tile.c.o
                0x10039d48                DrawLargePixel16Sub
 .text.DrawLargePixel16Sub1_2
                0x10039d4c        0x4 CMakeFiles/murmsnes.dir/src/snes9x/tile.c.o
                0x10039d4c                DrawLargePixel16Sub1_2
 .text.gpio_set_function
                0x10039d50       0x3c CMakeFiles/murmsnes.dir/Users/A2506402/pico/pico-sdk/src/rp2_common/hardware_gpio/gpio.c.o
                0x10039d50                gpio_set_function
 .text.gpio_set_pulls
                0x10039d8c       0x28 CMakeFiles/murmsnes.dir/Users/A2506402/pico/pico-sdk/src/rp2_common/hardware_gpio/gpio.c.o
                0x10039d8c                gpio_set_pulls
 .text.gpio_set_slew_rate
                0x10039db4       0x1c CMakeFiles/murmsnes.dir/Users/A2506402/pico/pico-sdk/src/rp2_common/hardware_gpio/gpio.c.o
                0x10039db4                gpio_set_slew_rate
 .text.gpio_set_drive_strength
                0x10039dd0       0x20 CMakeFiles/murmsnes.dir/Users/A2506402/pico/pico-sdk/src/rp2_common/hardware_gpio/gpio.c.o
                0x10039dd0                gpio_set_drive_strength
 .text.gpio_init
                0x10039df0       0x48 CMakeFiles/murmsnes.dir/Users/A2506402/pico/pico-sdk/src/rp2_common/hardware_gpio/gpio.c.o
                0x10039df0                gpio_init
 .text.panic    0x10039e38       0x30 CMakeFiles/murmsnes.dir/Users/A2506402/pico/pico-sdk/src/rp2_common/pico_platform_panic/panic.c.o
                0x10039e38                panic
 .text.hw_claim_lock
                0x10039e68       0x24 CMakeFiles/murmsnes.dir/Users/A2506402/pico/pico-sdk/src/common/hardware_claim/claim.c.o
                0x10039e68                hw_claim_lock
 .text.hw_claim_unlock
                0x10039e8c       0x14 CMakeFiles/murmsnes.dir/Users/A2506402/pico/pico-sdk/src/common/hardware_claim/claim.c.o
                0x10039e8c                hw_claim_unlock
 .text.hw_claim_or_assert
                0x10039ea0       0x58 CMakeFiles/murmsnes.dir/Users/A2506402/pico/pico-sdk/src/common/hardware_claim/claim.c.o
                0x10039ea0                hw_claim_or_assert
 .text.hw_claim_unused_from_range
                0x10039ef8       0x80 CMakeFiles/murmsnes.dir/Users/A2506402/pico/pico-sdk/src/common/hardware_claim/claim.c.o
                0x10039ef8                hw_claim_unused_from_range
 .text.hw_claim_clear
                0x10039f78       0x50 CMakeFiles/murmsnes.dir/Users/A2506402/pico/pico-sdk/src/common/hardware_claim/claim.c.o
                0x10039f78                hw_claim_clear
 .text.next_striped_spin_lock_num
                0x10039fc8       0x18 CMakeFiles/murmsnes.dir/Users/A2506402/pico/pico-sdk/src/rp2_common/hardware_sync/sync.c.o
                0x10039fc8                next_striped_spin_lock_num
 .text.spin_lock_claim_unused
                0x10039fe0       0x20 CMakeFiles/murmsnes.dir/Users/A2506402/pico/pico-sdk/src/rp2_common/hardware_sync/sync.c.o
                0x10039fe0                spin_lock_claim_unused
 .text.spinlock_set_extexclall
                0x1003a000       0x10 CMakeFiles/murmsnes.dir/Users/A2506402/pico/pico-sdk/src/rp2_common/hardware_sync_spin_lock/sync_spin_lock.c.o
 .text.spin_locks_reset
                0x1003a010       0x18 CMakeFiles/murmsnes.dir/Users/A2506402/pico/pico-sdk/src/rp2_common/hardware_sync_spin_lock/sync_spin_lock.c.o
                0x1003a010                spin_locks_reset
 .text.spin_lock_init
                0x1003a028       0x10 CMakeFiles/murmsnes.dir/Users/A2506402/pico/pico-sdk/src/rp2_common/hardware_sync_spin_lock/sync_spin_lock.c.o
                0x1003a028                spin_lock_init
 .text.runtime_init_per_core_irq_priorities
                0x1003a038       0x40 CMakeFiles/murmsnes.dir/Users/A2506402/pico/pico-sdk/src/rp2_common/hardware_irq/irq.c.o
                0x1003a038                runtime_init_per_core_irq_priorities
 .text.irq_set_enabled
                0x1003a078       0x2c CMakeFiles/murmsnes.dir/Users/A2506402/pico/pico-sdk/src/rp2_common/hardware_irq/irq.c.o
                0x1003a078                irq_set_enabled
 .text.irq_is_enabled
                0x1003a0a4       0x20 CMakeFiles/murmsnes.dir/Users/A2506402/pico/pico-sdk/src/rp2_common/hardware_irq/irq.c.o
                0x1003a0a4                irq_is_enabled
 .text.irq_set_pending
                0x1003a0c4       0x18 CMakeFiles/murmsnes.dir/Users/A2506402/pico/pico-sdk/src/rp2_common/hardware_irq/irq.c.o
                0x1003a0c4                irq_set_pending
 .text.irq_has_shared_handler
                0x1003a0dc       0x20 CMakeFiles/murmsnes.dir/Users/A2506402/pico/pico-sdk/src/rp2_common/hardware_irq/irq.c.o
                0x1003a0dc                irq_has_shared_handler
 .text.irq_set_exclusive_handler
                0x1003a0fc       0x60 CMakeFiles/murmsnes.dir/Users/A2506402/pico/pico-sdk/src/rp2_common/hardware_irq/irq.c.o
                0x1003a0fc                irq_set_exclusive_handler
 .text.irq_get_exclusive_handler
                0x1003a15c       0x60 CMakeFiles/murmsnes.dir/Users/A2506402/pico/pico-sdk/src/rp2_common/hardware_irq/irq.c.o
                0x1003a15c                irq_get_exclusive_handler
 .text.irq_add_shared_handler
                0x1003a1bc      0x1e8 CMakeFiles/murmsnes.dir/Users/A2506402/pico/pico-sdk/src/rp2_common/hardware_irq/irq.c.o
                0x1003a1bc                irq_add_shared_handler
 .text.irq_remove_handler
                0x1003a3a4      0x1f4 CMakeFiles/murmsnes.dir/Users/A2506402/pico/pico-sdk/src/rp2_common/hardware_irq/irq.c.o
                0x1003a3a4                irq_remove_handler
 .text.irq_set_priority
                0x1003a598       0x28 CMakeFiles/murmsnes.dir/Users/A2506402/pico/pico-sdk/src/rp2_common/hardware_irq/irq.c.o
                0x1003a598                irq_set_priority
 .text.irq_add_tail_to_free_list
                0x1003a5c0       0xbc CMakeFiles/murmsnes.dir/Users/A2506402/pico/pico-sdk/src/rp2_common/hardware_irq/irq.c.o
                0x1003a5c0                irq_add_tail_to_free_list
 .text.user_irq_claim_unused
                0x1003a67c       0x28 CMakeFiles/murmsnes.dir/Users/A2506402/pico/pico-sdk/src/rp2_common/hardware_irq/irq.c.o
                0x1003a67c                user_irq_claim_unused
 .text.lock_init
                0x1003a6a4        0xc CMakeFiles/murmsnes.dir/Users/A2506402/pico/pico-sdk/src/common/pico_sync/lock_core.c.o
                0x1003a6a4                lock_init
 .text.runtime_init_mutex
                0x1003a6b0       0x4c CMakeFiles/murmsnes.dir/Users/A2506402/pico/pico-sdk/src/common/pico_sync/mutex.c.o
                0x1003a6b0                runtime_init_mutex
 .text.mutex_init
                0x1003a6fc       0x1c CMakeFiles/murmsnes.dir/Users/A2506402/pico/pico-sdk/src/common/pico_sync/mutex.c.o
                0x1003a6fc                mutex_init
 .text.critical_section_init
                0x1003a718       0x1c CMakeFiles/murmsnes.dir/Users/A2506402/pico/pico-sdk/src/common/pico_sync/critical_section.c.o
                0x1003a718                critical_section_init
 .text.critical_section_init_with_lock_num
                0x1003a734       0x10 CMakeFiles/murmsnes.dir/Users/A2506402/pico/pico-sdk/src/common/pico_sync/critical_section.c.o
                0x1003a734                critical_section_init_with_lock_num
 .text.sleep_until_callback
                0x1003a744       0x3c CMakeFiles/murmsnes.dir/Users/A2506402/pico/pico-sdk/src/common/pico_time/time.c.o
 .text.alarm_pool_irq_handler
                0x1003a780      0x2fc CMakeFiles/murmsnes.dir/Users/A2506402/pico/pico-sdk/src/common/pico_time/time.c.o
 .text.runtime_init_default_alarm_pool
                0x1003aa7c      0x100 CMakeFiles/murmsnes.dir/Users/A2506402/pico/pico-sdk/src/common/pico_time/time.c.o
                0x1003aa7c                runtime_init_default_alarm_pool
 .text.alarm_pool_get_default
                0x1003ab7c        0x8 CMakeFiles/murmsnes.dir/Users/A2506402/pico/pico-sdk/src/common/pico_time/time.c.o
                0x1003ab7c                alarm_pool_get_default
 .text.alarm_pool_add_alarm_at
                0x1003ab84       0xdc CMakeFiles/murmsnes.dir/Users/A2506402/pico/pico-sdk/src/common/pico_time/time.c.o
                0x1003ab84                alarm_pool_add_alarm_at
 .text.alarm_pool_add_alarm_at_force_in_context
                0x1003ac60       0xc8 CMakeFiles/murmsnes.dir/Users/A2506402/pico/pico-sdk/src/common/pico_time/time.c.o
                0x1003ac60                alarm_pool_add_alarm_at_force_in_context
 .text.alarm_pool_cancel_alarm
                0x1003ad28       0x80 CMakeFiles/murmsnes.dir/Users/A2506402/pico/pico-sdk/src/common/pico_time/time.c.o
                0x1003ad28                alarm_pool_cancel_alarm
 .text.alarm_pool_core_num
                0x1003ada8        0x4 CMakeFiles/murmsnes.dir/Users/A2506402/pico/pico-sdk/src/common/pico_time/time.c.o
                0x1003ada8                alarm_pool_core_num
 .text.sleep_ms
                0x1003adac       0xdc CMakeFiles/murmsnes.dir/Users/A2506402/pico/pico-sdk/src/common/pico_time/time.c.o
                0x1003adac                sleep_ms
 .text.best_effort_wfe_or_timeout
                0x1003ae88       0xd4 CMakeFiles/murmsnes.dir/Users/A2506402/pico/pico-sdk/src/common/pico_time/time.c.o
                0x1003ae88                best_effort_wfe_or_timeout
 .text.timer_hardware_alarm_claim
                0x1003af5c       0x24 CMakeFiles/murmsnes.dir/Users/A2506402/pico/pico-sdk/src/rp2_common/hardware_timer/timer.c.o
                0x1003af5c                timer_hardware_alarm_claim
 .text.timer_time_us_64
                0x1003af80       0x10 CMakeFiles/murmsnes.dir/Users/A2506402/pico/pico-sdk/src/rp2_common/hardware_timer/timer.c.o
                0x1003af80                timer_time_us_64
 .text.time_us_64
                0x1003af90       0x14 CMakeFiles/murmsnes.dir/Users/A2506402/pico/pico-sdk/src/rp2_common/hardware_timer/timer.c.o
                0x1003af90                time_us_64
 .text.busy_wait_us_32
                0x1003afa4       0x74 CMakeFiles/murmsnes.dir/Users/A2506402/pico/pico-sdk/src/rp2_common/hardware_timer/timer.c.o
                0x1003afa4                busy_wait_us_32
 .text.busy_wait_us
                0x1003b018       0x5c CMakeFiles/murmsnes.dir/Users/A2506402/pico/pico-sdk/src/rp2_common/hardware_timer/timer.c.o
                0x1003b018                busy_wait_us
 .text.busy_wait_until
                0x1003b074       0x24 CMakeFiles/murmsnes.dir/Users/A2506402/pico/pico-sdk/src/rp2_common/hardware_timer/timer.c.o
                0x1003b074                busy_wait_until
 .text.clock_configure_undivided
                0x1003b098       0xd0 CMakeFiles/murmsnes.dir/Users/A2506402/pico/pico-sdk/src/rp2_common/hardware_clocks/clocks.c.o
                0x1003b098                clock_configure_undivided
 .text.clock_get_hz
                0x1003b168        0xc CMakeFiles/murmsnes.dir/Users/A2506402/pico/pico-sdk/src/rp2_common/hardware_clocks/clocks.c.o
                0x1003b168                clock_get_hz
 .text.set_sys_clock_pll
                0x1003b174      0x184 CMakeFiles/murmsnes.dir/Users/A2506402/pico/pico-sdk/src/rp2_common/hardware_clocks/clocks.c.o
                0x1003b174                set_sys_clock_pll
 .text.check_sys_clock_khz
                0x1003b2f8      0x19c CMakeFiles/murmsnes.dir/Users/A2506402/pico/pico-sdk/src/rp2_common/hardware_clocks/clocks.c.o
                0x1003b2f8                check_sys_clock_khz
 .text.pll_init
                0x1003b494       0x8c CMakeFiles/murmsnes.dir/Users/A2506402/pico/pico-sdk/src/rp2_common/hardware_pll/pll.c.o
                0x1003b494                pll_init
 .text.vreg_set_voltage
                0x1003b520       0x44 CMakeFiles/murmsnes.dir/Users/A2506402/pico/pico-sdk/src/rp2_common/hardware_vreg/vreg.c.o
                0x1003b520                vreg_set_voltage
 .text.vreg_disable_voltage_limit
                0x1003b564       0x10 CMakeFiles/murmsnes.dir/Users/A2506402/pico/pico-sdk/src/rp2_common/hardware_vreg/vreg.c.o
                0x1003b564                vreg_disable_voltage_limit
 .text.watchdog_reboot
                0x1003b574       0x98 CMakeFiles/murmsnes.dir/Users/A2506402/pico/pico-sdk/src/rp2_common/hardware_watchdog/watchdog.c.o
                0x1003b574                watchdog_reboot
 .text.tick_start
                0x1003b60c       0x18 CMakeFiles/murmsnes.dir/Users/A2506402/pico/pico-sdk/src/rp2_common/hardware_ticks/ticks.c.o
                0x1003b60c                tick_start
 .text.rom_reboot.constprop.0.isra.0
                0x1003b624       0x34 CMakeFiles/murmsnes.dir/Users/A2506402/pico/pico-sdk/src/rp2_common/pico_bootrom/bootrom.c.o
 .text.rom_func_lookup
                0x1003b658       0x18 CMakeFiles/murmsnes.dir/Users/A2506402/pico/pico-sdk/src/rp2_common/pico_bootrom/bootrom.c.o
                0x1003b658                rom_func_lookup
 .text.rom_reset_usb_boot_extra
                0x1003b670       0x1c CMakeFiles/murmsnes.dir/Users/A2506402/pico/pico-sdk/src/rp2_common/pico_bootrom/bootrom.c.o
                0x1003b670                rom_reset_usb_boot_extra
 .text.runtime_init_bootrom_locking_enable
                0x1003b68c       0x14 CMakeFiles/murmsnes.dir/Users/A2506402/pico/pico-sdk/src/rp2_common/pico_bootrom/bootrom_lock.c.o
                0x1003b68c                runtime_init_bootrom_locking_enable
 .text.runtime_init_boot_locks_reset
                0x1003b6a0       0x1c CMakeFiles/murmsnes.dir/Users/A2506402/pico/pico-sdk/src/rp2_common/hardware_boot_lock/boot_lock.c.o
                0x1003b6a0                runtime_init_boot_locks_reset
 .text.xosc_init
                0x1003b6bc       0x30 CMakeFiles/murmsnes.dir/Users/A2506402/pico/pico-sdk/src/rp2_common/hardware_xosc/xosc.c.o
                0x1003b6bc                xosc_init
 .text.first_per_core_initializer
                0x1003b6ec        0x4 CMakeFiles/murmsnes.dir/Users/A2506402/pico/pico-sdk/src/rp2_common/pico_runtime/runtime.c.o
 .text.hard_assertion_failure
                0x1003b6f0        0xc CMakeFiles/murmsnes.dir/Users/A2506402/pico/pico-sdk/src/rp2_common/pico_runtime/runtime.c.o
                0x1003b6f0                hard_assertion_failure
 .text.runtime_run_initializers
                0x1003b6fc       0x20 CMakeFiles/murmsnes.dir/Users/A2506402/pico/pico-sdk/src/rp2_common/pico_runtime/runtime.c.o
                0x1003b6fc                runtime_run_initializers
 .text.runtime_run_per_core_initializers
                0x1003b71c       0x20 CMakeFiles/murmsnes.dir/Users/A2506402/pico/pico-sdk/src/rp2_common/pico_runtime/runtime.c.o
                0x1003b71c                runtime_run_per_core_initializers
 .text.runtime_init_early_resets
                0x1003b73c       0x34 CMakeFiles/murmsnes.dir/Users/A2506402/pico/pico-sdk/src/rp2_common/pico_runtime_init/runtime_init.c.o
                0x1003b73c                runtime_init_early_resets
 .text.runtime_init_usb_power_down
                0x1003b770       0x1c CMakeFiles/murmsnes.dir/Users/A2506402/pico/pico-sdk/src/rp2_common/pico_runtime_init/runtime_init.c.o
                0x1003b770                runtime_init_usb_power_down
 .text.runtime_init_per_core_enable_coprocessors
                0x1003b78c       0x1c CMakeFiles/murmsnes.dir/Users/A2506402/pico/pico-sdk/src/rp2_common/pico_runtime_init/runtime_init.c.o
                0x1003b78c                runtime_init_per_core_enable_coprocessors
 .text.runtime_init_post_clock_resets
                0x1003b7a8       0x20 CMakeFiles/murmsnes.dir/Users/A2506402/pico/pico-sdk/src/rp2_common/pico_runtime_init/runtime_init.c.o
                0x1003b7a8                runtime_init_post_clock_resets
 .text.runtime_init_bootrom_reset
                0x1003b7c8       0x14 CMakeFiles/murmsnes.dir/Users/A2506402/pico/pico-sdk/src/rp2_common/pico_runtime_init/runtime_init.c.o
                0x1003b7c8                runtime_init_bootrom_reset
 .text.runtime_init_per_core_bootrom_reset
                0x1003b7dc       0x14 CMakeFiles/murmsnes.dir/Users/A2506402/pico/pico-sdk/src/rp2_common/pico_runtime_init/runtime_init.c.o
                0x1003b7dc                runtime_init_per_core_bootrom_reset
 .text.runtime_init_spin_locks_reset
                0x1003b7f0        0x4 CMakeFiles/murmsnes.dir/Users/A2506402/pico/pico-sdk/src/rp2_common/pico_runtime_init/runtime_init.c.o
                0x1003b7f0                runtime_init_spin_locks_reset
 .text.runtime_init_install_ram_vector_table
                0x1003b7f4       0x68 CMakeFiles/murmsnes.dir/Users/A2506402/pico/pico-sdk/src/rp2_common/pico_runtime_init/runtime_init.c.o
                0x1003b7f4                runtime_init_install_ram_vector_table
 .text.runtime_init_clocks
                0x1003b85c       0xdc CMakeFiles/murmsnes.dir/Users/A2506402/pico/pico-sdk/src/rp2_common/pico_runtime_init/runtime_init_clocks.c.o
                0x1003b85c                runtime_init_clocks
 .text.__rp2350_dcp_engaged_state_save_restore
                0x1003b938       0x3a CMakeFiles/murmsnes.dir/Users/A2506402/pico/pico-sdk/src/rp2_common/pico_double/double_aeabi_dcp.S.o
 *fill*         0x1003b972        0x2 
 .text.__wrap___aeabi_dadd
                0x1003b974       0x28 CMakeFiles/murmsnes.dir/Users/A2506402/pico/pico-sdk/src/rp2_common/pico_double/double_aeabi_dcp.S.o
                0x1003b97c                __wrap___aeabi_dadd
 .text.__wrap___aeabi_dsub
                0x1003b99c       0x28 CMakeFiles/murmsnes.dir/Users/A2506402/pico/pico-sdk/src/rp2_common/pico_double/double_aeabi_dcp.S.o
                0x1003b9a4                __wrap___aeabi_dsub
 .text.__wrap___aeabi_dmul
                0x1003b9c4       0x4c CMakeFiles/murmsnes.dir/Users/A2506402/pico/pico-sdk/src/rp2_common/pico_double/double_aeabi_dcp.S.o
                0x1003b9cc                __wrap___aeabi_dmul
 .text.__wrap___aeabi_ddiv
                0x1003ba10       0x9c CMakeFiles/murmsnes.dir/Users/A2506402/pico/pico-sdk/src/rp2_common/pico_double/double_aeabi_dcp.S.o
                0x1003ba18                __wrap___aeabi_ddiv
 .text.__wrap___aeabi_i2d
                0x1003baac       0x24 CMakeFiles/murmsnes.dir/Users/A2506402/pico/pico-sdk/src/rp2_common/pico_double/double_aeabi_dcp.S.o
                0x1003bab4                __wrap___aeabi_i2d
                0x1003bab4                int2double
 .text.__wrap___aeabi_ui2d
                0x1003bad0       0x24 CMakeFiles/murmsnes.dir/Users/A2506402/pico/pico-sdk/src/rp2_common/pico_double/double_aeabi_dcp.S.o
                0x1003bad8                __wrap___aeabi_ui2d
                0x1003bad8                uint2double
 .text.__wrap___aeabi_d2iz
                0x1003baf4       0x24 CMakeFiles/murmsnes.dir/Users/A2506402/pico/pico-sdk/src/rp2_common/pico_double/double_aeabi_dcp.S.o
                0x1003bafc                __wrap___aeabi_d2iz
                0x1003bafc                double2int_z
 .text.__wrap___aeabi_d2uiz
                0x1003bb18       0x24 CMakeFiles/murmsnes.dir/Users/A2506402/pico/pico-sdk/src/rp2_common/pico_double/double_aeabi_dcp.S.o